Archive member included because of file (symbol)

C:\Users\gmtii\workspace\disco-noFB\libs\libarm_cortexM4lf_math_r4p5.a(arm_const_structs.o)
                              ./src/ui/ui.o (arm_cfft_sR_f32_len1024)
C:\Users\gmtii\workspace\disco-noFB\libs\libarm_cortexM4lf_math_r4p5.a(arm_common_tables.o)
                              C:\Users\gmtii\workspace\disco-noFB\libs\libarm_cortexM4lf_math_r4p5.a(arm_const_structs.o) (armBitRevIndexTable_fixed_4096)
C:\Users\gmtii\workspace\disco-noFB\libs\libarm_cortexM4lf_math_r4p5.a(arm_fill_f32.o)
                              ./src/codec/audio.o (arm_fill_f32)
C:\Users\gmtii\workspace\disco-noFB\libs\libarm_cortexM4lf_math_r4p5.a(arm_copy_q15.o)
                              ./src/ui/ui.o (arm_copy_q15)
C:\Users\gmtii\workspace\disco-noFB\libs\libarm_cortexM4lf_math_r4p5.a(arm_copy_f32.o)
                              ./src/ui/ui.o (arm_copy_f32)
C:\Users\gmtii\workspace\disco-noFB\libs\libarm_cortexM4lf_math_r4p5.a(arm_min_q15.o)
                              ./src/ui/ui.o (arm_min_q15)
C:\Users\gmtii\workspace\disco-noFB\libs\libarm_cortexM4lf_math_r4p5.a(arm_min_f32.o)
                              ./src/ui/ui.o (arm_min_f32)
C:\Users\gmtii\workspace\disco-noFB\libs\libarm_cortexM4lf_math_r4p5.a(arm_mean_q15.o)
                              ./src/ui/ui.o (arm_mean_q15)
C:\Users\gmtii\workspace\disco-noFB\libs\libarm_cortexM4lf_math_r4p5.a(arm_mean_f32.o)
                              ./src/ui/ui.o (arm_mean_f32)
C:\Users\gmtii\workspace\disco-noFB\libs\libarm_cortexM4lf_math_r4p5.a(arm_max_q15.o)
                              ./src/ui/ui.o (arm_max_q15)
C:\Users\gmtii\workspace\disco-noFB\libs\libarm_cortexM4lf_math_r4p5.a(arm_max_f32.o)
                              ./src/ui/ui.o (arm_max_f32)
C:\Users\gmtii\workspace\disco-noFB\libs\libarm_cortexM4lf_math_r4p5.a(arm_cfft_f32.o)
                              ./src/ui/ui.o (arm_cfft_f32)
C:\Users\gmtii\workspace\disco-noFB\libs\libarm_cortexM4lf_math_r4p5.a(arm_lms_norm_init_f32.o)
                              ./src/codec/audio.o (arm_lms_norm_init_f32)
C:\Users\gmtii\workspace\disco-noFB\libs\libarm_cortexM4lf_math_r4p5.a(arm_lms_norm_f32.o)
                              ./src/codec/audio.o (arm_lms_norm_f32)
C:\Users\gmtii\workspace\disco-noFB\libs\libarm_cortexM4lf_math_r4p5.a(arm_iir_lattice_f32.o)
                              ./src/codec/audio.o (arm_iir_lattice_f32)
C:\Users\gmtii\workspace\disco-noFB\libs\libarm_cortexM4lf_math_r4p5.a(arm_fir_interpolate_f32.o)
                              ./src/codec/audio.o (arm_fir_interpolate_f32)
C:\Users\gmtii\workspace\disco-noFB\libs\libarm_cortexM4lf_math_r4p5.a(arm_fir_init_f32.o)
                              ./src/ui/ui.o (arm_fir_init_f32)
C:\Users\gmtii\workspace\disco-noFB\libs\libarm_cortexM4lf_math_r4p5.a(arm_fir_f32.o)
                              ./src/codec/audio.o (arm_fir_f32)
C:\Users\gmtii\workspace\disco-noFB\libs\libarm_cortexM4lf_math_r4p5.a(arm_fir_decimate_f32.o)
                              ./src/codec/audio.o (arm_fir_decimate_f32)
C:\Users\gmtii\workspace\disco-noFB\libs\libarm_cortexM4lf_math_r4p5.a(arm_cmplx_mag_f32.o)
                              ./src/ui/ui.o (arm_cmplx_mag_f32)
C:\Users\gmtii\workspace\disco-noFB\libs\libarm_cortexM4lf_math_r4p5.a(arm_sin_f32.o)
                              ./src/ui/ui.o (arm_sin_f32)
C:\Users\gmtii\workspace\disco-noFB\libs\libarm_cortexM4lf_math_r4p5.a(arm_cos_f32.o)
                              ./src/ui/ui.o (arm_cos_f32)
C:\Users\gmtii\workspace\disco-noFB\libs\libarm_cortexM4lf_math_r4p5.a(arm_sub_f32.o)
                              ./src/ui/ui.o (arm_sub_f32)
C:\Users\gmtii\workspace\disco-noFB\libs\libarm_cortexM4lf_math_r4p5.a(arm_scale_f32.o)
                              ./src/ui/ui.o (arm_scale_f32)
C:\Users\gmtii\workspace\disco-noFB\libs\libarm_cortexM4lf_math_r4p5.a(arm_mult_f32.o)
                              ./src/codec/audio.o (arm_mult_f32)
C:\Users\gmtii\workspace\disco-noFB\libs\libarm_cortexM4lf_math_r4p5.a(arm_add_f32.o)
                              ./src/ui/ui.o (arm_add_f32)
C:\Users\gmtii\workspace\disco-noFB\libs\libarm_cortexM4lf_math_r4p5.a(arm_bitreversal2.o)
                              C:\Users\gmtii\workspace\disco-noFB\libs\libarm_cortexM4lf_math_r4p5.a(arm_cfft_f32.o) (arm_bitreversal_32)
C:\Users\gmtii\workspace\disco-noFB\libs\libarm_cortexM4lf_math_r4p5.a(arm_cfft_radix8_f32.o)
                              C:\Users\gmtii\workspace\disco-noFB\libs\libarm_cortexM4lf_math_r4p5.a(arm_cfft_f32.o) (arm_radix8_butterfly_f32)
C:\Users\gmtii\workspace\disco-noFB\libs\libm.a(lib_a-s_cos.o)
                              ./src/ra8875/ui_ra8875.o (cos)
C:\Users\gmtii\workspace\disco-noFB\libs\libm.a(lib_a-s_pow10.o)
                              ./src/ui/ui.o (pow10)
C:\Users\gmtii\workspace\disco-noFB\libs\libm.a(lib_a-s_round.o)
                              ./src/ra8875/ui_ra8875.o (round)
[...]
Memory Configuration

Name             Origin             Length             Attributes
RAM              0x20000000         0x00030000         xrw
CCMRAM           0x10000000         0x00010000         xrw
FLASH            0x08000000         0x00200000         xr
FLASHB1          0x00000000         0x00000000         xr
EXTMEMB0         0x00000000         0x00000000         xr
EXTMEMB1         0x00000000         0x00000000         xr
EXTMEMB2         0x00000000         0x00000000         xr
EXTMEMB3         0x00000000         0x00000000         xr
MEMORY_ARRAY     0x20002000         0x00000020         xrw
*default*        0x00000000         0xffffffff

Linker script and memory map

LOAD ./system/src/stm32f4/misc.o
LOAD ./system/src/stm32f4/stm32f4xx_adc.o
LOAD ./system/src/stm32f4/stm32f4xx_dma.o
LOAD ./system/src/stm32f4/stm32f4xx_dma2d.o
LOAD ./system/src/stm32f4/stm32f4xx_fmc.o
LOAD ./system/src/stm32f4/stm32f4xx_gpio.o
LOAD ./system/src/stm32f4/stm32f4xx_i2c.o
LOAD ./system/src/stm32f4/stm32f4xx_ltdc.o
LOAD ./system/src/stm32f4/stm32f4xx_rcc.o
LOAD ./system/src/stm32f4/stm32f4xx_spi.o
LOAD ./system/src/stm32f4/stm32f4xx_tim.o
LOAD ./system/src/stm32f4/stm32f4xx_usart.o
LOAD ./system/src/newlib/_cxx.o
LOAD ./system/src/newlib/_exit.o
LOAD ./system/src/newlib/_sbrk.o
LOAD ./system/src/newlib/_startup.o
LOAD ./system/src/newlib/_syscalls.o
LOAD ./system/src/newlib/assert.o
LOAD ./system/src/diag/Trace.o
LOAD ./system/src/diag/trace_impl.o
LOAD ./system/src/cortexm/_initialize_hardware.o
LOAD ./system/src/cortexm/_reset_hardware.o
LOAD ./system/src/cortexm/exception_handlers.o
LOAD ./system/src/cmsis/system_stm32f4xx.o
LOAD ./system/src/cmsis/vectors_stm32f429xx.o
LOAD ./src/ui/ui.o
LOAD ./src/ugui/ugui.o
LOAD ./src/tm/tm_stm32f4_disco.o
LOAD ./src/tm/tm_stm32f4_dma.o
LOAD ./src/tm/tm_stm32f4_dma2d_graphic.o
LOAD ./src/tm/tm_stm32f4_fonts.o
LOAD ./src/tm/tm_stm32f4_gpio.o
LOAD ./src/tm/tm_stm32f4_i2c.o
LOAD ./src/tm/tm_stm32f4_ili9341_button.o
LOAD ./src/tm/tm_stm32f4_ili9341_ltdc.o
LOAD ./src/tm/tm_stm32f4_sdram.o
LOAD ./src/tm/tm_stm32f4_spi.o
LOAD ./src/stdio/printf.o
LOAD ./src/si570/ui_si570.o
LOAD ./src/si5351/si5351.o
LOAD ./src/ra8875/gsl1680.o
LOAD ./src/ra8875/ui_ra8875.o
LOAD ./src/ra8875/ui_ra8875_fonts.o
LOAD ./src/i2c/mchf_hw_i2c.o
LOAD ./src/encoder/ui_rotary.o
LOAD ./src/codec/audio.o
LOAD ./src/codec/codec.o
LOAD ./src/codec/cyclesleep.o
LOAD ./src/codec/i2s.o
LOAD ./src/button/tm_stm32f4_button.o
LOAD ./src/button/tm_stm32f4_delay.o
LOAD ./src/button/tm_stm32f4_timer_properties.o
LOAD ./src/main.o
LOAD C:\Users\gmtii\workspace\disco-noFB\libs\libarm_cortexM4lf_math_r4p5.a
LOAD d:/stm32/gcc/bin/../lib/gcc/arm-none-eabi/4.9.3/../../../../arm-none-eabi/lib/armv7e-m/fpu\libstdc++_nano.a
LOAD C:\Users\gmtii\workspace\disco-noFB\libs\libm.a
START GROUP
LOAD d:/stm32/gcc/bin/../lib/gcc/arm-none-eabi/4.9.3/armv7e-m/fpu\libgcc.a
LOAD d:/stm32/gcc/bin/../lib/gcc/arm-none-eabi/4.9.3/../../../../arm-none-eabi/lib/armv7e-m/fpu\libg_nano.a
LOAD d:/stm32/gcc/bin/../lib/gcc/arm-none-eabi/4.9.3/../../../../arm-none-eabi/lib/armv7e-m/fpu\libc_nano.a
END GROUP
START GROUP
LOAD d:/stm32/gcc/bin/../lib/gcc/arm-none-eabi/4.9.3/armv7e-m/fpu\libgcc.a
LOAD d:/stm32/gcc/bin/../lib/gcc/arm-none-eabi/4.9.3/../../../../arm-none-eabi/lib/armv7e-m/fpu\libc_nano.a
END GROUP
                0x20030000                __stack = (ORIGIN (RAM) + 0x30000)
                0x20030000                _estack = __stack
                0x00000400                __Main_Stack_Size = 0x400
                0x00000400                PROVIDE (_Main_Stack_Size, __Main_Stack_Size)
                0x2002fc00                __Main_Stack_Limit = (__stack - __Main_Stack_Size)
                0x2002fc00                PROVIDE (_Main_Stack_Limit, __Main_Stack_Limit)
                0x00000100                _Minimum_Stack_Size = 0x100
                0x2002e358                PROVIDE (_Heap_Begin, _end_noinit)
                0x2002fc00                PROVIDE (_Heap_Limit, (__stack - __Main_Stack_Size))

.isr_vector     0x08000000      0x35c
 FILL mask 0xff
                0x08000000                __vectors_start = ABSOLUTE (.)
                0x08000000                __vectors_start__ = ABSOLUTE (.)
 *(.isr_vector)
 .isr_vector    0x08000000      0x1ac ./system/src/cmsis/vectors_stm32f429xx.o
                0x08000000                __isr_vectors
 *(.cfmconfig)
 *(.after_vectors .after_vectors.*)
 .after_vectors
                0x080001ac      0x138 ./system/src/newlib/_startup.o
                0x080001ac                _start
 .after_vectors
                0x080002e4       0x74 ./system/src/cortexm/exception_handlers.o
                0x080002e4                Reset_Handler
                0x080002e8                NMI_Handler
                0x080002ec                HardFault_Handler
                0x08000300                HardFault_Handler_C
                0x08000304                MemManage_Handler
                0x08000308                BusFault_Handler
                0x0800031c                BusFault_Handler_C
                0x08000320                UsageFault_Handler
                0x08000334                UsageFault_Handler_C
                0x08000338                SVC_Handler
                0x0800033c                DebugMon_Handler
                0x08000340                PendSV_Handler
 .after_vectors
                0x08000358        0x4 ./system/src/cmsis/vectors_stm32f429xx.o
                0x08000358                RTC_Alarm_IRQHandler
                0x08000358                HASH_RNG_IRQHandler
                0x08000358                EXTI2_IRQHandler
                0x08000358                TIM8_CC_IRQHandler
                0x08000358                UART8_IRQHandler
                0x08000358                SPI4_IRQHandler
                0x08000358                TIM1_CC_IRQHandler
                0x08000358                PVD_IRQHandler
                0x08000358                SDIO_IRQHandler
                0x08000358                TAMP_STAMP_IRQHandler
                0x08000358                CAN2_RX1_IRQHandler
                0x08000358                EXTI3_IRQHandler
                0x08000358                TIM8_TRG_COM_TIM14_IRQHandler
                0x08000358                TIM1_UP_TIM10_IRQHandler
                0x08000358                TIM8_UP_TIM13_IRQHandler
                0x08000358                I2C3_ER_IRQHandler
                0x08000358                EXTI0_IRQHandler
                0x08000358                I2C2_EV_IRQHandler
                0x08000358                CAN1_RX0_IRQHandler
                0x08000358                FPU_IRQHandler
                0x08000358                OTG_HS_WKUP_IRQHandler
                0x08000358                LTDC_ER_IRQHandler
                0x08000358                CAN2_SCE_IRQHandler
                0x08000358                SPI1_IRQHandler
                0x08000358                TIM6_DAC_IRQHandler
                0x08000358                TIM1_BRK_TIM9_IRQHandler
                0x08000358                DCMI_IRQHandler
                0x08000358                CAN2_RX0_IRQHandler
                0x08000358                USART6_IRQHandler
                0x08000358                USART3_IRQHandler
                0x08000358                CAN1_RX1_IRQHandler
                0x08000358                UART5_IRQHandler
                0x08000358                TIM4_IRQHandler
                0x08000358                I2C1_EV_IRQHandler
                0x08000358                UART4_IRQHandler
                0x08000358                TIM3_IRQHandler
                0x08000358                RCC_IRQHandler
                0x08000358                TIM8_BRK_TIM12_IRQHandler
                0x08000358                Default_Handler
                0x08000358                EXTI15_10_IRQHandler
                0x08000358                ADC_IRQHandler
                0x08000358                SPI5_IRQHandler
                0x08000358                TIM7_IRQHandler
                0x08000358                CAN2_TX_IRQHandler
                0x08000358                TIM5_IRQHandler
                0x08000358                I2C3_EV_IRQHandler
                0x08000358                EXTI9_5_IRQHandler
                0x08000358                RTC_WKUP_IRQHandler
                0x08000358                LTDC_IRQHandler
                0x08000358                ETH_WKUP_IRQHandler
                0x08000358                SPI2_IRQHandler
                0x08000358                OTG_HS_EP1_IN_IRQHandler
                0x08000358                CAN1_TX_IRQHandler
                0x08000358                EXTI4_IRQHandler
                0x08000358                ETH_IRQHandler
                0x08000358                OTG_HS_EP1_OUT_IRQHandler
                0x08000358                WWDG_IRQHandler
                0x08000358                SPI6_IRQHandler
                0x08000358                TIM2_IRQHandler
                0x08000358                OTG_FS_WKUP_IRQHandler
                0x08000358                TIM1_TRG_COM_TIM11_IRQHandler
                0x08000358                OTG_HS_IRQHandler
                0x08000358                DMA2D_IRQHandler
                0x08000358                EXTI1_IRQHandler
                0x08000358                UART7_IRQHandler
                0x08000358                USART2_IRQHandler
                0x08000358                I2C2_ER_IRQHandler
                0x08000358                CAN1_SCE_IRQHandler
                0x08000358                FLASH_IRQHandler
                0x08000358                USART1_IRQHandler
                0x08000358                OTG_FS_IRQHandler
                0x08000358                SPI3_IRQHandler
                0x08000358                I2C1_ER_IRQHandler
                0x08000358                FMC_IRQHandler
                0x08000358                SAI1_IRQHandler

.inits          0x0800035c       0x28
                0x0800035c                __data_regions_array_start = .
                0x0800035c        0x4 LONG 0x80404b8 LOADADDR (.data)
                0x08000360        0x4 LONG 0x20000000 ADDR (.data)
                0x08000364        0x4 LONG 0x20000490 (ADDR (.data) + SIZEOF (.data))
                0x08000368        0x4 LONG 0x80404b8 LOADADDR (.data_CCMRAM)
                0x0800036c        0x4 LONG 0x10000000 ADDR (.data_CCMRAM)
                0x08000370        0x4 LONG 0x10000000 (ADDR (.data_CCMRAM) + SIZEOF (.data_CCMRAM))
                0x08000374                __data_regions_array_end = .
                0x08000374                __bss_regions_array_start = .
                0x08000374        0x4 LONG 0x20000490 ADDR (.bss)
                0x08000378        0x4 LONG 0x2002e358 (ADDR (.bss) + SIZEOF (.bss))
                0x0800037c        0x4 LONG 0x10000000 ADDR (.bss_CCMRAM)
                0x08000380        0x4 LONG 0x10000000 (ADDR (.bss_CCMRAM) + SIZEOF (.bss_CCMRAM))
                0x08000384                __bss_regions_array_end = .
 *(.init)
 *(.fini)
                0x08000384                . = ALIGN (0x4)
                0x08000384                PROVIDE (__preinit_array_start, .)
 *(.preinit_array_sysinit .preinit_array_sysinit.*)
 *(.preinit_array_platform .preinit_array_platform.*)
 *(.preinit_array .preinit_array.*)
                0x08000384                PROVIDE (__preinit_array_end, .)
                0x08000384                . = ALIGN (0x4)
                0x08000384                PROVIDE (__init_array_start, .)
 *(SORT(.init_array.*))
 *(.init_array)
                0x08000384                PROVIDE (__init_array_end, .)
                0x08000384                . = ALIGN (0x4)
                0x08000384                PROVIDE (__fini_array_start, .)
 *(SORT(.fini_array.*))
 *(.fini_array)
                0x08000384                PROVIDE (__fini_array_end, .)

.flashtext
 *(.flashtext .flashtext.*)

.text           0x08000388    0x40128
 *(.text .text.*)
 .text.NVIC_Init
                0x08000388       0x70 ./system/src/stm32f4/misc.o
                0x08000388                NVIC_Init
 .text.DMA_DeInit
                0x080003f8      0x130 ./system/src/stm32f4/stm32f4xx_dma.o
                0x080003f8                DMA_DeInit
 .text.DMA_Init
                0x08000528       0x70 ./system/src/stm32f4/stm32f4xx_dma.o
                0x08000528                DMA_Init
 .text.DMA_StructInit
                0x08000598       0x24 ./system/src/stm32f4/stm32f4xx_dma.o
                0x08000598                DMA_StructInit
 .text.DMA_Cmd  0x080005bc       0x14 ./system/src/stm32f4/stm32f4xx_dma.o
                0x080005bc                DMA_Cmd
 .text.DMA_GetCmdStatus
                0x080005d0        0x8 ./system/src/stm32f4/stm32f4xx_dma.o
                0x080005d0                DMA_GetCmdStatus
 .text.DMA_GetFlagStatus
                0x080005d8       0x3c ./system/src/stm32f4/stm32f4xx_dma.o
                0x080005d8                DMA_GetFlagStatus
 .text.DMA_ClearFlag
                0x08000614       0x34 ./system/src/stm32f4/stm32f4xx_dma.o
                0x08000614                DMA_ClearFlag
 .text.DMA_ITConfig
                0x08000648       0x40 ./system/src/stm32f4/stm32f4xx_dma.o
                0x08000648                DMA_ITConfig
 .text.DMA_GetITStatus
                0x08000688       0x50 ./system/src/stm32f4/stm32f4xx_dma.o
                0x08000688                DMA_GetITStatus
 .text.DMA_ClearITPendingBit
                0x080006d8       0x34 ./system/src/stm32f4/stm32f4xx_dma.o
                0x080006d8                DMA_ClearITPendingBit
 .text.FMC_NORSRAMInit
                0x0800070c      0x114 ./system/src/stm32f4/stm32f4xx_fmc.o
                0x0800070c                FMC_NORSRAMInit
 .text.FMC_NORSRAMCmd
                0x08000820       0x20 ./system/src/stm32f4/stm32f4xx_fmc.o
                0x08000820                FMC_NORSRAMCmd
 .text.FMC_SDRAMInit
                0x08000840      0x114 ./system/src/stm32f4/stm32f4xx_fmc.o
                0x08000840                FMC_SDRAMInit
 .text.FMC_SDRAMCmdConfig
                0x08000954       0x20 ./system/src/stm32f4/stm32f4xx_fmc.o
                0x08000954                FMC_SDRAMCmdConfig
 .text.FMC_SetRefreshCount
                0x08000974       0x10 ./system/src/stm32f4/stm32f4xx_fmc.o
                0x08000974                FMC_SetRefreshCount
 .text.FMC_GetFlagStatus
                0x08000984       0x44 ./system/src/stm32f4/stm32f4xx_fmc.o
                0x08000984                FMC_GetFlagStatus
 .text.GPIO_Init
                0x080009c8       0xb4 ./system/src/stm32f4/stm32f4xx_gpio.o
                0x080009c8                GPIO_Init
 .text.GPIO_ReadInputDataBit
                0x08000a7c        0xc ./system/src/stm32f4/stm32f4xx_gpio.o
                0x08000a7c                GPIO_ReadInputDataBit
 .text.GPIO_SetBits
                0x08000a88        0x4 ./system/src/stm32f4/stm32f4xx_gpio.o
                0x08000a88                GPIO_SetBits
 .text.GPIO_ResetBits
                0x08000a8c        0x4 ./system/src/stm32f4/stm32f4xx_gpio.o
                0x08000a8c                GPIO_ResetBits
 .text.GPIO_ToggleBits
                0x08000a90        0x8 ./system/src/stm32f4/stm32f4xx_gpio.o
                0x08000a90                GPIO_ToggleBits
 .text.GPIO_PinAFConfig
                0x08000a98       0x28 ./system/src/stm32f4/stm32f4xx_gpio.o
                0x08000a98                GPIO_PinAFConfig
 .text.I2C_Init
                0x08000ac0       0xe8 ./system/src/stm32f4/stm32f4xx_i2c.o
                0x08000ac0                I2C_Init
 .text.I2C_GenerateSTART
                0x08000ba8       0x1c ./system/src/stm32f4/stm32f4xx_i2c.o
                0x08000ba8                I2C_GenerateSTART
 .text.I2C_GenerateSTOP
                0x08000bc4       0x1c ./system/src/stm32f4/stm32f4xx_i2c.o
                0x08000bc4                I2C_GenerateSTOP
 .text.I2C_Send7bitAddress
                0x08000be0       0x18 ./system/src/stm32f4/stm32f4xx_i2c.o
                0x08000be0                I2C_Send7bitAddress
 .text.I2C_AcknowledgeConfig
                0x08000bf8       0x1c ./system/src/stm32f4/stm32f4xx_i2c.o
                0x08000bf8                I2C_AcknowledgeConfig
 .text.I2C_SendData
                0x08000c14        0x4 ./system/src/stm32f4/stm32f4xx_i2c.o
                0x08000c14                I2C_SendData
 .text.I2C_ReceiveData
                0x08000c18        0x8 ./system/src/stm32f4/stm32f4xx_i2c.o
                0x08000c18                I2C_ReceiveData
 .text.I2C_CheckEvent
                0x08000c20       0x1c ./system/src/stm32f4/stm32f4xx_i2c.o
                0x08000c20                I2C_CheckEvent
 .text.I2C_GetFlagStatus
                0x08000c3c       0x38 ./system/src/stm32f4/stm32f4xx_i2c.o
                0x08000c3c                I2C_GetFlagStatus
 .text.I2C_ClearFlag
                0x08000c74        0x8 ./system/src/stm32f4/stm32f4xx_i2c.o
                0x08000c74                I2C_ClearFlag
 .text.RCC_MCO2Config
                0x08000c7c       0x14 ./system/src/stm32f4/stm32f4xx_rcc.o
                0x08000c7c                RCC_MCO2Config
 .text.RCC_GetClocksFreq
                0x08000c90       0x98 ./system/src/stm32f4/stm32f4xx_rcc.o
                0x08000c90                RCC_GetClocksFreq
 .text.RCC_AHB1PeriphClockCmd
                0x08000d28       0x18 ./system/src/stm32f4/stm32f4xx_rcc.o
                0x08000d28                RCC_AHB1PeriphClockCmd
 .text.RCC_AHB3PeriphClockCmd
                0x08000d40       0x18 ./system/src/stm32f4/stm32f4xx_rcc.o
                0x08000d40                RCC_AHB3PeriphClockCmd
 .text.RCC_APB1PeriphClockCmd
                0x08000d58       0x18 ./system/src/stm32f4/stm32f4xx_rcc.o
                0x08000d58                RCC_APB1PeriphClockCmd
 .text.RCC_APB2PeriphClockCmd
                0x08000d70       0x18 ./system/src/stm32f4/stm32f4xx_rcc.o
                0x08000d70                RCC_APB2PeriphClockCmd
 .text.RCC_APB1PeriphResetCmd
                0x08000d88       0x18 ./system/src/stm32f4/stm32f4xx_rcc.o
                0x08000d88                RCC_APB1PeriphResetCmd
 .text.RCC_APB2PeriphResetCmd
                0x08000da0       0x18 ./system/src/stm32f4/stm32f4xx_rcc.o
                0x08000da0                RCC_APB2PeriphResetCmd
 .text.SPI_I2S_DeInit
                0x08000db8       0xd0 ./system/src/stm32f4/stm32f4xx_spi.o
                0x08000db8                SPI_I2S_DeInit
 .text.I2S_Init
                0x08000e88      0x100 ./system/src/stm32f4/stm32f4xx_spi.o
                0x08000e88                I2S_Init
 .text.I2S_Cmd  0x08000f88       0x1c ./system/src/stm32f4/stm32f4xx_spi.o
                0x08000f88                I2S_Cmd
 .text.I2S_FullDuplexConfig
                0x08000fa4       0x48 ./system/src/stm32f4/stm32f4xx_spi.o
                0x08000fa4                I2S_FullDuplexConfig
 .text.SPI_I2S_DMACmd
                0x08000fec       0x14 ./system/src/stm32f4/stm32f4xx_spi.o
                0x08000fec                SPI_I2S_DMACmd
 .text.TIM_TimeBaseInit
                0x08001000       0x98 ./system/src/stm32f4/stm32f4xx_tim.o
                0x08001000                TIM_TimeBaseInit
 .text.TIM_GetCounter
                0x08001098        0x4 ./system/src/stm32f4/stm32f4xx_tim.o
                0x08001098                TIM_GetCounter
 .text.TIM_Cmd  0x0800109c       0x1c ./system/src/stm32f4/stm32f4xx_tim.o
                0x0800109c                TIM_Cmd
 .text.TIM_EncoderInterfaceConfig
                0x080010b8       0x40 ./system/src/stm32f4/stm32f4xx_tim.o
                0x080010b8                TIM_EncoderInterfaceConfig
 .text._exit    0x080010f8        0x8 ./system/src/newlib/_exit.o
                0x080010f8                _exit
 .text._sbrk    0x08001100       0x40 ./system/src/newlib/_sbrk.o
                0x08001100                _sbrk
 .text.__initialize_args
                0x08001140       0x10 ./system/src/newlib/_syscalls.o
                0x08001140                __initialize_args
 .text.__initialize_hardware_early
                0x08001150       0x24 ./system/src/cortexm/_initialize_hardware.o
                0x08001150                __initialize_hardware_early
 .text.__initialize_hardware
                0x08001174        0x4 ./system/src/cortexm/_initialize_hardware.o
                0x08001174                __initialize_hardware
 .text.__reset_hardware
                0x08001178       0x20 ./system/src/cortexm/_reset_hardware.o
                0x08001178                __reset_hardware
 .text.SystemInit
                0x08001198      0x140 ./system/src/cmsis/system_stm32f4xx.o
                0x08001198                SystemInit
 .text.SystemCoreClockUpdate
                0x080012d8       0x74 ./system/src/cmsis/system_stm32f4xx.o
                0x080012d8                SystemCoreClockUpdate
 *fill*         0x0800134c        0x4 
 .text.UiCalcRFGain
                0x08001350       0x58 ./src/ui/ui.o
                0x08001350                UiCalcRFGain
 .text.UiCalcRxPhaseAdj
                0x080013a8      0x4e8 ./src/ui/ui.o
                0x080013a8                UiCalcRxPhaseAdj
 .text.UiCalcRxIqGainAdj
                0x08001890       0x70 ./src/ui/ui.o
                0x08001890                UiCalcRxIqGainAdj
 .text.UiCalcNB_AGC
                0x08001900       0x90 ./src/ui/ui.o
                0x08001900                UiCalcNB_AGC
 .text.UiDriverChangeBandFilter
                0x08001990       0xa0 ./src/ui/ui.o
                0x08001990                UiDriverChangeBandFilter
 .text.UiDriverChangeAfGain
                0x08001a30       0x90 ./src/ui/ui.o
                0x08001a30                UiDriverChangeAfGain
 .text.UiDriverChangeCodecGain
                0x08001ac0       0xb4 ./src/ui/ui.o
                0x08001ac0                UiDriverChangeCodecGain
 .text.UiDriverChangeRfGain
                0x08001b74       0xb4 ./src/ui/ui.o
                0x08001b74                UiDriverChangeRfGain
 .text.UiDriverCheckFrequencyEncoder
                0x08001c28       0x64 ./src/ui/ui.o
                0x08001c28                UiDriverCheckFrequencyEncoder
 .text.UiDriverChangeSigProc
                0x08001c8c      0x148 ./src/ui/ui.o
                0x08001c8c                UiDriverChangeSigProc
 .text.UiDriverChangeDSPMode
                0x08001dd4      0x12c ./src/ui/ui.o
                0x08001dd4                UiDriverChangeDSPMode
 .text.UiDriverHandleSmeter
                0x08001f00      0x244 ./src/ui/ui.o
                0x08001f00                UiDriverHandleSmeter
 *fill*         0x08002144        0x4 
 .text.UiDriverFFTWindowFunction
                0x08002148      0x464 ./src/ui/ui.o
                0x08002148                UiDriverFFTWindowFunction
 .text.UiDriverInitSpectrumDisplay
                0x080025ac      0x138 ./src/ui/ui.o
                0x080025ac                UiDriverInitSpectrumDisplay
 .text.UiDriverInitFrequency
                0x080026e4       0xb0 ./src/ui/ui.o
                0x080026e4                UiDriverInitFrequency
 .text.UiDriverDisplayFilterBW
                0x08002794      0x3e8 ./src/ui/ui.o
                0x08002794                UiDriverDisplayFilterBW
 .text.UiDriverChangeFilter
                0x08002b7c       0xfc ./src/ui/ui.o
                0x08002b7c                UiDriverChangeFilter
 .text.UiDriverUpdateLcdFreq
                0x08002c78      0x28c ./src/ui/ui.o
                0x08002c78                UiDriverUpdateLcdFreq
 .text.UiDriverShowStep
                0x08002f04      0x1a8 ./src/ui/ui.o
                0x08002f04                UiDriverShowStep
 .text.UiDriverChangeTunningStep
                0x080030ac       0x34 ./src/ui/ui.o
                0x080030ac                UiDriverChangeTunningStep
 .text.UiDriverShowBand
                0x080030e0      0x148 ./src/ui/ui.o
                0x080030e0                UiDriverShowBand
 .text.UiDriverShowMode
                0x08003228       0xc8 ./src/ui/ui.o
                0x08003228                UiDriverShowMode
 .text.UiDriverChangeBand
                0x080032f0       0xa4 ./src/ui/ui.o
                0x080032f0                UiDriverChangeBand
 .text.UiDrawSpectrumScopeFrequencyBarText
                0x08003394      0x220 ./src/ui/ui.o
                0x08003394                UiDrawSpectrumScopeFrequencyBarText
 .text.UiDriverCreateSpectrumScope
                0x080035b4      0x344 ./src/ui/ui.o
                0x080035b4                UiDriverCreateSpectrumScope
 .text.UiDriverReDrawWaterfallDisplay
                0x080038f8      0x710 ./src/ui/ui.o
                0x080038f8                UiDriverReDrawWaterfallDisplay
 .text.UiInitSpectrumScopeWaterfall
                0x08004008       0x2c ./src/ui/ui.o
                0x08004008                UiInitSpectrumScopeWaterfall
 .text.UiDriverUpdateSecondLcdFreq
                0x08004034      0x358 ./src/ui/ui.o
                0x08004034                UiDriverUpdateSecondLcdFreq
 .text.UiDriverCheckBand
                0x0800438c       0x88 ./src/ui/ui.o
                0x0800438c                UiDriverCheckBand
 *fill*         0x08004414        0x4 
 .text.UiDriverUpdateFrequency
                0x08004418      0x170 ./src/ui/ui.o
                0x08004418                UiDriverUpdateFrequency
 .text.UiDriverChangeVariable_1
                0x08004588       0x9c ./src/ui/ui.o
                0x08004588                UiDriverChangeVariable_1
 .text.UiDriverChangeVariable_2
                0x08004624       0x90 ./src/ui/ui.o
                0x08004624                UiDriverChangeVariable_2
 .text.UiDriverCreateDesktop
                0x080046b4       0x9c ./src/ui/ui.o
                0x080046b4                UiDriverCreateDesktop
 .text.ui_driver_init
                0x08004750       0x48 ./src/ui/ui.o
                0x08004750                ui_driver_init
 .text.UiDriverIndicadorFiltro
                0x08004798       0x38 ./src/ui/ui.o
                0x08004798                UiDriverIndicadorFiltro
 .text.UiCalcAGCDecay
                0x080047d0       0x6c ./src/ui/ui.o
                0x080047d0                UiCalcAGCDecay
 .text.UiDriverCheckEncoderTwo
                0x0800483c      0x664 ./src/ui/ui.o
                0x0800483c                UiDriverCheckEncoderTwo
 .text.UG_Init  0x08004ea0       0x68 ./src/ugui/ugui.o
                0x08004ea0                UG_Init
 .text.UG_DriverRegister
                0x08004f08       0x1c ./src/ugui/ugui.o
                0x08004f08                UG_DriverRegister
 .text.UG_DriverEnable
                0x08004f24       0x24 ./src/ugui/ugui.o
                0x08004f24                UG_DriverEnable
 .text._HW_DrawLine
                0x08004f48       0x14 ./src/ugui/ugui.o
                0x08004f48                _HW_DrawLine
 .text._HW_FillFrame
                0x08004f5c       0x1c ./src/ugui/ugui.o
                0x08004f5c                _HW_FillFrame
 .text.TM_DMA_TransferCompleteHandler
                0x08004f78        0x4 ./src/tm/tm_stm32f4_dma.o
                0x08004f78                TM_DMA_TransferCompleteHandler
 .text.TM_DMA_HalfTransferCompleteHandler
                0x08004f7c        0x4 ./src/tm/tm_stm32f4_dma.o
                0x08004f7c                TM_DMA_HalfTransferCompleteHandler
 .text.TM_DMA_TransferErrorHandler
                0x08004f80        0x4 ./src/tm/tm_stm32f4_dma.o
                0x08004f80                TM_DMA_TransferErrorHandler
 .text.TM_DMA_DirectModeErrorHandler
                0x08004f84        0x4 ./src/tm/tm_stm32f4_dma.o
                0x08004f84                TM_DMA_DirectModeErrorHandler
 .text.TM_DMA_FIFOErrorHandler
                0x08004f88        0x4 ./src/tm/tm_stm32f4_dma.o
                0x08004f88                TM_DMA_FIFOErrorHandler
 .text.TM_DMA_INT_ProcessInterrupt
                0x08004f8c      0x10c ./src/tm/tm_stm32f4_dma.o
 .text.DMA1_Stream0_IRQHandler
                0x08005098        0xc ./src/tm/tm_stm32f4_dma.o
                0x08005098                DMA1_Stream0_IRQHandler
 .text.DMA1_Stream1_IRQHandler
                0x080050a4        0xc ./src/tm/tm_stm32f4_dma.o
                0x080050a4                DMA1_Stream1_IRQHandler
 .text.DMA1_Stream3_IRQHandler
                0x080050b0        0xc ./src/tm/tm_stm32f4_dma.o
                0x080050b0                DMA1_Stream3_IRQHandler
 .text.DMA1_Stream4_IRQHandler
                0x080050bc        0xc ./src/tm/tm_stm32f4_dma.o
                0x080050bc                DMA1_Stream4_IRQHandler
 .text.DMA1_Stream5_IRQHandler
                0x080050c8        0xc ./src/tm/tm_stm32f4_dma.o
                0x080050c8                DMA1_Stream5_IRQHandler
 .text.DMA1_Stream6_IRQHandler
                0x080050d4        0xc ./src/tm/tm_stm32f4_dma.o
                0x080050d4                DMA1_Stream6_IRQHandler
 .text.DMA1_Stream7_IRQHandler
                0x080050e0        0xc ./src/tm/tm_stm32f4_dma.o
                0x080050e0                DMA1_Stream7_IRQHandler
 .text.DMA2_Stream0_IRQHandler
                0x080050ec        0xc ./src/tm/tm_stm32f4_dma.o
                0x080050ec                DMA2_Stream0_IRQHandler
 .text.DMA2_Stream1_IRQHandler
                0x080050f8        0xc ./src/tm/tm_stm32f4_dma.o
                0x080050f8                DMA2_Stream1_IRQHandler
 .text.DMA2_Stream2_IRQHandler
                0x08005104        0xc ./src/tm/tm_stm32f4_dma.o
                0x08005104                DMA2_Stream2_IRQHandler
 .text.DMA2_Stream3_IRQHandler
                0x08005110        0xc ./src/tm/tm_stm32f4_dma.o
                0x08005110                DMA2_Stream3_IRQHandler
 .text.DMA2_Stream4_IRQHandler
                0x0800511c        0xc ./src/tm/tm_stm32f4_dma.o
                0x0800511c                DMA2_Stream4_IRQHandler
 .text.DMA2_Stream5_IRQHandler
                0x08005128        0xc ./src/tm/tm_stm32f4_dma.o
                0x08005128                DMA2_Stream5_IRQHandler
 .text.DMA2_Stream6_IRQHandler
                0x08005134        0xc ./src/tm/tm_stm32f4_dma.o
                0x08005134                DMA2_Stream6_IRQHandler
 .text.TM_GPIO_INT_Init
                0x08005140       0xbc ./src/tm/tm_stm32f4_gpio.o
                0x08005140                TM_GPIO_INT_Init
 .text.TM_GPIO_Init
                0x080051fc       0x40 ./src/tm/tm_stm32f4_gpio.o
                0x080051fc                TM_GPIO_Init
 .text.TM_GPIO_InitAlternate
                0x0800523c       0x7c ./src/tm/tm_stm32f4_gpio.o
                0x0800523c                TM_GPIO_InitAlternate
 .text.TM_I2C_InitCustomPinsCallback
                0x080052b8        0x4 ./src/tm/tm_stm32f4_i2c.o
                0x080052b8                TM_I2C_InitCustomPinsCallback
 .text.TM_I2C_Init
                0x080052bc      0x1c8 ./src/tm/tm_stm32f4_i2c.o
                0x080052bc                TM_I2C_Init
 .text.TM_I2C_Start
                0x08005484       0x90 ./src/tm/tm_stm32f4_i2c.o
                0x08005484                TM_I2C_Start
 .text.TM_I2C_ReadAck
                0x08005514       0x40 ./src/tm/tm_stm32f4_i2c.o
                0x08005514                TM_I2C_ReadAck
 .text.TM_I2C_ReadNack
                0x08005554       0x4c ./src/tm/tm_stm32f4_i2c.o
                0x08005554                TM_I2C_ReadNack
 .text.TM_I2C_ReadMulti
                0x080055a0       0x7c ./src/tm/tm_stm32f4_i2c.o
                0x080055a0                TM_I2C_ReadMulti
 .text.TM_I2C_Stop
                0x0800561c       0x34 ./src/tm/tm_stm32f4_i2c.o
                0x0800561c                TM_I2C_Stop
 .text.TM_I2C_Write
                0x08005650       0x74 ./src/tm/tm_stm32f4_i2c.o
                0x08005650                TM_I2C_Write
 .text.TM_I2C_WriteMulti
                0x080056c4       0x90 ./src/tm/tm_stm32f4_i2c.o
                0x080056c4                TM_I2C_WriteMulti
 .text.TM_I2C_IsDeviceConnected
                0x08005754       0x1c ./src/tm/tm_stm32f4_i2c.o
                0x08005754                TM_I2C_IsDeviceConnected
 .text.LCD_Button_Add
                0x08005770       0x98 ./src/tm/tm_stm32f4_ili9341_button.o
                0x08005770                LCD_Button_Add
 .text.LCD_Button_Draw
                0x08005808      0x14c ./src/tm/tm_stm32f4_ili9341_button.o
                0x08005808                LCD_Button_Draw
 .text.LCD_Button_DrawAll
                0x08005954       0x2c ./src/tm/tm_stm32f4_ili9341_button.o
                0x08005954                LCD_Button_DrawAll
 .text.LCD_Button_Touch
                0x08005980       0x50 ./src/tm/tm_stm32f4_ili9341_button.o
                0x08005980                LCD_Button_Touch
 .text.TM_SDRAM_InitCustomPinsCallback
                0x080059d0        0x4 ./src/tm/tm_stm32f4_sdram.o
                0x080059d0                TM_SDRAM_InitCustomPinsCallback
 .text.TM_SDRAM_Init
                0x080059d4      0x238 ./src/tm/tm_stm32f4_sdram.o
                0x080059d4                TM_SDRAM_Init
 .text.PutUnsignedInt
                0x08005c0c       0x54 ./src/stdio/printf.o
                0x08005c0c                PutUnsignedInt
 .text.PutSignedInt
                0x08005c60       0x9c ./src/stdio/printf.o
                0x08005c60                PutSignedInt
 .text.PutHexa  0x08005cfc       0x68 ./src/stdio/printf.o
                0x08005cfc                PutHexa
 .text.vsnprintf
                0x08005d64      0x174 ./src/stdio/printf.o
                0x08005d64                vsnprintf
 .text.sprintf  0x08005ed8       0x20 ./src/stdio/printf.o
                0x08005ed8                sprintf
 .text.Si5351_multisynth_calc
                0x08005ef8      0x160 ./src/si5351/si5351.o
 .text.Si5351_set_pll
                0x08006058      0x1b0 ./src/si5351/si5351.o
                0x08006058                Si5351_set_pll
 .text.Si5351_set_correction
                0x08006208        0xc ./src/si5351/si5351.o
                0x08006208                Si5351_set_correction
 .text.Si5351_set_ms_source
                0x08006214       0x38 ./src/si5351/si5351.o
                0x08006214                Si5351_set_ms_source
 .text.Si5351_set_int
                0x0800624c       0x60 ./src/si5351/si5351.o
                0x0800624c                Si5351_set_int
 .text.Si5351_set_ms
                0x080062ac      0x1a4 ./src/si5351/si5351.o
                0x080062ac                Si5351_set_ms
 .text.Si5351_select_r_div
                0x08006450       0xf8 ./src/si5351/si5351.o
                0x08006450                Si5351_select_r_div
 .text.Si5351_set_freq
                0x08006548      0x3cc ./src/si5351/si5351.o
                0x08006548                Si5351_set_freq
 .text.gsl1680_pin_init
                0x08006914       0x5c ./src/ra8875/gsl1680.o
                0x08006914                gsl1680_pin_init
 .text.gsl1680_load_fw
                0x08006970       0x54 ./src/ra8875/gsl1680.o
                0x08006970                gsl1680_load_fw
 .text.gsl1680_read_data
                0x080069c4       0x74 ./src/ra8875/gsl1680.o
                0x080069c4                gsl1680_read_data
 .text.delay    0x08006a38       0x38 ./src/ra8875/gsl1680.o
 .text.gsl1680_clr_reg
                0x08006a70       0x5c ./src/ra8875/gsl1680.o
                0x08006a70                gsl1680_clr_reg
 .text.gsl1680_reset_chip
                0x08006acc       0x60 ./src/ra8875/gsl1680.o
                0x08006acc                gsl1680_reset_chip
 .text.gsl1680_init_chip
                0x08006b2c       0x78 ./src/ra8875/gsl1680.o
                0x08006b2c                gsl1680_init_chip
 .text.LCD_ParallelInit
                0x08006ba4      0x174 ./src/ra8875/ui_ra8875.o
                0x08006ba4                LCD_ParallelInit
 .text.LCD_FMCConfig
                0x08006d18       0x74 ./src/ra8875/ui_ra8875.o
                0x08006d18                LCD_FMCConfig
 .text.LCD_FMCConfig_Slow
                0x08006d8c       0x5c ./src/ra8875/ui_ra8875.o
                0x08006d8c                LCD_FMCConfig_Slow
 .text.LCD_TransferDataDMA
                0x08006de8       0xec ./src/ra8875/ui_ra8875.o
                0x08006de8                LCD_TransferDataDMA
 .text.DMA2_Stream7_IRQHandler
                0x08006ed4       0x28 ./src/ra8875/ui_ra8875.o
                0x08006ed4                DMA2_Stream7_IRQHandler
 .text.LCD_SetCursorA
                0x08006efc       0x64 ./src/ra8875/ui_ra8875.o
                0x08006efc                LCD_SetCursorA
 .text.LCD_SetForegroundColor
                0x08006f60       0x4c ./src/ra8875/ui_ra8875.o
                0x08006f60                LCD_SetForegroundColor
 .text.LCD_DrawStraightLine
                0x08006fac      0x188 ./src/ra8875/ui_ra8875.o
                0x08006fac                LCD_DrawStraightLine
 .text.LCD_fillRect
                0x08007134       0xec ./src/ra8875/ui_ra8875.o
                0x08007134                LCD_fillRect
 .text.LCD_DrawFullRect
                0x08007220       0xe0 ./src/ra8875/ui_ra8875.o
                0x08007220                LCD_DrawFullRect
 .text.LCD_SetActiveWindow
                0x08007300       0xac ./src/ra8875/ui_ra8875.o
                0x08007300                LCD_SetActiveWindow
 .text.LCD_OpenBulkWrite
                0x080073ac       0x2c ./src/ra8875/ui_ra8875.o
                0x080073ac                LCD_OpenBulkWrite
 .text.LCD_BulkWrite
                0x080073d8        0x4 ./src/ra8875/ui_ra8875.o
                0x080073d8                LCD_BulkWrite
 .text.LCD_CloseBulkWrite
                0x080073dc       0x34 ./src/ra8875/ui_ra8875.o
                0x080073dc                LCD_CloseBulkWrite
 .text.LCD_DrawChar
                0x08007410      0x178 ./src/ra8875/ui_ra8875.o
                0x08007410                LCD_DrawChar
 .text.LCD_DrawCharSegment
                0x08007588      0x128 ./src/ra8875/ui_ra8875.o
                0x08007588                LCD_DrawCharSegment
 .text.LCD_DrawPixel
                0x080076b0       0x20 ./src/ra8875/ui_ra8875.o
                0x080076b0                LCD_DrawPixel
 .text.LCD_ClearScreen
                0x080076d0       0x4c ./src/ra8875/ui_ra8875.o
                0x080076d0                LCD_ClearScreen
 .text.LCD_DrawEmptyRect
                0x0800771c       0xe0 ./src/ra8875/ui_ra8875.o
                0x0800771c                LCD_DrawEmptyRect
 .text.LCD_DrawHorizLineWithGrad
                0x080077fc       0x8c ./src/ra8875/ui_ra8875.o
                0x080077fc                LCD_DrawHorizLineWithGrad
 .text.LCD_PrintText
                0x08007888       0xe8 ./src/ra8875/ui_ra8875.o
                0x08007888                LCD_PrintText
 .text.LCD_TextHeight
                0x08007970       0x18 ./src/ra8875/ui_ra8875.o
                0x08007970                LCD_TextHeight
 .text.LCD_TextWidth
                0x08007988       0x58 ./src/ra8875/ui_ra8875.o
                0x08007988                LCD_TextWidth
 .text.LCD_PrintTextRight
                0x080079e0       0x3c ./src/ra8875/ui_ra8875.o
                0x080079e0                LCD_PrintTextRight
 *fill*         0x08007a1c        0x4 
 .text.UiSpectrumDrawSpectrum
                0x08007a20      0x388 ./src/ra8875/ui_ra8875.o
                0x08007a20                UiSpectrumDrawSpectrum
 .text.LCD_drawVU
                0x08007da8       0x5c ./src/ra8875/ui_ra8875.o
                0x08007da8                LCD_drawVU
 .text.LCD_drawLine
                0x08007e04       0xe4 ./src/ra8875/ui_ra8875.o
                0x08007e04                LCD_drawLine
 .text.LCD_drawLineAngle
                0x08007ee8      0x114 ./src/ra8875/ui_ra8875.o
                0x08007ee8                LCD_drawLineAngle
 .text.LCD_AnalogMeter
                0x08007ffc      0x314 ./src/ra8875/ui_ra8875.o
                0x08007ffc                LCD_AnalogMeter
 .text.LCD_Delay
                0x08008310       0x38 ./src/ra8875/ui_ra8875.o
 .text.LCD_InitLCD
                0x08008348      0x1b8 ./src/ra8875/ui_ra8875.o
                0x08008348                LCD_InitLCD
 .text.mchf_hw_i2c_WriteRegister
                0x08008500      0x114 ./src/i2c/mchf_hw_i2c.o
                0x08008500                mchf_hw_i2c_WriteRegister
 .text.mchf_hw_i2c_WriteBlock
                0x08008614      0x134 ./src/i2c/mchf_hw_i2c.o
                0x08008614                mchf_hw_i2c_WriteBlock
 .text.mchf_hw_i2c_ReadRegister
                0x08008748      0x198 ./src/i2c/mchf_hw_i2c.o
                0x08008748                mchf_hw_i2c_ReadRegister
 .text.UiRotaryFreqEncoderInit
                0x080088e0       0x94 ./src/encoder/ui_rotary.o
                0x080088e0                UiRotaryFreqEncoderInit
 .text.UiRotaryEncoderTwoInit
                0x08008974       0x98 ./src/encoder/ui_rotary.o
                0x08008974                UiRotaryEncoderTwoInit
 .text.audio_rx_freq_conv
                0x08008a0c      0x1a0 ./src/codec/audio.o
 .text.audio_lms_noise_reduction
                0x08008bac       0xb8 ./src/codec/audio.o
 .text.audio_driver_set_rx_audio_filter
                0x08008c64      0x520 ./src/codec/audio.o
                0x08008c64                audio_driver_set_rx_audio_filter
 *fill*         0x08009184        0x4 
 .text.Audio_Init
                0x08009188      0x1d8 ./src/codec/audio.o
                0x08009188                Audio_Init
 .text.I2S_RX_CallBack
                0x08009360      0xbd8 ./src/codec/audio.o
                0x08009360                I2S_RX_CallBack
 .text.Codec_WriteRegister
                0x08009f38       0x18 ./src/codec/codec.o
                0x08009f38                Codec_WriteRegister
 .text.Codec_Volume
                0x08009f50       0x24 ./src/codec/codec.o
                0x08009f50                Codec_Volume
 .text.Codec_Reset
                0x08009f74       0xc8 ./src/codec/codec.o
                0x08009f74                Codec_Reset
 .text.Codec_Line_Gain_Adj
                0x0800a03c        0xc ./src/codec/codec.o
                0x0800a03c                Codec_Line_Gain_Adj
 .text.Codec_RestartI2S
                0x0800a048       0x24 ./src/codec/codec.o
                0x0800a048                Codec_RestartI2S
 .text.Codec_AudioInterface_Init
                0x0800a06c       0x50 ./src/codec/codec.o
                0x0800a06c                Codec_AudioInterface_Init
 .text.Codec_GPIO_Init
                0x0800a0bc       0xb0 ./src/codec/codec.o
                0x0800a0bc                Codec_GPIO_Init
 .text.Codec_Init
                0x0800a16c       0x2c ./src/codec/codec.o
                0x0800a16c                Codec_Init
 .text.I2S_Block_Init
                0x0800a198      0x120 ./src/codec/i2s.o
                0x0800a198                I2S_Block_Init
 .text.I2S_Block_Process
                0x0800a2b8       0x74 ./src/codec/i2s.o
                0x0800a2b8                I2S_Block_Process
 .text.DMA1_Stream2_IRQHandler
                0x0800a32c       0x9c ./src/codec/i2s.o
                0x0800a32c                DMA1_Stream2_IRQHandler
 .text.TM_BUTTON_Init
                0x0800a3c8       0x80 ./src/button/tm_stm32f4_button.o
                0x0800a3c8                TM_BUTTON_Init
 .text.TM_BUTTON_INT_CheckButton
                0x0800a448       0x84 ./src/button/tm_stm32f4_button.o
                0x0800a448                TM_BUTTON_INT_CheckButton
 .text.TM_BUTTON_Update
                0x0800a4cc       0x24 ./src/button/tm_stm32f4_button.o
                0x0800a4cc                TM_BUTTON_Update
 .text.SysTick_Handler
                0x0800a4f0       0x5c ./src/button/tm_stm32f4_delay.o
                0x0800a4f0                SysTick_Handler
 .text.TM_DELAY_Init
                0x0800a54c       0x64 ./src/button/tm_stm32f4_delay.o
                0x0800a54c                TM_DELAY_Init
 .text.BUTTON7_EventHandler
                0x0800a5b0       0x68 ./src/main.o
                0x0800a5b0                BUTTON7_EventHandler
 .text.radio_init
                0x0800a618      0x138 ./src/main.o
                0x0800a618                radio_init
 .text.InitBoard
                0x0800a750      0x3cc ./src/main.o
                0x0800a750                InitBoard
 .text.ui_touch
                0x0800ab1c      0x6e0 ./src/main.o
                0x0800ab1c                ui_touch
 .text.startup.main
                0x0800b1fc       0x70 ./src/main.o
                0x0800b1fc                main
 .text.arm_fill_f32
                0x0800b26c       0x3c C:\Users\gmtii\workspace\disco-noFB\libs\libarm_cortexM4lf_math_r4p5.a(arm_fill_f32.o)
                0x0800b26c                arm_fill_f32
 .text.arm_copy_q15
                0x0800b2a8       0x4c C:\Users\gmtii\workspace\disco-noFB\libs\libarm_cortexM4lf_math_r4p5.a(arm_copy_q15.o)
                0x0800b2a8                arm_copy_q15
 .text.arm_copy_f32
                0x0800b2f4       0x60 C:\Users\gmtii\workspace\disco-noFB\libs\libarm_cortexM4lf_math_r4p5.a(arm_copy_f32.o)
                0x0800b2f4                arm_copy_f32
 .text.arm_min_q15
                0x0800b354       0xcc C:\Users\gmtii\workspace\disco-noFB\libs\libarm_cortexM4lf_math_r4p5.a(arm_min_q15.o)
                0x0800b354                arm_min_q15
 .text.arm_min_f32
                0x0800b420       0xd0 C:\Users\gmtii\workspace\disco-noFB\libs\libarm_cortexM4lf_math_r4p5.a(arm_min_f32.o)
                0x0800b420                arm_min_f32
 .text.arm_mean_q15
                0x0800b4f0       0x50 C:\Users\gmtii\workspace\disco-noFB\libs\libarm_cortexM4lf_math_r4p5.a(arm_mean_q15.o)
                0x0800b4f0                arm_mean_q15
 .text.arm_mean_f32
                0x0800b540       0x68 C:\Users\gmtii\workspace\disco-noFB\libs\libarm_cortexM4lf_math_r4p5.a(arm_mean_f32.o)
                0x0800b540                arm_mean_f32
 .text.arm_max_q15
                0x0800b5a8       0xcc C:\Users\gmtii\workspace\disco-noFB\libs\libarm_cortexM4lf_math_r4p5.a(arm_max_q15.o)
                0x0800b5a8                arm_max_q15
 .text.arm_max_f32
                0x0800b674       0xd0 C:\Users\gmtii\workspace\disco-noFB\libs\libarm_cortexM4lf_math_r4p5.a(arm_max_f32.o)
                0x0800b674                arm_max_f32
 .text.arm_cfft_radix8by2_f32
                0x0800b744      0x1a4 C:\Users\gmtii\workspace\disco-noFB\libs\libarm_cortexM4lf_math_r4p5.a(arm_cfft_f32.o)
                0x0800b744                arm_cfft_radix8by2_f32
 .text.arm_cfft_radix8by4_f32
                0x0800b8e8      0x4bc C:\Users\gmtii\workspace\disco-noFB\libs\libarm_cortexM4lf_math_r4p5.a(arm_cfft_f32.o)
                0x0800b8e8                arm_cfft_radix8by4_f32
 .text.arm_cfft_f32
                0x0800bda4       0xf4 C:\Users\gmtii\workspace\disco-noFB\libs\libarm_cortexM4lf_math_r4p5.a(arm_cfft_f32.o)
                0x0800bda4                arm_cfft_f32
 .text.arm_lms_norm_init_f32
                0x0800be98       0x38 C:\Users\gmtii\workspace\disco-noFB\libs\libarm_cortexM4lf_math_r4p5.a(arm_lms_norm_init_f32.o)
                0x0800be98                arm_lms_norm_init_f32
 .text.arm_lms_norm_f32
                0x0800bed0      0x248 C:\Users\gmtii\workspace\disco-noFB\libs\libarm_cortexM4lf_math_r4p5.a(arm_lms_norm_f32.o)
                0x0800bed0                arm_lms_norm_f32
 .text.arm_iir_lattice_f32
                0x0800c118      0x1f0 C:\Users\gmtii\workspace\disco-noFB\libs\libarm_cortexM4lf_math_r4p5.a(arm_iir_lattice_f32.o)
                0x0800c118                arm_iir_lattice_f32
 .text.arm_fir_interpolate_f32
                0x0800c308      0x438 C:\Users\gmtii\workspace\disco-noFB\libs\libarm_cortexM4lf_math_r4p5.a(arm_fir_interpolate_f32.o)
                0x0800c308                arm_fir_interpolate_f32
 .text.arm_fir_init_f32
                0x0800c740       0x24 C:\Users\gmtii\workspace\disco-noFB\libs\libarm_cortexM4lf_math_r4p5.a(arm_fir_init_f32.o)
                0x0800c740                arm_fir_init_f32
 .text.arm_fir_f32
                0x0800c764      0x4c8 C:\Users\gmtii\workspace\disco-noFB\libs\libarm_cortexM4lf_math_r4p5.a(arm_fir_f32.o)
                0x0800c764                arm_fir_f32
 .text.arm_fir_decimate_f32
                0x0800cc2c      0x378 C:\Users\gmtii\workspace\disco-noFB\libs\libarm_cortexM4lf_math_r4p5.a(arm_fir_decimate_f32.o)
                0x0800cc2c                arm_fir_decimate_f32
 .text.arm_cmplx_mag_f32
                0x0800cfa4      0x1d0 C:\Users\gmtii\workspace\disco-noFB\libs\libarm_cortexM4lf_math_r4p5.a(arm_cmplx_mag_f32.o)
                0x0800cfa4                arm_cmplx_mag_f32
 .text.arm_sin_f32
                0x0800d174       0x88 C:\Users\gmtii\workspace\disco-noFB\libs\libarm_cortexM4lf_math_r4p5.a(arm_sin_f32.o)
                0x0800d174                arm_sin_f32
 .text.arm_cos_f32
                0x0800d1fc       0x80 C:\Users\gmtii\workspace\disco-noFB\libs\libarm_cortexM4lf_math_r4p5.a(arm_cos_f32.o)
                0x0800d1fc                arm_cos_f32
 .text.arm_sub_f32
                0x0800d27c       0x8c C:\Users\gmtii\workspace\disco-noFB\libs\libarm_cortexM4lf_math_r4p5.a(arm_sub_f32.o)
                0x0800d27c                arm_sub_f32
 .text.arm_scale_f32
                0x0800d308       0x6c C:\Users\gmtii\workspace\disco-noFB\libs\libarm_cortexM4lf_math_r4p5.a(arm_scale_f32.o)
                0x0800d308                arm_scale_f32
 .text.arm_mult_f32
                0x0800d374       0x8c C:\Users\gmtii\workspace\disco-noFB\libs\libarm_cortexM4lf_math_r4p5.a(arm_mult_f32.o)
                0x0800d374                arm_mult_f32
 .text.arm_add_f32
                0x0800d400       0x8c C:\Users\gmtii\workspace\disco-noFB\libs\libarm_cortexM4lf_math_r4p5.a(arm_add_f32.o)
                0x0800d400                arm_add_f32
 .text          0x0800d48c       0xc0 C:\Users\gmtii\workspace\disco-noFB\libs\libarm_cortexM4lf_math_r4p5.a(arm_bitreversal2.o)
                0x0800d48c                arm_bitreversal_32
                0x0800d4f6                arm_bitreversal_16
 .text.arm_radix8_butterfly_f32
                0x0800d54c      0x5c4 C:\Users\gmtii\workspace\disco-noFB\libs\libarm_cortexM4lf_math_r4p5.a(arm_cfft_radix8_f32.o)
                0x0800d54c                arm_radix8_butterfly_f32
 .text.cos      0x0800db10       0xb0 C:\Users\gmtii\workspace\disco-noFB\libs\libm.a(lib_a-s_cos.o)
                0x0800db10                cos
 .text.pow10    0x0800dbc0       0x18 C:\Users\gmtii\workspace\disco-noFB\libs\libm.a(lib_a-s_pow10.o)
                0x0800dbc0                pow10
 .text.round    0x0800dbd8       0xa8 C:\Users\gmtii\workspace\disco-noFB\libs\libm.a(lib_a-s_round.o)
                0x0800dbd8                round
 .text.sin      0x0800dc80       0xb8 C:\Users\gmtii\workspace\disco-noFB\libs\libm.a(lib_a-s_sin.o)
                0x0800dc80                sin
 .text.log10    0x0800dd38      0x10c C:\Users\gmtii\workspace\disco-noFB\libs\libm.a(lib_a-w_log10.o)
                0x0800dd38                log10
 .text.pow      0x0800de44      0x370 C:\Users\gmtii\workspace\disco-noFB\libs\libm.a(lib_a-w_pow.o)
                0x0800de44                pow
 .text.sqrt     0x0800e1b4       0xbc C:\Users\gmtii\workspace\disco-noFB\libs\libm.a(lib_a-w_sqrt.o)
                0x0800e1b4                sqrt
 .text.log10f   0x0800e270       0xf8 C:\Users\gmtii\workspace\disco-noFB\libs\libm.a(lib_a-wf_log10.o)
                0x0800e270                log10f
 .text.powf     0x0800e368      0x39c C:\Users\gmtii\workspace\disco-noFB\libs\libm.a(lib_a-wf_pow.o)
                0x0800e368                powf
 .text.sqrtf    0x0800e704       0xb4 C:\Users\gmtii\workspace\disco-noFB\libs\libm.a(lib_a-wf_sqrt.o)
                0x0800e704                sqrtf
 .text.__ieee754_log10
                0x0800e7b8      0x138 C:\Users\gmtii\workspace\disco-noFB\libs\libm.a(lib_a-e_log10.o)
                0x0800e7b8                __ieee754_log10
 .text.__ieee754_pow
                0x0800e8f0      0xb90 C:\Users\gmtii\workspace\disco-noFB\libs\libm.a(lib_a-e_pow.o)
                0x0800e8f0                __ieee754_pow
 .text.__ieee754_rem_pio2
                0x0800f480      0x478 C:\Users\gmtii\workspace\disco-noFB\libs\libm.a(lib_a-e_rem_pio2.o)
                0x0800f480                __ieee754_rem_pio2
 .text.__ieee754_sqrt
                0x0800f8f8      0x1c4 C:\Users\gmtii\workspace\disco-noFB\libs\libm.a(lib_a-e_sqrt.o)
                0x0800f8f8                __ieee754_sqrt
 .text.__ieee754_log10f
                0x0800fabc       0xbc C:\Users\gmtii\workspace\disco-noFB\libs\libm.a(lib_a-ef_log10.o)
                0x0800fabc                __ieee754_log10f
 .text.__ieee754_powf
                0x0800fb78      0x600 C:\Users\gmtii\workspace\disco-noFB\libs\libm.a(lib_a-ef_pow.o)
                0x0800fb78                __ieee754_powf
 .text.__ieee754_sqrtf
                0x08010178       0x9c C:\Users\gmtii\workspace\disco-noFB\libs\libm.a(lib_a-ef_sqrt.o)
                0x08010178                __ieee754_sqrtf
 *fill*         0x08010214        0x4 
 .text.__kernel_cos
                0x08010218      0x270 C:\Users\gmtii\workspace\disco-noFB\libs\libm.a(lib_a-k_cos.o)
                0x08010218                __kernel_cos
 .text.__kernel_rem_pio2
                0x08010488      0x808 C:\Users\gmtii\workspace\disco-noFB\libs\libm.a(lib_a-k_rem_pio2.o)
                0x08010488                __kernel_rem_pio2
 .text.__kernel_sin
                0x08010c90      0x178 C:\Users\gmtii\workspace\disco-noFB\libs\libm.a(lib_a-k_sin.o)
                0x08010c90                __kernel_sin
 .text.fabs     0x08010e08       0x14 C:\Users\gmtii\workspace\disco-noFB\libs\libm.a(lib_a-s_fabs.o)
                0x08010e08                fabs
 .text.finite   0x08010e1c       0x14 C:\Users\gmtii\workspace\disco-noFB\libs\libm.a(lib_a-s_finite.o)
                0x08010e1c                finite
 .text.floor    0x08010e30      0x150 C:\Users\gmtii\workspace\disco-noFB\libs\libm.a(lib_a-s_floor.o)
                0x08010e30                floor
 .text.__fpclassifyd
                0x08010f80       0x70 C:\Users\gmtii\workspace\disco-noFB\libs\libm.a(lib_a-s_fpclassify.o)
                0x08010f80                __fpclassifyd
 .text.matherr  0x08010ff0        0x4 C:\Users\gmtii\workspace\disco-noFB\libs\libm.a(lib_a-s_matherr.o)
                0x08010ff0                matherr
 *fill*         0x08010ff4        0x4 
 .text.nan      0x08010ff8       0x10 C:\Users\gmtii\workspace\disco-noFB\libs\libm.a(lib_a-s_nan.o)
                0x08010ff8                nan
 .text.rint     0x08011008      0x124 C:\Users\gmtii\workspace\disco-noFB\libs\libm.a(lib_a-s_rint.o)
                0x08011008                rint
 *fill*         0x0801112c        0x4 
 .text.scalbn   0x08011130      0x120 C:\Users\gmtii\workspace\disco-noFB\libs\libm.a(lib_a-s_scalbn.o)
                0x08011130                scalbn
 .text.fabsf    0x08011250       0x10 C:\Users\gmtii\workspace\disco-noFB\libs\libm.a(lib_a-sf_fabs.o)
                0x08011250                fabsf
 .text.finitef  0x08011260       0x14 C:\Users\gmtii\workspace\disco-noFB\libs\libm.a(lib_a-sf_finite.o)
                0x08011260                finitef
 .text.__fpclassifyf
                0x08011274       0x5c C:\Users\gmtii\workspace\disco-noFB\libs\libm.a(lib_a-sf_fpclassify.o)
                0x08011274                __fpclassifyf
 .text.nanf     0x080112d0        0xc C:\Users\gmtii\workspace\disco-noFB\libs\libm.a(lib_a-sf_nan.o)
                0x080112d0                nanf
 .text.scalbnf  0x080112dc       0xcc C:\Users\gmtii\workspace\disco-noFB\libs\libm.a(lib_a-sf_scalbn.o)
                0x080112dc                scalbnf
 .text.__ieee754_log
                0x080113a8      0x428 C:\Users\gmtii\workspace\disco-noFB\libs\libm.a(lib_a-e_log.o)
                0x080113a8                __ieee754_log
 .text.__ieee754_logf
                0x080117d0      0x204 C:\Users\gmtii\workspace\disco-noFB\libs\libm.a(lib_a-ef_log.o)
                0x080117d0                __ieee754_logf
 .text.copysign
                0x080119d4       0x24 C:\Users\gmtii\workspace\disco-noFB\libs\libm.a(lib_a-s_copysign.o)
                0x080119d4                copysign
 .text.copysignf
                0x080119f8       0x18 C:\Users\gmtii\workspace\disco-noFB\libs\libm.a(lib_a-sf_copysign.o)
                0x080119f8                copysignf
 .text          0x08011a10      0x370 d:/stm32/gcc/bin/../lib/gcc/arm-none-eabi/4.9.3/armv7e-m/fpu\libgcc.a(_arm_addsubdf3.o)
                0x08011a10                __aeabi_drsub
                0x08011a18                __aeabi_dsub
                0x08011a18                __subdf3
                0x08011a1c                __aeabi_dadd
                0x08011a1c                __adddf3
                0x08011c94                __floatunsidf
                0x08011c94                __aeabi_ui2d
                0x08011cb4                __floatsidf
                0x08011cb4                __aeabi_i2d
                0x08011cd8                __aeabi_f2d
                0x08011cd8                __extendsfdf2
                0x08011d14                __floatundidf
                0x08011d14                __aeabi_ul2d
                0x08011d24                __floatdidf
                0x08011d24                __aeabi_l2d
 .text          0x08011d80      0x424 d:/stm32/gcc/bin/../lib/gcc/arm-none-eabi/4.9.3/armv7e-m/fpu\libgcc.a(_arm_muldivdf3.o)
                0x08011d80                __aeabi_dmul
                0x08011d80                __muldf3
                0x08011fd4                __divdf3
                0x08011fd4                __aeabi_ddiv
 .text          0x080121a4      0x110 d:/stm32/gcc/bin/../lib/gcc/arm-none-eabi/4.9.3/armv7e-m/fpu\libgcc.a(_arm_cmpdf2.o)
                0x080121a4                __gtdf2
                0x080121a4                __gedf2
                0x080121ac                __ltdf2
                0x080121ac                __ledf2
                0x080121b4                __nedf2
                0x080121b4                __eqdf2
                0x080121b4                __cmpdf2
                0x08012230                __aeabi_cdrcmple
                0x08012240                __aeabi_cdcmpeq
                0x08012240                __aeabi_cdcmple
                0x08012250                __aeabi_dcmpeq
                0x08012264                __aeabi_dcmplt
                0x08012278                __aeabi_dcmple
                0x0801228c                __aeabi_dcmpge
                0x080122a0                __aeabi_dcmpgt
 .text          0x080122b4       0x50 d:/stm32/gcc/bin/../lib/gcc/arm-none-eabi/4.9.3/armv7e-m/fpu\libgcc.a(_arm_fixdfsi.o)
                0x080122b4                __aeabi_d2iz
                0x080122b4                __fixdfsi
 .text          0x08012304       0x40 d:/stm32/gcc/bin/../lib/gcc/arm-none-eabi/4.9.3/armv7e-m/fpu\libgcc.a(_arm_fixunsdfsi.o)
                0x08012304                __aeabi_d2uiz
                0x08012304                __fixunsdfsi
 .text          0x08012344       0xa0 d:/stm32/gcc/bin/../lib/gcc/arm-none-eabi/4.9.3/armv7e-m/fpu\libgcc.a(_arm_truncdfsf2.o)
                0x08012344                __truncdfsf2
                0x08012344                __aeabi_d2f
 .text          0x080123e4       0x30 d:/stm32/gcc/bin/../lib/gcc/arm-none-eabi/4.9.3/armv7e-m/fpu\libgcc.a(_aeabi_uldivmod.o)
                0x080123e4                __aeabi_uldivmod
 .text          0x08012414       0x60 d:/stm32/gcc/bin/../lib/gcc/arm-none-eabi/4.9.3/armv7e-m/fpu\libgcc.a(bpabi.o)
                0x08012414                __gnu_ldivmod_helper
                0x08012444                __gnu_uldivmod_helper
 .text          0x08012474        0x4 d:/stm32/gcc/bin/../lib/gcc/arm-none-eabi/4.9.3/armv7e-m/fpu\libgcc.a(_dvmd_tls.o)
                0x08012474                __aeabi_idiv0
                0x08012474                __aeabi_ldiv0
 .text          0x08012478      0x29c d:/stm32/gcc/bin/../lib/gcc/arm-none-eabi/4.9.3/armv7e-m/fpu\libgcc.a(_divdi3.o)
                0x08012478                __divdi3
 .text          0x08012714      0x26c d:/stm32/gcc/bin/../lib/gcc/arm-none-eabi/4.9.3/armv7e-m/fpu\libgcc.a(_udivdi3.o)
                0x08012714                __udivdi3
 .text.__errno  0x08012980        0xc d:/stm32/gcc/bin/../lib/gcc/arm-none-eabi/4.9.3/../../../../arm-none-eabi/lib/armv7e-m/fpu\libg_nano.a(lib_a-errno.o)
                0x08012980                __errno
 .text.malloc   0x0801298c       0x10 d:/stm32/gcc/bin/../lib/gcc/arm-none-eabi/4.9.3/../../../../arm-none-eabi/lib/armv7e-m/fpu\libg_nano.a(lib_a-malloc.o)
                0x0801298c                malloc
 .text.memset   0x0801299c       0x10 d:/stm32/gcc/bin/../lib/gcc/arm-none-eabi/4.9.3/../../../../arm-none-eabi/lib/armv7e-m/fpu\libg_nano.a(lib_a-memset.o)
                0x0801299c                memset
 .text._malloc_r
                0x080129ac       0xac d:/stm32/gcc/bin/../lib/gcc/arm-none-eabi/4.9.3/../../../../arm-none-eabi/lib/armv7e-m/fpu\libg_nano.a(lib_a-nano-mallocr.o)
                0x080129ac                _malloc_r
 .text._sbrk_r  0x08012a58       0x20 d:/stm32/gcc/bin/../lib/gcc/arm-none-eabi/4.9.3/../../../../arm-none-eabi/lib/armv7e-m/fpu\libg_nano.a(lib_a-sbrkr.o)
                0x08012a58                _sbrk_r
 *(.rodata .rodata.* .constdata .constdata.*)
 .rodata        0x08012a78     0x2e9e ./src/ui/ui.o
                0x08012a78                iq_rx_am_5k_coeffs
                0x08012bdc                iq_rx_am_6k_coeffs
                0x08012d40                iq_rx_am_7k5_coeffs
                0x08012ea4                iq_rx_am_10k_coeffs
                0x08013008                iq_rx_am_3k6_coeffs
                0x0801316c                iq_rx_am_2k3_coeffs
                0x080132d0                q_rx_5k_coeffs
                0x08013434                i_rx_5k_coeffs
                0x08013598                q_rx_6k_coeffs
                0x080136fc                i_rx_6k_coeffs
                0x08013860                q_rx_7k5_coeffs
                0x080139c4                i_rx_7k5_coeffs
                0x08013b28                q_rx_10k_coeffs
                0x08013c8c                i_rx_10k_coeffs
                0x08013df0                q_rx_3k6_coeffs
                0x08013f54                i_rx_3k6_coeffs
                0x080140b8                q_rx_5k_coeffs_minus
                0x0801421c                q_rx_6k_coeffs_minus
                0x08014380                q_rx_7k5_coeffs_minus
                0x080144e4                q_rx_10k_coeffs_minus
                0x08014648                q_rx_3k6_coeffs_minus
                0x080147ac                q_rx_5k_coeffs_plus
                0x08014910                q_rx_6k_coeffs_plus
                0x08014a74                q_rx_7k5_coeffs_plus
                0x08014bd8                q_rx_10k_coeffs_plus
                0x08014d3c                q_rx_3k6_coeffs_plus
                0x08014ea0                S_Meter_Cal
                0x08014f24                waterfall_rainbow
                0x08014fa8                tune_bands
                0x08015030                tune_steps
                0x0801504c                size_bands
                0x08015070                i_tx_coeffs
                0x080151d4                q_tx_coeffs_plus
                0x08015338                q_tx_coeffs_minus
                0x0801549c                q_tx_coeffs
                0x08015600                old_waterfall_rainbow
                0x08015684                old_waterfall_cold_hot
                0x08015708                waterfall_blue
                0x0801578c                waterfall_cold_hot
                0x08015810                waterfall_grey_inverse
                0x08015894                waterfall_grey
 *fill*         0x08015916        0x2 
 .rodata.str1.4
                0x08015918      0x254 ./src/ui/ui.o
                                0x268 (size before relaxing)
 .rodata        0x08015b6c       0x14 ./src/tm/tm_stm32f4_dma.o
 .rodata        0x08015b80     0xab30 ./src/ra8875/gsl1680.o
                0x08015b80                GSLX680_FW
 .rodata        0x080206b0     0xf528 ./src/ra8875/ui_ra8875.o
 .rodata.str1.4
                0x0802fbd8        0x4 ./src/ra8875/ui_ra8875.o
 .rodata        0x0802fbdc     0x99a0 ./src/ra8875/ui_ra8875_fonts.o
                0x0802fbdc                GL_Big
                0x0802fbe4                GL_SevenSegNum
                0x0802fbec                GL_Font8x8
                0x0802fbf4                GL_Font8x12_bold
                0x0802fbfc                GL_Font8x12
                0x0802fc04                GL_Font12x12
                0x0802fc0c                GL_Font16x24
                0x0802fc14                GL_Big_Table
                0x08034e14                GL_SevenSegNum_Table
                0x080356ac                GL_ASCII8x8_Table
                0x08035cac                GL_ASCII8x12_bold_Table
                0x080371ac                GL_ASCII8x12_Table
                0x08037aac                GL_ASCII12x12_Table
                0x080383ac                GL_ASCII16x24_Table
 .rodata        0x0803957c      0xb74 ./src/codec/audio.o
                0x0803957c                IIR_300hz_500_pkCoeffs
                0x080395a4                IIR_300hz_500_pvCoeffs
                0x080395d0                IIR_300hz_550_pkCoeffs
                0x080395f8                IIR_300hz_550_pvCoeffs
                0x08039624                IIR_300hz_600_pkCoeffs
                0x0803964c                IIR_300hz_600_pvCoeffs
                0x08039678                IIR_300hz_650_pkCoeffs
                0x080396a0                IIR_300hz_650_pvCoeffs
                0x080396cc                IIR_300hz_700_pkCoeffs
                0x080396f4                IIR_300hz_700_pvCoeffs
                0x08039720                IIR_300hz_800_pkCoeffs
                0x08039748                IIR_300hz_800_pvCoeffs
                0x08039774                IIR_300hz_850_pkCoeffs
                0x0803979c                IIR_300hz_850_pvCoeffs
                0x080397c8                IIR_300hz_900_pkCoeffs
                0x080397f0                IIR_300hz_900_pvCoeffs
                0x0803981c                IIR_300hz_950_pkCoeffs
                0x08039844                IIR_300hz_950_pvCoeffs
                0x08039870                IIR_300hz_750_pkCoeffs
                0x08039898                IIR_300hz_750_pvCoeffs
                0x080398c4                IIR_500hz_550_pkCoeffs
                0x080398ec                IIR_500hz_550_pvCoeffs
                0x08039918                IIR_500hz_650_pkCoeffs
                0x08039940                IIR_500hz_650_pvCoeffs
                0x0803996c                IIR_500hz_850_pkCoeffs
                0x08039994                IIR_500hz_850_pvCoeffs
                0x080399c0                IIR_500hz_950_pkCoeffs
                0x080399e8                IIR_500hz_950_pvCoeffs
                0x08039a14                IIR_500hz_750_pkCoeffs
                0x08039a3c                IIR_500hz_750_pvCoeffs
                0x08039a68                IIR_1k8_LPF_pkCoeffs
                0x08039a90                IIR_1k8_LPF_pvCoeffs
                0x08039abc                IIR_1k8_1k125_pkCoeffs
                0x08039ae4                IIR_1k8_1k125_pvCoeffs
                0x08039b10                IIR_1k8_1k275_pkCoeffs
                0x08039b38                IIR_1k8_1k275_pvCoeffs
                0x08039b64                IIR_1k8_1k575_pkCoeffs
                0x08039b8c                IIR_1k8_1k575_pvCoeffs
                0x08039bb8                IIR_1k8_1k725_pkCoeffs
                0x08039be0                IIR_1k8_1k725_pvCoeffs
                0x08039c0c                IIR_1k8_1k425_pkCoeffs
                0x08039c34                IIR_1k8_1k425_pvCoeffs
                0x08039c60                IIR_2k3_LPF_pkCoeffs
                0x08039c88                IIR_2k3_LPF_pvCoeffs
                0x08039cb4                IIR_2k3_1k275_pkCoeffs
                0x08039cdc                IIR_2k3_1k275_pvCoeffs
                0x08039d08                IIR_2k3_1k562_pkCoeffs
                0x08039d30                IIR_2k3_1k562_pvCoeffs
                0x08039d5c                IIR_2k3_1k712_pkCoeffs
                0x08039d84                IIR_2k3_1k712_pvCoeffs
                0x08039db0                IIR_2k3_1k412_pkCoeffs
                0x08039dd8                IIR_2k3_1k412_pvCoeffs
                0x08039e04                IIR_2k7_LPF_pkCoeffs
                0x08039e2c                IIR_2k7_LPF_pvCoeffs
                0x08039e58                IIR_2k7_BPF_pkCoeffs
                0x08039e80                IIR_2k7_BPF_pvCoeffs
                0x08039eac                IIR_2k9_LPF_pkCoeffs
                0x08039ed4                IIR_2k9_LPF_pvCoeffs
                0x08039f00                IIR_2k9_BPF_pkCoeffs
                0x08039f28                IIR_2k9_BPF_pvCoeffs
                0x08039f54                IIR_3k6_LPF_pkCoeffs
                0x08039f7c                IIR_3k6_LPF_pvCoeffs
                0x08039fa8                IIR_3k6_BPF_pkCoeffs
                0x08039fd0                IIR_3k6_BPF_pvCoeffs
                0x08039ffc                IIR_10k_pkCoeffs
                0x0803a01c                IIR_10k_pvCoeffs
                0x0803a040                FirRxDecimate
                0x0803a050                FirRxInterpolate
                0x0803a090                FirRxDecimateMinLPF
                0x0803a0a0                FirRxInterpolate10KHZ
                0x0803a0e0                IIR_10k_numStages
                0x0803a0e2                IIR_3k6_numStages
                0x0803a0e4                IIR_2k9_numStages
                0x0803a0e6                IIR_2k7_numStages
                0x0803a0e8                IIR_2k3_numStages
                0x0803a0ea                IIR_1k8_numStages
                0x0803a0ec                IIR_500hz_numStages
                0x0803a0ee                IIR_300hz_numStages
 .rodata        0x0803a0f0     0x2970 ./src/main.o
 .rodata.str1.4
                0x0803ca60      0x1cc ./src/main.o
                                0x214 (size before relaxing)
 .rodata.arm_cfft_sR_f32_len1024
                0x0803cc2c       0x10 C:\Users\gmtii\workspace\disco-noFB\libs\libarm_cortexM4lf_math_r4p5.a(arm_const_structs.o)
                0x0803cc2c                arm_cfft_sR_f32_len1024
 .rodata.twiddleCoef_1024
                0x0803cc3c     0x2000 C:\Users\gmtii\workspace\disco-noFB\libs\libarm_cortexM4lf_math_r4p5.a(arm_common_tables.o)
                0x0803cc3c                twiddleCoef_1024
 .rodata.armBitRevIndexTable1024
                0x0803ec3c      0xe10 C:\Users\gmtii\workspace\disco-noFB\libs\libarm_cortexM4lf_math_r4p5.a(arm_common_tables.o)
                0x0803ec3c                armBitRevIndexTable1024
 .rodata.sinTable_f32
                0x0803fa4c      0x804 C:\Users\gmtii\workspace\disco-noFB\libs\libarm_cortexM4lf_math_r4p5.a(arm_common_tables.o)
                0x0803fa4c                sinTable_f32
 .rodata.str1.4
                0x08040250        0x6 C:\Users\gmtii\workspace\disco-noFB\libs\libm.a(lib_a-w_log10.o)
                                  0xc (size before relaxing)
 *fill*         0x08040256        0x2 
 .rodata.str1.4
                0x08040258        0x4 C:\Users\gmtii\workspace\disco-noFB\libs\libm.a(lib_a-w_pow.o)
 .rodata.str1.4
                0x0804025c        0x5 C:\Users\gmtii\workspace\disco-noFB\libs\libm.a(lib_a-w_sqrt.o)
                                  0x8 (size before relaxing)
 *fill*         0x08040261        0x3 
 .rodata.str1.4
                0x08040264        0x7 C:\Users\gmtii\workspace\disco-noFB\libs\libm.a(lib_a-wf_log10.o)
                                  0xc (size before relaxing)
 *fill*         0x0804026b        0x1 
 .rodata.str1.4
                0x0804026c        0x5 C:\Users\gmtii\workspace\disco-noFB\libs\libm.a(lib_a-wf_pow.o)
                                  0x8 (size before relaxing)
 *fill*         0x08040271        0x3 
 .rodata.str1.4
                0x08040274        0x8 C:\Users\gmtii\workspace\disco-noFB\libs\libm.a(lib_a-wf_sqrt.o)
 *fill*         0x0804027c        0x4 
 .rodata.dp_h   0x08040280       0x10 C:\Users\gmtii\workspace\disco-noFB\libs\libm.a(lib_a-e_pow.o)
 .rodata.dp_l   0x08040290       0x10 C:\Users\gmtii\workspace\disco-noFB\libs\libm.a(lib_a-e_pow.o)
 .rodata.bp     0x080402a0       0x10 C:\Users\gmtii\workspace\disco-noFB\libs\libm.a(lib_a-e_pow.o)
 .rodata.str1.4
                0x00000000        0x4 C:\Users\gmtii\workspace\disco-noFB\libs\libm.a(lib_a-e_pow.o)
 .rodata.npio2_hw
                0x080402b0       0x80 C:\Users\gmtii\workspace\disco-noFB\libs\libm.a(lib_a-e_rem_pio2.o)
 .rodata.two_over_pi
                0x08040330      0x108 C:\Users\gmtii\workspace\disco-noFB\libs\libm.a(lib_a-e_rem_pio2.o)
 .rodata.dp_h   0x08040438        0x8 C:\Users\gmtii\workspace\disco-noFB\libs\libm.a(lib_a-ef_pow.o)
 .rodata.dp_l   0x08040440        0x8 C:\Users\gmtii\workspace\disco-noFB\libs\libm.a(lib_a-ef_pow.o)
 .rodata.bp     0x08040448        0x8 C:\Users\gmtii\workspace\disco-noFB\libs\libm.a(lib_a-ef_pow.o)
 .rodata.str1.4
                0x00000000        0x4 C:\Users\gmtii\workspace\disco-noFB\libs\libm.a(lib_a-ef_pow.o)
 .rodata.init_jk
                0x08040450       0x10 C:\Users\gmtii\workspace\disco-noFB\libs\libm.a(lib_a-k_rem_pio2.o)
 .rodata.PIo2   0x08040460       0x40 C:\Users\gmtii\workspace\disco-noFB\libs\libm.a(lib_a-k_rem_pio2.o)
 .rodata.TWO52  0x080404a0       0x10 C:\Users\gmtii\workspace\disco-noFB\libs\libm.a(lib_a-s_rint.o)
 *(vtable)
 *(.eh_frame*)
 *(.glue_7)
 .glue_7        0x00000000        0x0 linker stubs
 *(.glue_7t)
 .glue_7t       0x00000000        0x0 linker stubs

.vfp11_veneer   0x080404b0        0x0
 .vfp11_veneer  0x00000000        0x0 linker stubs

.v4_bx          0x080404b0        0x0
 .v4_bx         0x00000000        0x0 linker stubs

.iplt           0x080404b0        0x0
 .iplt          0x00000000        0x0 ./system/src/stm32f4/misc.o

.ARM.extab
 *(.ARM.extab* .gnu.linkonce.armextab.*)
                0x080404b0                . = ALIGN (0x4)
                0x080404b0                __exidx_start = .

.ARM.exidx      0x080404b0        0x8
 *(.ARM.exidx* .gnu.linkonce.armexidx.*)
 .ARM.exidx     0x080404b0        0x8 d:/stm32/gcc/bin/../lib/gcc/arm-none-eabi/4.9.3/armv7e-m/fpu\libgcc.a(_divdi3.o)
 .ARM.exidx     0x080404b8        0x0 d:/stm32/gcc/bin/../lib/gcc/arm-none-eabi/4.9.3/armv7e-m/fpu\libgcc.a(_udivdi3.o)
                                  0x8 (size before relaxing)
                0x080404b8                __exidx_end = .

.rel.dyn        0x080404b8        0x0
 .rel.iplt      0x00000000        0x0 ./system/src/stm32f4/misc.o
                0x080404b8                . = ALIGN (0x4)
                0x080404b8                _etext = .
                0x080404b8                __etext = .

.data_CCMRAM    0x10000000        0x0 load address 0x080404b8
 FILL mask 0xff
 *(.data.CCMRAM .data.CCMRAM.*)
                0x10000000                . = ALIGN (0x4)
                0x080404b8                _sidata = LOADADDR (.data)

.data           0x20000000      0x490 load address 0x080404b8
 FILL mask 0xff
                0x20000000                _sdata = .
                0x20000000                __data_start__ = .
 *(.data_begin .data_begin.*)
 .data_begin    0x20000000        0x4 ./system/src/newlib/_startup.o
 *(.data .data.*)
 .data          0x20000004       0x10 ./system/src/stm32f4/stm32f4xx_rcc.o
 .data          0x20000014        0xc ./system/src/newlib/_syscalls.o
                0x2000001c                environ
 .data          0x20000020       0x14 ./system/src/cmsis/system_stm32f4xx.o
                0x20000020                AHBPrescTable
                0x20000030                SystemCoreClock
 .data          0x20000034        0xd ./src/ui/ui.o
 *fill*         0x20000041        0x3 
 .data          0x20000044        0xc ./src/tm/tm_stm32f4_i2c.o
 .data          0x20000050      0x430 ./src/stdio/printf.o
                0x20000050                _impure_ptr
                0x20000058                r
 .data          0x20000480        0x2 ./src/ra8875/ui_ra8875.o
 *fill*         0x20000482        0x2 
 .data          0x20000484        0x4 ./src/i2c/mchf_hw_i2c.o
                0x20000484                I2C1_Timeout
 .data          0x20000488        0x1 ./src/codec/audio.o
 .data.__fdlib_version
                0x20000489        0x1 C:\Users\gmtii\workspace\disco-noFB\libs\libm.a(lib_a-s_lib_ver.o)
                0x20000489                __fdlib_version
 *(.data_end .data_end.*)
 *fill*         0x2000048a        0x2 
 .data_end      0x2000048c        0x4 ./system/src/newlib/_startup.o
                0x20000490                . = ALIGN (0x4)
                0x20000490                _edata = .
                0x20000490                __data_end__ = .

.igot.plt       0x20000490        0x0 load address 0x08040948
 .igot.plt      0x00000000        0x0 ./system/src/stm32f4/misc.o

.bss_CCMRAM     0x10000000        0x0
 *(.bss.CCMRAM .bss.CCMRAM.*)

.bss            0x20000490    0x2dec8
                0x20000490                __bss_start__ = .
                0x20000490                _sbss = .
 *(.bss_begin .bss_begin.*)
 .bss_begin     0x20000490        0x4 ./system/src/newlib/_startup.o
 *(.bss .bss.*)
 .bss           0x20000494        0x4 ./system/src/newlib/_sbrk.o
 .bss           0x20000498        0xc ./system/src/newlib/_syscalls.o
                0x2000049c                __env
                0x200004a0                __dso_handle
 .bss           0x200004a4      0x40c ./src/ui/ui.o
 .bss           0x200008b0        0xc ./src/ugui/ugui.o
 .bss           0x200008bc       0x16 ./src/tm/tm_stm32f4_gpio.o
 *fill*         0x200008d2        0x2 
 .bss           0x200008d4        0x4 ./src/tm/tm_stm32f4_i2c.o
 .bss           0x200008d8        0x1 ./src/tm/tm_stm32f4_sdram.o
 *fill*         0x200008d9        0x3 
 .bss           0x200008dc     0x1011 ./src/ra8875/ui_ra8875.o
 *fill*         0x200018ed        0x3 
 .bss           0x200018f0      0x160 ./src/codec/audio.o
 .bss           0x20001a50       0x90 ./src/codec/i2s.o
 .bss           0x20001ae0       0x2c ./src/button/tm_stm32f4_button.o
 .bss           0x20001b0c       0x28 ./src/button/tm_stm32f4_delay.o
                0x20001b0c                TM_Time
                0x20001b10                TM_Time2
                0x20001b2c                TM_DELAY_Initialized
                0x20001b30                TM_TimingDelay
 .bss           0x20001b34        0x3 ./src/main.o
                0x20001b34                touch_skip
                0x20001b36                modesw_state
 *fill*         0x20001b37        0x1 
 .bss.__malloc_sbrk_start
                0x20001b38        0x4 d:/stm32/gcc/bin/../lib/gcc/arm-none-eabi/4.9.3/../../../../arm-none-eabi/lib/armv7e-m/fpu\libg_nano.a(lib_a-nano-mallocr.o)
                0x20001b38                __malloc_sbrk_start
 .bss.__malloc_free_list
                0x20001b3c        0x4 d:/stm32/gcc/bin/../lib/gcc/arm-none-eabi/4.9.3/../../../../arm-none-eabi/lib/armv7e-m/fpu\libg_nano.a(lib_a-nano-mallocr.o)
                0x20001b3c                __malloc_free_list
 *(COMMON)
 COMMON         0x20001b40        0x4 ./system/src/newlib/_syscalls.o
                0x20001b40                errno
 COMMON         0x20001b44       0x94 ./src/ui/ui.o
                0x20001b44                band_decod_mode
                0x20001b6c                pwmt
                0x20001b7c                band_filter_mode
                0x20001ba4                band_dial_value
                0x20001bcc                ews
 COMMON         0x20001bd8      0x168 ./src/tm/tm_stm32f4_ili9341_button.o
                0x20001bd8                LCD_Buttons
 COMMON         0x20001d40       0x48 ./src/si5351/si5351.o
                0x20001d40                dev_status
                0x20001d48                dev_int_status
                0x20001d50                vfo
 COMMON         0x20001d88       0x40 ./src/ra8875/gsl1680.o
                0x20001d88                ts_event
 COMMON         0x20001dc8       0xb8 ./src/ra8875/ui_ra8875.o
                0x20001dc8                ts
 COMMON         0x20001e80    0x2bdfc ./src/codec/audio.o
                0x20001e80                FIR_A
                0x20001e8c                right_buffer
                0x20001ecc                left_buffer
                0x20001f0c                osc_i
                0x2000200c                lms1StateF32
                0x2000230c                lms2StateF32
                0x2000260c                lms1_instance
                0x2000261c                errsig2
                0x20002720                lms2_nr_delay
                0x20003760                interpState
                0x20003820                errsig1
                0x20003924                FIR_Q
                0x20003930                lms1NormCoeff_f32
                0x20003c30                lms2NormCoeff_f32
                0x20003f30                osc_q
                0x20004030                sd
                0x2002c178                result
                0x2002c27c                agc_delay
                0x2002c7bc                lms1Norm_instance
                0x2002c7d4                FIR_I
                0x2002c7e0                decimState
                0x2002c8a0                sm
                0x2002c8b4                lms1_nr_delay
                0x2002d0f4                firState_A
                0x2002d1b4                lms2Norm_instance
                0x2002d1cc                ads
                0x2002dc6c                lms2_instance
 COMMON         0x2002dc7c        0x4 ./src/button/tm_stm32f4_delay.o
                0x2002dc7c                mult
 COMMON         0x2002dc80      0x6d4 ./src/main.o
                0x2002dc80                temp
                0x2002dc9e                fingers
                0x2002dca0                rx_buffer
                0x2002dda0                tx_buffer
                0x2002dea0                gui
                0x2002defc                df
                0x2002df40                buttonPressed
                0x2002df44                fc
 *(.bss_end .bss_end.*)
 .bss_end       0x2002e354        0x4 ./system/src/newlib/_startup.o
                0x2002e358                . = ALIGN (0x4)
                0x2002e358                __bss_end__ = .
                0x2002e358                _ebss = .

.noinit_CCMRAM
 *(.noinit.CCMRAM .noinit.CCMRAM.*)

.noinit         0x2002e358        0x0
                0x2002e358                _noinit = .
 *(.noinit .noinit.*)
                0x2002e358                . = ALIGN (0x4)
                0x2002e358                _end_noinit = .
                0x2002e358                PROVIDE (end, _end_noinit)
                0x2002e358                PROVIDE (_end, _end_noinit)
                0x2002e358                PROVIDE (__end, _end_noinit)
                0x2002e358                PROVIDE (__end__, _end_noinit)

._check_stack   0x2002e358      0x100
                0x2002e458                . = (. + _Minimum_Stack_Size)
 *fill*         0x2002e358      0x100 

.b1text
 *(.b1text)
 *(.b1rodata)
 *(.b1rodata.*)

.eb0text
 *(.eb0text)
 *(.eb0rodata)
 *(.eb0rodata.*)

.eb1text
 *(.eb1text)
 *(.eb1rodata)
 *(.eb1rodata.*)

.eb2text
 *(.eb2text)
 *(.eb2rodata)
 *(.eb2rodata.*)

.eb3text
 *(.eb3text)
 *(.eb3rodata)
 *(.eb3rodata.*)

.stab
 *(.stab)

.stabstr
 *(.stabstr)

.stab.excl
 *(.stab.excl)

.stab.exclstr
 *(.stab.exclstr)

.stab.index
 *(.stab.index)

.stab.indexstr
 *(.stab.indexstr)

.comment        0x00000000       0xe0
 *(.comment)
 .comment       0x00000000       0x70 ./system/src/stm32f4/misc.o
                                 0x71 (size before relaxing)
 .comment       0x00000000       0x71 ./system/src/stm32f4/stm32f4xx_dma.o
 .comment       0x00000000       0x71 ./system/src/stm32f4/stm32f4xx_fmc.o
 .comment       0x00000000       0x71 ./system/src/stm32f4/stm32f4xx_gpio.o
 .comment       0x00000000       0x71 ./system/src/stm32f4/stm32f4xx_i2c.o
 .comment       0x00000000       0x71 ./system/src/stm32f4/stm32f4xx_rcc.o
 .comment       0x00000000       0x71 ./system/src/stm32f4/stm32f4xx_spi.o
 .comment       0x00000000       0x71 ./system/src/stm32f4/stm32f4xx_tim.o
 .comment       0x00000000       0x71 ./system/src/newlib/_exit.o
 .comment       0x00000000       0x71 ./system/src/newlib/_sbrk.o
 .comment       0x00000000       0x71 ./system/src/newlib/_startup.o
 .comment       0x00000000       0x71 ./system/src/newlib/_syscalls.o
 .comment       0x00000000       0x71 ./system/src/cortexm/_initialize_hardware.o
 .comment       0x00000000       0x71 ./system/src/cortexm/_reset_hardware.o
 .comment       0x00000000       0x71 ./system/src/cortexm/exception_handlers.o
 .comment       0x00000000       0x71 ./system/src/cmsis/system_stm32f4xx.o
 .comment       0x00000000       0x71 ./system/src/cmsis/vectors_stm32f429xx.o
 .comment       0x00000000       0x71 ./src/ui/ui.o
 .comment       0x00000000       0x71 ./src/ugui/ugui.o
 .comment       0x00000000       0x71 ./src/tm/tm_stm32f4_dma.o
 .comment       0x00000000       0x71 ./src/tm/tm_stm32f4_gpio.o
 .comment       0x00000000       0x71 ./src/tm/tm_stm32f4_i2c.o
 .comment       0x00000000       0x71 ./src/tm/tm_stm32f4_ili9341_button.o
 .comment       0x00000000       0x71 ./src/tm/tm_stm32f4_sdram.o
 .comment       0x00000000       0x71 ./src/stdio/printf.o
 .comment       0x00000000       0x71 ./src/si5351/si5351.o
 .comment       0x00000000       0x71 ./src/ra8875/gsl1680.o
 .comment       0x00000000       0x71 ./src/ra8875/ui_ra8875.o
 .comment       0x00000000       0x71 ./src/ra8875/ui_ra8875_fonts.o
 .comment       0x00000000       0x71 ./src/i2c/mchf_hw_i2c.o
 .comment       0x00000000       0x71 ./src/encoder/ui_rotary.o
 .comment       0x00000000       0x71 ./src/codec/audio.o
 .comment       0x00000000       0x71 ./src/codec/codec.o
 .comment       0x00000000       0x71 ./src/codec/i2s.o
 .comment       0x00000000       0x71 ./src/button/tm_stm32f4_button.o
 .comment       0x00000000       0x71 ./src/button/tm_stm32f4_delay.o
 .comment       0x00000000       0x71 ./src/main.o
 .comment       0x00000070       0x70 C:\Users\gmtii\workspace\disco-noFB\libs\libarm_cortexM4lf_math_r4p5.a(arm_const_structs.o)
                                 0x71 (size before relaxing)
 .comment       0x00000000       0x71 C:\Users\gmtii\workspace\disco-noFB\libs\libarm_cortexM4lf_math_r4p5.a(arm_common_tables.o)
 .comment       0x00000000       0x71 C:\Users\gmtii\workspace\disco-noFB\libs\libarm_cortexM4lf_math_r4p5.a(arm_fill_f32.o)
 .comment       0x00000000       0x71 C:\Users\gmtii\workspace\disco-noFB\libs\libarm_cortexM4lf_math_r4p5.a(arm_copy_q15.o)
 .comment       0x00000000       0x71 C:\Users\gmtii\workspace\disco-noFB\libs\libarm_cortexM4lf_math_r4p5.a(arm_copy_f32.o)
 .comment       0x00000000       0x71 C:\Users\gmtii\workspace\disco-noFB\libs\libarm_cortexM4lf_math_r4p5.a(arm_min_q15.o)
 .comment       0x00000000       0x71 C:\Users\gmtii\workspace\disco-noFB\libs\libarm_cortexM4lf_math_r4p5.a(arm_min_f32.o)
 .comment       0x00000000       0x71 C:\Users\gmtii\workspace\disco-noFB\libs\libarm_cortexM4lf_math_r4p5.a(arm_mean_q15.o)
 .comment       0x00000000       0x71 C:\Users\gmtii\workspace\disco-noFB\libs\libarm_cortexM4lf_math_r4p5.a(arm_mean_f32.o)
 .comment       0x00000000       0x71 C:\Users\gmtii\workspace\disco-noFB\libs\libarm_cortexM4lf_math_r4p5.a(arm_max_q15.o)
 .comment       0x00000000       0x71 C:\Users\gmtii\workspace\disco-noFB\libs\libarm_cortexM4lf_math_r4p5.a(arm_max_f32.o)
 .comment       0x00000000       0x71 C:\Users\gmtii\workspace\disco-noFB\libs\libarm_cortexM4lf_math_r4p5.a(arm_cfft_f32.o)
 .comment       0x00000000       0x71 C:\Users\gmtii\workspace\disco-noFB\libs\libarm_cortexM4lf_math_r4p5.a(arm_lms_norm_init_f32.o)
 .comment       0x00000000       0x71 C:\Users\gmtii\workspace\disco-noFB\libs\libarm_cortexM4lf_math_r4p5.a(arm_lms_norm_f32.o)
 .comment       0x00000000       0x71 C:\Users\gmtii\workspace\disco-noFB\libs\libarm_cortexM4lf_math_r4p5.a(arm_iir_lattice_f32.o)
 .comment       0x00000000       0x71 C:\Users\gmtii\workspace\disco-noFB\libs\libarm_cortexM4lf_math_r4p5.a(arm_fir_interpolate_f32.o)
 .comment       0x00000000       0x71 C:\Users\gmtii\workspace\disco-noFB\libs\libarm_cortexM4lf_math_r4p5.a(arm_fir_init_f32.o)
 .comment       0x00000000       0x71 C:\Users\gmtii\workspace\disco-noFB\libs\libarm_cortexM4lf_math_r4p5.a(arm_fir_f32.o)
 .comment       0x00000000       0x71 C:\Users\gmtii\workspace\disco-noFB\libs\libarm_cortexM4lf_math_r4p5.a(arm_fir_decimate_f32.o)
 .comment       0x00000000       0x71 C:\Users\gmtii\workspace\disco-noFB\libs\libarm_cortexM4lf_math_r4p5.a(arm_cmplx_mag_f32.o)
 .comment       0x00000000       0x71 C:\Users\gmtii\workspace\disco-noFB\libs\libarm_cortexM4lf_math_r4p5.a(arm_sin_f32.o)
 .comment       0x00000000       0x71 C:\Users\gmtii\workspace\disco-noFB\libs\libarm_cortexM4lf_math_r4p5.a(arm_cos_f32.o)
 .comment       0x00000000       0x71 C:\Users\gmtii\workspace\disco-noFB\libs\libarm_cortexM4lf_math_r4p5.a(arm_sub_f32.o)
 .comment       0x00000000       0x71 C:\Users\gmtii\workspace\disco-noFB\libs\libarm_cortexM4lf_math_r4p5.a(arm_scale_f32.o)
 .comment       0x00000000       0x71 C:\Users\gmtii\workspace\disco-noFB\libs\libarm_cortexM4lf_math_r4p5.a(arm_mult_f32.o)
 .comment       0x00000000       0x71 C:\Users\gmtii\workspace\disco-noFB\libs\libarm_cortexM4lf_math_r4p5.a(arm_add_f32.o)
 .comment       0x00000000       0x71 C:\Users\gmtii\workspace\disco-noFB\libs\libarm_cortexM4lf_math_r4p5.a(arm_cfft_radix8_f32.o)

.ARM.attributes
                0x00000000       0x39
 .ARM.attributes
                0x00000000       0x39 ./system/src/stm32f4/misc.o
 .ARM.attributes
                0x00000039       0x39 ./system/src/stm32f4/stm32f4xx_dma.o
 .ARM.attributes
                0x00000072       0x39 ./system/src/stm32f4/stm32f4xx_fmc.o
 .ARM.attributes
                0x000000ab       0x39 ./system/src/stm32f4/stm32f4xx_gpio.o
 .ARM.attributes
                0x000000e4       0x39 ./system/src/stm32f4/stm32f4xx_i2c.o
 .ARM.attributes
                0x0000011d       0x39 ./system/src/stm32f4/stm32f4xx_rcc.o
 .ARM.attributes
                0x00000156       0x39 ./system/src/stm32f4/stm32f4xx_spi.o
 .ARM.attributes
                0x0000018f       0x39 ./system/src/stm32f4/stm32f4xx_tim.o
 .ARM.attributes
                0x000001c8       0x39 ./system/src/newlib/_exit.o
 .ARM.attributes
                0x00000201       0x39 ./system/src/newlib/_sbrk.o
 .ARM.attributes
                0x0000023a       0x39 ./system/src/newlib/_startup.o
 .ARM.attributes
                0x00000273       0x39 ./system/src/newlib/_syscalls.o
 .ARM.attributes
                0x000002ac       0x39 ./system/src/cortexm/_initialize_hardware.o
 .ARM.attributes
                0x000002e5       0x39 ./system/src/cortexm/_reset_hardware.o
 .ARM.attributes
                0x0000031e       0x39 ./system/src/cortexm/exception_handlers.o
 .ARM.attributes
                0x00000357       0x39 ./system/src/cmsis/system_stm32f4xx.o
 .ARM.attributes
                0x00000390       0x39 ./system/src/cmsis/vectors_stm32f429xx.o
 .ARM.attributes
                0x000003c9       0x39 ./src/ui/ui.o
 .ARM.attributes
                0x00000402       0x39 ./src/ugui/ugui.o
 .ARM.attributes
                0x0000043b       0x39 ./src/tm/tm_stm32f4_dma.o
 .ARM.attributes
                0x00000474       0x39 ./src/tm/tm_stm32f4_gpio.o
 .ARM.attributes
                0x000004ad       0x39 ./src/tm/tm_stm32f4_i2c.o
 .ARM.attributes
                0x000004e6       0x39 ./src/tm/tm_stm32f4_ili9341_button.o
 .ARM.attributes
                0x0000051f       0x39 ./src/tm/tm_stm32f4_sdram.o
 .ARM.attributes
                0x00000558       0x39 ./src/stdio/printf.o
 .ARM.attributes
                0x00000591       0x39 ./src/si5351/si5351.o
 .ARM.attributes
                0x000005ca       0x39 ./src/ra8875/gsl1680.o
 .ARM.attributes
                0x00000603       0x39 ./src/ra8875/ui_ra8875.o
 .ARM.attributes