Archive member included because of file (symbol)

C:\Users\gmtii\workspace\disco-noFB-noUGUI\libs\libarm_cortexM4lf_math_r4p5.a(arm_const_structs.o)
                              ./src/ui/ui.o (arm_cfft_sR_f32_len1024)
C:\Users\gmtii\workspace\disco-noFB-noUGUI\libs\libarm_cortexM4lf_math_r4p5.a(arm_common_tables.o)
                              C:\Users\gmtii\workspace\disco-noFB-noUGUI\libs\libarm_cortexM4lf_math_r4p5.a(arm_const_structs.o) (armBitRevIndexTable_fixed_4096)
C:\Users\gmtii\workspace\disco-noFB-noUGUI\libs\libarm_cortexM4lf_math_r4p5.a(arm_fill_f32.o)
                              ./src/codec/audio.o (arm_fill_f32)
C:\Users\gmtii\workspace\disco-noFB-noUGUI\libs\libarm_cortexM4lf_math_r4p5.a(arm_copy_q15.o)
                              ./src/ui/ui.o (arm_copy_q15)
C:\Users\gmtii\workspace\disco-noFB-noUGUI\libs\libarm_cortexM4lf_math_r4p5.a(arm_copy_f32.o)
                              ./src/ui/ui.o (arm_copy_f32)
C:\Users\gmtii\workspace\disco-noFB-noUGUI\libs\libarm_cortexM4lf_math_r4p5.a(arm_min_q15.o)
                              ./src/ui/ui.o (arm_min_q15)
C:\Users\gmtii\workspace\disco-noFB-noUGUI\libs\libarm_cortexM4lf_math_r4p5.a(arm_min_f32.o)
                              ./src/ui/ui.o (arm_min_f32)
C:\Users\gmtii\workspace\disco-noFB-noUGUI\libs\libarm_cortexM4lf_math_r4p5.a(arm_mean_q15.o)
                              ./src/ui/ui.o (arm_mean_q15)
C:\Users\gmtii\workspace\disco-noFB-noUGUI\libs\libarm_cortexM4lf_math_r4p5.a(arm_mean_f32.o)
                              ./src/ui/ui.o (arm_mean_f32)
C:\Users\gmtii\workspace\disco-noFB-noUGUI\libs\libarm_cortexM4lf_math_r4p5.a(arm_max_q15.o)
                              ./src/ui/ui.o (arm_max_q15)
C:\Users\gmtii\workspace\disco-noFB-noUGUI\libs\libarm_cortexM4lf_math_r4p5.a(arm_max_f32.o)
                              ./src/ui/ui.o (arm_max_f32)
C:\Users\gmtii\workspace\disco-noFB-noUGUI\libs\libarm_cortexM4lf_math_r4p5.a(arm_cfft_f32.o)
                              ./src/ui/ui.o (arm_cfft_f32)
C:\Users\gmtii\workspace\disco-noFB-noUGUI\libs\libarm_cortexM4lf_math_r4p5.a(arm_lms_norm_init_f32.o)
                              ./src/codec/audio.o (arm_lms_norm_init_f32)
C:\Users\gmtii\workspace\disco-noFB-noUGUI\libs\libarm_cortexM4lf_math_r4p5.a(arm_lms_norm_f32.o)
                              ./src/codec/audio.o (arm_lms_norm_f32)
C:\Users\gmtii\workspace\disco-noFB-noUGUI\libs\libarm_cortexM4lf_math_r4p5.a(arm_iir_lattice_f32.o)
                              ./src/codec/audio.o (arm_iir_lattice_f32)
C:\Users\gmtii\workspace\disco-noFB-noUGUI\libs\libarm_cortexM4lf_math_r4p5.a(arm_fir_interpolate_f32.o)
                              ./src/codec/audio.o (arm_fir_interpolate_f32)
C:\Users\gmtii\workspace\disco-noFB-noUGUI\libs\libarm_cortexM4lf_math_r4p5.a(arm_fir_init_f32.o)
                              ./src/ui/ui.o (arm_fir_init_f32)
C:\Users\gmtii\workspace\disco-noFB-noUGUI\libs\libarm_cortexM4lf_math_r4p5.a(arm_fir_f32.o)
                              ./src/codec/audio.o (arm_fir_f32)
C:\Users\gmtii\workspace\disco-noFB-noUGUI\libs\libarm_cortexM4lf_math_r4p5.a(arm_fir_decimate_f32.o)
                              ./src/codec/audio.o (arm_fir_decimate_f32)
C:\Users\gmtii\workspace\disco-noFB-noUGUI\libs\libarm_cortexM4lf_math_r4p5.a(arm_cmplx_mag_f32.o)
                              ./src/ui/ui.o (arm_cmplx_mag_f32)
C:\Users\gmtii\workspace\disco-noFB-noUGUI\libs\libarm_cortexM4lf_math_r4p5.a(arm_sin_f32.o)
                              ./src/ui/ui.o (arm_sin_f32)
C:\Users\gmtii\workspace\disco-noFB-noUGUI\libs\libarm_cortexM4lf_math_r4p5.a(arm_cos_f32.o)
                              ./src/ui/ui.o (arm_cos_f32)
C:\Users\gmtii\workspace\disco-noFB-noUGUI\libs\libarm_cortexM4lf_math_r4p5.a(arm_sub_f32.o)
                              ./src/ui/ui.o (arm_sub_f32)
C:\Users\gmtii\workspace\disco-noFB-noUGUI\libs\libarm_cortexM4lf_math_r4p5.a(arm_scale_f32.o)
                              ./src/ui/ui.o (arm_scale_f32)
C:\Users\gmtii\workspace\disco-noFB-noUGUI\libs\libarm_cortexM4lf_math_r4p5.a(arm_mult_f32.o)
                              ./src/codec/audio.o (arm_mult_f32)
C:\Users\gmtii\workspace\disco-noFB-noUGUI\libs\libarm_cortexM4lf_math_r4p5.a(arm_add_f32.o)
                              ./src/ui/ui.o (arm_add_f32)
C:\Users\gmtii\workspace\disco-noFB-noUGUI\libs\libarm_cortexM4lf_math_r4p5.a(arm_bitreversal2.o)
                              C:\Users\gmtii\workspace\disco-noFB-noUGUI\libs\libarm_cortexM4lf_math_r4p5.a(arm_cfft_f32.o) (arm_bitreversal_32)
C:\Users\gmtii\workspace\disco-noFB-noUGUI\libs\libarm_cortexM4lf_math_r4p5.a(arm_cfft_radix8_f32.o)
                              C:\Users\gmtii\workspace\disco-noFB-noUGUI\libs\libarm_cortexM4lf_math_r4p5.a(arm_cfft_f32.o) (arm_radix8_butterfly_f32)
C:\Users\gmtii\workspace\disco-noFB-noUGUI\libs\libm.a(lib_a-s_cos.o)
                              ./src/ra8875/ui_ra8875.o (cos)
[...]
Memory Configuration

Name             Origin             Length             Attributes
RAM              0x20000000         0x00030000         xrw
CCMRAM           0x10000000         0x00010000         xrw
FLASH            0x08000000         0x00200000         xr
FLASHB1          0x00000000         0x00000000         xr
EXTMEMB0         0x00000000         0x00000000         xr
EXTMEMB1         0x00000000         0x00000000         xr
EXTMEMB2         0x00000000         0x00000000         xr
EXTMEMB3         0x00000000         0x00000000         xr
MEMORY_ARRAY     0x20002000         0x00000020         xrw
*default*        0x00000000         0xffffffff

Linker script and memory map

LOAD ./system/src/stm32f4/misc.o
LOAD ./system/src/stm32f4/stm32f4xx_adc.o
LOAD ./system/src/stm32f4/stm32f4xx_dma.o
LOAD ./system/src/stm32f4/stm32f4xx_dma2d.o
LOAD ./system/src/stm32f4/stm32f4xx_fmc.o
LOAD ./system/src/stm32f4/stm32f4xx_gpio.o
LOAD ./system/src/stm32f4/stm32f4xx_i2c.o
LOAD ./system/src/stm32f4/stm32f4xx_ltdc.o
LOAD ./system/src/stm32f4/stm32f4xx_rcc.o
LOAD ./system/src/stm32f4/stm32f4xx_spi.o
LOAD ./system/src/stm32f4/stm32f4xx_tim.o
LOAD ./system/src/stm32f4/stm32f4xx_usart.o
LOAD ./system/src/newlib/_cxx.o
LOAD ./system/src/newlib/_exit.o
LOAD ./system/src/newlib/_sbrk.o
LOAD ./system/src/newlib/_startup.o
LOAD ./system/src/newlib/_syscalls.o
LOAD ./system/src/newlib/assert.o
LOAD ./system/src/diag/Trace.o
LOAD ./system/src/diag/trace_impl.o
LOAD ./system/src/cortexm/_initialize_hardware.o
LOAD ./system/src/cortexm/_reset_hardware.o
LOAD ./system/src/cortexm/exception_handlers.o
LOAD ./system/src/cmsis/system_stm32f4xx.o
LOAD ./system/src/cmsis/vectors_stm32f429xx.o
LOAD ./src/ui/ui.o
LOAD ./src/tm/tm_stm32f4_disco.o
LOAD ./src/tm/tm_stm32f4_dma.o
LOAD ./src/tm/tm_stm32f4_dma2d_graphic.o
LOAD ./src/tm/tm_stm32f4_fonts.o
LOAD ./src/tm/tm_stm32f4_gpio.o
LOAD ./src/tm/tm_stm32f4_i2c.o
LOAD ./src/tm/tm_stm32f4_ili9341_button.o
LOAD ./src/tm/tm_stm32f4_ili9341_ltdc.o
LOAD ./src/tm/tm_stm32f4_sdram.o
LOAD ./src/tm/tm_stm32f4_spi.o
LOAD ./src/stdio/printf.o
LOAD ./src/si570/ui_si570.o
LOAD ./src/si5351/si5351.o
LOAD ./src/ra8875/gsl1680.o
LOAD ./src/ra8875/ui_ra8875.o
LOAD ./src/ra8875/ui_ra8875_fonts.o
LOAD ./src/i2c/mchf_hw_i2c.o
LOAD ./src/encoder/ui_rotary.o
LOAD ./src/codec/audio.o
LOAD ./src/codec/codec.o
LOAD ./src/codec/cyclesleep.o
LOAD ./src/codec/i2s.o
LOAD ./src/button/tm_stm32f4_button.o
LOAD ./src/button/tm_stm32f4_delay.o
LOAD ./src/button/tm_stm32f4_timer_properties.o
LOAD ./src/main.o
LOAD C:\Users\gmtii\workspace\disco-noFB-noUGUI\libs\libarm_cortexM4lf_math_r4p5.a
LOAD d:/stm32/gcc/bin/../lib/gcc/arm-none-eabi/4.9.3/../../../../arm-none-eabi/lib/armv7e-m/fpu\libstdc++_nano.a
LOAD C:\Users\gmtii\workspace\disco-noFB-noUGUI\libs\libm.a
START GROUP
LOAD d:/stm32/gcc/bin/../lib/gcc/arm-none-eabi/4.9.3/armv7e-m/fpu\libgcc.a
LOAD d:/stm32/gcc/bin/../lib/gcc/arm-none-eabi/4.9.3/../../../../arm-none-eabi/lib/armv7e-m/fpu\libg_nano.a
LOAD d:/stm32/gcc/bin/../lib/gcc/arm-none-eabi/4.9.3/../../../../arm-none-eabi/lib/armv7e-m/fpu\libc_nano.a
END GROUP
START GROUP
LOAD d:/stm32/gcc/bin/../lib/gcc/arm-none-eabi/4.9.3/armv7e-m/fpu\libgcc.a
LOAD d:/stm32/gcc/bin/../lib/gcc/arm-none-eabi/4.9.3/../../../../arm-none-eabi/lib/armv7e-m/fpu\libc_nano.a
END GROUP
                0x20030000                __stack = (ORIGIN (RAM) + 0x30000)
                0x20030000                _estack = __stack
                0x00000400                __Main_Stack_Size = 0x400
                0x00000400                PROVIDE (_Main_Stack_Size, __Main_Stack_Size)
                0x2002fc00                __Main_Stack_Limit = (__stack - __Main_Stack_Size)
                0x2002fc00                PROVIDE (_Main_Stack_Limit, __Main_Stack_Limit)
                0x00000100                _Minimum_Stack_Size = 0x100
                0x2002e338                PROVIDE (_Heap_Begin, _end_noinit)
                0x2002fc00                PROVIDE (_Heap_Limit, (__stack - __Main_Stack_Size))

.isr_vector     0x08000000      0x35c
 FILL mask 0xff
                0x08000000                __vectors_start = ABSOLUTE (.)
                0x08000000                __vectors_start__ = ABSOLUTE (.)
 *(.isr_vector)
 .isr_vector    0x08000000      0x1ac ./system/src/cmsis/vectors_stm32f429xx.o
                0x08000000                __isr_vectors
 *(.cfmconfig)
 *(.after_vectors .after_vectors.*)
 .after_vectors
                0x080001ac      0x138 ./system/src/newlib/_startup.o
                0x080001ac                _start
 .after_vectors
                0x080002e4       0x74 ./system/src/cortexm/exception_handlers.o
                0x080002e4                Reset_Handler
                0x080002e8                NMI_Handler
                0x080002ec                HardFault_Handler
                0x08000300                HardFault_Handler_C
                0x08000304                MemManage_Handler
                0x08000308                BusFault_Handler
                0x0800031c                BusFault_Handler_C
                0x08000320                UsageFault_Handler
                0x08000334                UsageFault_Handler_C
                0x08000338                SVC_Handler
                0x0800033c                DebugMon_Handler
                0x08000340                PendSV_Handler
 .after_vectors
                0x08000358        0x4 ./system/src/cmsis/vectors_stm32f429xx.o
                0x08000358                RTC_Alarm_IRQHandler
                0x08000358                HASH_RNG_IRQHandler
                0x08000358                EXTI2_IRQHandler
                0x08000358                TIM8_CC_IRQHandler
                0x08000358                UART8_IRQHandler
                0x08000358                SPI4_IRQHandler
                0x08000358                TIM1_CC_IRQHandler
                0x08000358                PVD_IRQHandler
                0x08000358                SDIO_IRQHandler
                0x08000358                TAMP_STAMP_IRQHandler
                0x08000358                CAN2_RX1_IRQHandler
                0x08000358                EXTI3_IRQHandler
                0x08000358                TIM8_TRG_COM_TIM14_IRQHandler
                0x08000358                TIM1_UP_TIM10_IRQHandler
                0x08000358                TIM8_UP_TIM13_IRQHandler
                0x08000358                I2C3_ER_IRQHandler
                0x08000358                EXTI0_IRQHandler
                0x08000358                I2C2_EV_IRQHandler
                0x08000358                CAN1_RX0_IRQHandler
                0x08000358                FPU_IRQHandler
                0x08000358                OTG_HS_WKUP_IRQHandler
                0x08000358                LTDC_ER_IRQHandler
                0x08000358                CAN2_SCE_IRQHandler
                0x08000358                SPI1_IRQHandler
                0x08000358                TIM6_DAC_IRQHandler
                0x08000358                TIM1_BRK_TIM9_IRQHandler
                0x08000358                DCMI_IRQHandler
                0x08000358                CAN2_RX0_IRQHandler
                0x08000358                USART6_IRQHandler
                0x08000358                USART3_IRQHandler
                0x08000358                CAN1_RX1_IRQHandler
                0x08000358                UART5_IRQHandler
                0x08000358                TIM4_IRQHandler
                0x08000358                I2C1_EV_IRQHandler
                0x08000358                UART4_IRQHandler
                0x08000358                TIM3_IRQHandler
                0x08000358                RCC_IRQHandler
                0x08000358                TIM8_BRK_TIM12_IRQHandler
                0x08000358                Default_Handler
                0x08000358                EXTI15_10_IRQHandler
                0x08000358                ADC_IRQHandler
                0x08000358                SPI5_IRQHandler
                0x08000358                TIM7_IRQHandler
                0x08000358                CAN2_TX_IRQHandler
                0x08000358                TIM5_IRQHandler
                0x08000358                I2C3_EV_IRQHandler
                0x08000358                EXTI9_5_IRQHandler
                0x08000358                RTC_WKUP_IRQHandler
                0x08000358                LTDC_IRQHandler
                0x08000358                ETH_WKUP_IRQHandler
                0x08000358                SPI2_IRQHandler
                0x08000358                OTG_HS_EP1_IN_IRQHandler
                0x08000358                CAN1_TX_IRQHandler
                0x08000358                EXTI4_IRQHandler
                0x08000358                ETH_IRQHandler
                0x08000358                OTG_HS_EP1_OUT_IRQHandler
                0x08000358                WWDG_IRQHandler
                0x08000358                SPI6_IRQHandler
                0x08000358                TIM2_IRQHandler
                0x08000358                OTG_FS_WKUP_IRQHandler
                0x08000358                TIM1_TRG_COM_TIM11_IRQHandler
                0x08000358                OTG_HS_IRQHandler
                0x08000358                DMA2D_IRQHandler
                0x08000358                EXTI1_IRQHandler
                0x08000358                UART7_IRQHandler
                0x08000358                USART2_IRQHandler
                0x08000358                I2C2_ER_IRQHandler
                0x08000358                CAN1_SCE_IRQHandler
                0x08000358                FLASH_IRQHandler
                0x08000358                USART1_IRQHandler
                0x08000358                OTG_FS_IRQHandler
                0x08000358                SPI3_IRQHandler
                0x08000358                I2C1_ER_IRQHandler
                0x08000358                FMC_IRQHandler
                0x08000358                SAI1_IRQHandler

.inits          0x0800035c       0x28
                0x0800035c                __data_regions_array_start = .
                0x0800035c        0x4 LONG 0x80405a0 LOADADDR (.data)
                0x08000360        0x4 LONG 0x20000000 ADDR (.data)
                0x08000364        0x4 LONG 0x20000494 (ADDR (.data) + SIZEOF (.data))
                0x08000368        0x4 LONG 0x80405a0 LOADADDR (.data_CCMRAM)
                0x0800036c        0x4 LONG 0x10000000 ADDR (.data_CCMRAM)
                0x08000370        0x4 LONG 0x10000000 (ADDR (.data_CCMRAM) + SIZEOF (.data_CCMRAM))
                0x08000374                __data_regions_array_end = .
                0x08000374                __bss_regions_array_start = .
                0x08000374        0x4 LONG 0x200285e0 ADDR (.bss)
                0x08000378        0x4 LONG 0x2002e338 (ADDR (.bss) + SIZEOF (.bss))
                0x0800037c        0x4 LONG 0x10000000 ADDR (.bss_CCMRAM)
                0x08000380        0x4 LONG 0x10000000 (ADDR (.bss_CCMRAM) + SIZEOF (.bss_CCMRAM))
                0x08000384                __bss_regions_array_end = .
 *(.init)
 *(.fini)
                0x08000384                . = ALIGN (0x4)
                0x08000384                PROVIDE (__preinit_array_start, .)
 *(.preinit_array_sysinit .preinit_array_sysinit.*)
 *(.preinit_array_platform .preinit_array_platform.*)
 *(.preinit_array .preinit_array.*)
                0x08000384                PROVIDE (__preinit_array_end, .)
                0x08000384                . = ALIGN (0x4)
                0x08000384                PROVIDE (__init_array_start, .)
 *(SORT(.init_array.*))
 *(.init_array)
                0x08000384                PROVIDE (__init_array_end, .)
                0x08000384                . = ALIGN (0x4)
                0x08000384                PROVIDE (__fini_array_start, .)
 *(SORT(.fini_array.*))
 *(.fini_array)
                0x08000384                PROVIDE (__fini_array_end, .)

.flashtext
 *(.flashtext .flashtext.*)

.text           0x08000388    0x40210
 *(.text .text.*)
 .text.NVIC_Init
                0x08000388       0x70 ./system/src/stm32f4/misc.o
                0x08000388                NVIC_Init
 .text.DMA_DeInit
                0x080003f8      0x130 ./system/src/stm32f4/stm32f4xx_dma.o
                0x080003f8                DMA_DeInit
 .text.DMA_Init
                0x08000528       0x70 ./system/src/stm32f4/stm32f4xx_dma.o
                0x08000528                DMA_Init
 .text.DMA_StructInit
                0x08000598       0x24 ./system/src/stm32f4/stm32f4xx_dma.o
                0x08000598                DMA_StructInit
 .text.DMA_Cmd  0x080005bc       0x14 ./system/src/stm32f4/stm32f4xx_dma.o
                0x080005bc                DMA_Cmd
 .text.DMA_SetCurrDataCounter
                0x080005d0        0x4 ./system/src/stm32f4/stm32f4xx_dma.o
                0x080005d0                DMA_SetCurrDataCounter
 .text.DMA_GetFlagStatus
                0x080005d4       0x3c ./system/src/stm32f4/stm32f4xx_dma.o
                0x080005d4                DMA_GetFlagStatus
 .text.DMA_ClearFlag
                0x08000610       0x34 ./system/src/stm32f4/stm32f4xx_dma.o
                0x08000610                DMA_ClearFlag
 .text.DMA_ITConfig
                0x08000644       0x40 ./system/src/stm32f4/stm32f4xx_dma.o
                0x08000644                DMA_ITConfig
 .text.DMA_GetITStatus
                0x08000684       0x50 ./system/src/stm32f4/stm32f4xx_dma.o
                0x08000684                DMA_GetITStatus
 .text.DMA_ClearITPendingBit
                0x080006d4       0x34 ./system/src/stm32f4/stm32f4xx_dma.o
                0x080006d4                DMA_ClearITPendingBit
 .text.FMC_NORSRAMInit
                0x08000708      0x114 ./system/src/stm32f4/stm32f4xx_fmc.o
                0x08000708                FMC_NORSRAMInit
 .text.FMC_NORSRAMCmd
                0x0800081c       0x20 ./system/src/stm32f4/stm32f4xx_fmc.o
                0x0800081c                FMC_NORSRAMCmd
 .text.FMC_SDRAMInit
                0x0800083c      0x114 ./system/src/stm32f4/stm32f4xx_fmc.o
                0x0800083c                FMC_SDRAMInit
 .text.FMC_SDRAMCmdConfig
                0x08000950       0x20 ./system/src/stm32f4/stm32f4xx_fmc.o
                0x08000950                FMC_SDRAMCmdConfig
 .text.FMC_SetRefreshCount
                0x08000970       0x10 ./system/src/stm32f4/stm32f4xx_fmc.o
                0x08000970                FMC_SetRefreshCount
 .text.FMC_GetFlagStatus
                0x08000980       0x44 ./system/src/stm32f4/stm32f4xx_fmc.o
                0x08000980                FMC_GetFlagStatus
 .text.GPIO_Init
                0x080009c4       0xb4 ./system/src/stm32f4/stm32f4xx_gpio.o
                0x080009c4                GPIO_Init
 .text.GPIO_ReadInputDataBit
                0x08000a78        0xc ./system/src/stm32f4/stm32f4xx_gpio.o
                0x08000a78                GPIO_ReadInputDataBit
 .text.GPIO_SetBits
                0x08000a84        0x4 ./system/src/stm32f4/stm32f4xx_gpio.o
                0x08000a84                GPIO_SetBits
 .text.GPIO_ResetBits
                0x08000a88        0x4 ./system/src/stm32f4/stm32f4xx_gpio.o
                0x08000a88                GPIO_ResetBits
 .text.GPIO_ToggleBits
                0x08000a8c        0x8 ./system/src/stm32f4/stm32f4xx_gpio.o
                0x08000a8c                GPIO_ToggleBits
 .text.GPIO_PinAFConfig
                0x08000a94       0x28 ./system/src/stm32f4/stm32f4xx_gpio.o
                0x08000a94                GPIO_PinAFConfig
 .text.I2C_Init
                0x08000abc       0xe8 ./system/src/stm32f4/stm32f4xx_i2c.o
                0x08000abc                I2C_Init
 .text.I2C_GenerateSTART
                0x08000ba4       0x1c ./system/src/stm32f4/stm32f4xx_i2c.o
                0x08000ba4                I2C_GenerateSTART
 .text.I2C_GenerateSTOP
                0x08000bc0       0x1c ./system/src/stm32f4/stm32f4xx_i2c.o
                0x08000bc0                I2C_GenerateSTOP
 .text.I2C_Send7bitAddress
                0x08000bdc       0x18 ./system/src/stm32f4/stm32f4xx_i2c.o
                0x08000bdc                I2C_Send7bitAddress
 .text.I2C_AcknowledgeConfig
                0x08000bf4       0x1c ./system/src/stm32f4/stm32f4xx_i2c.o
                0x08000bf4                I2C_AcknowledgeConfig
 .text.I2C_SendData
                0x08000c10        0x4 ./system/src/stm32f4/stm32f4xx_i2c.o
                0x08000c10                I2C_SendData
 .text.I2C_ReceiveData
                0x08000c14        0x8 ./system/src/stm32f4/stm32f4xx_i2c.o
                0x08000c14                I2C_ReceiveData
 .text.I2C_CheckEvent
                0x08000c1c       0x1c ./system/src/stm32f4/stm32f4xx_i2c.o
                0x08000c1c                I2C_CheckEvent
 .text.I2C_GetFlagStatus
                0x08000c38       0x38 ./system/src/stm32f4/stm32f4xx_i2c.o
                0x08000c38                I2C_GetFlagStatus
 .text.I2C_ClearFlag
                0x08000c70        0x8 ./system/src/stm32f4/stm32f4xx_i2c.o
                0x08000c70                I2C_ClearFlag
 .text.RCC_MCO2Config
                0x08000c78       0x14 ./system/src/stm32f4/stm32f4xx_rcc.o
                0x08000c78                RCC_MCO2Config
 .text.RCC_GetClocksFreq
                0x08000c8c       0x98 ./system/src/stm32f4/stm32f4xx_rcc.o
                0x08000c8c                RCC_GetClocksFreq
 .text.RCC_AHB1PeriphClockCmd
                0x08000d24       0x18 ./system/src/stm32f4/stm32f4xx_rcc.o
                0x08000d24                RCC_AHB1PeriphClockCmd
 .text.RCC_AHB3PeriphClockCmd
                0x08000d3c       0x18 ./system/src/stm32f4/stm32f4xx_rcc.o
                0x08000d3c                RCC_AHB3PeriphClockCmd
 .text.RCC_APB1PeriphClockCmd
                0x08000d54       0x18 ./system/src/stm32f4/stm32f4xx_rcc.o
                0x08000d54                RCC_APB1PeriphClockCmd
 .text.RCC_APB2PeriphClockCmd
                0x08000d6c       0x18 ./system/src/stm32f4/stm32f4xx_rcc.o
                0x08000d6c                RCC_APB2PeriphClockCmd
 .text.RCC_APB1PeriphResetCmd
                0x08000d84       0x18 ./system/src/stm32f4/stm32f4xx_rcc.o
                0x08000d84                RCC_APB1PeriphResetCmd
 .text.RCC_APB2PeriphResetCmd
                0x08000d9c       0x18 ./system/src/stm32f4/stm32f4xx_rcc.o
                0x08000d9c                RCC_APB2PeriphResetCmd
 .text.SPI_I2S_DeInit
                0x08000db4       0xd0 ./system/src/stm32f4/stm32f4xx_spi.o
                0x08000db4                SPI_I2S_DeInit
 .text.I2S_Init
                0x08000e84      0x100 ./system/src/stm32f4/stm32f4xx_spi.o
                0x08000e84                I2S_Init
 .text.I2S_Cmd  0x08000f84       0x1c ./system/src/stm32f4/stm32f4xx_spi.o
                0x08000f84                I2S_Cmd
 .text.I2S_FullDuplexConfig
                0x08000fa0       0x48 ./system/src/stm32f4/stm32f4xx_spi.o
                0x08000fa0                I2S_FullDuplexConfig
 .text.SPI_I2S_DMACmd
                0x08000fe8       0x14 ./system/src/stm32f4/stm32f4xx_spi.o
                0x08000fe8                SPI_I2S_DMACmd
 .text.TIM_TimeBaseInit
                0x08000ffc       0x98 ./system/src/stm32f4/stm32f4xx_tim.o
                0x08000ffc                TIM_TimeBaseInit
 .text.TIM_GetCounter
                0x08001094        0x4 ./system/src/stm32f4/stm32f4xx_tim.o
                0x08001094                TIM_GetCounter
 .text.TIM_Cmd  0x08001098       0x1c ./system/src/stm32f4/stm32f4xx_tim.o
                0x08001098                TIM_Cmd
 .text.TIM_EncoderInterfaceConfig
                0x080010b4       0x40 ./system/src/stm32f4/stm32f4xx_tim.o
                0x080010b4                TIM_EncoderInterfaceConfig
 .text._exit    0x080010f4        0x8 ./system/src/newlib/_exit.o
                0x080010f4                _exit
 .text._sbrk    0x080010fc       0x40 ./system/src/newlib/_sbrk.o
                0x080010fc                _sbrk
 .text.__initialize_args
                0x0800113c       0x10 ./system/src/newlib/_syscalls.o
                0x0800113c                __initialize_args
 .text.__initialize_hardware_early
                0x0800114c       0x24 ./system/src/cortexm/_initialize_hardware.o
                0x0800114c                __initialize_hardware_early
 .text.__initialize_hardware
                0x08001170        0x4 ./system/src/cortexm/_initialize_hardware.o
                0x08001170                __initialize_hardware
 .text.__reset_hardware
                0x08001174       0x20 ./system/src/cortexm/_reset_hardware.o
                0x08001174                __reset_hardware
 .text.SystemInit
                0x08001194      0x374 ./system/src/cmsis/system_stm32f4xx.o
                0x08001194                SystemInit
 .text.SystemCoreClockUpdate
                0x08001508       0x74 ./system/src/cmsis/system_stm32f4xx.o
                0x08001508                SystemCoreClockUpdate
 *fill*         0x0800157c        0x4 
 .text.UiCalcRFGain
                0x08001580       0x58 ./src/ui/ui.o
                0x08001580                UiCalcRFGain
 .text.UiCalcRxPhaseAdj
                0x080015d8      0x4e8 ./src/ui/ui.o
                0x080015d8                UiCalcRxPhaseAdj
 .text.UiCalcRxIqGainAdj
                0x08001ac0       0x70 ./src/ui/ui.o
                0x08001ac0                UiCalcRxIqGainAdj
 .text.UiCalcNB_AGC
                0x08001b30       0x90 ./src/ui/ui.o
                0x08001b30                UiCalcNB_AGC
 .text.UiDriverChangeBandFilter
                0x08001bc0       0xa0 ./src/ui/ui.o
                0x08001bc0                UiDriverChangeBandFilter
 .text.UiDriverChangeAfGain
                0x08001c60       0x90 ./src/ui/ui.o
                0x08001c60                UiDriverChangeAfGain
 .text.UiDriverChangeCodecGain
                0x08001cf0       0xb4 ./src/ui/ui.o
                0x08001cf0                UiDriverChangeCodecGain
 .text.UiDriverChangeRfGain
                0x08001da4       0xb4 ./src/ui/ui.o
                0x08001da4                UiDriverChangeRfGain
 .text.UiDriverCheckFrequencyEncoder
                0x08001e58       0x64 ./src/ui/ui.o
                0x08001e58                UiDriverCheckFrequencyEncoder
 .text.UiDriverChangeSigProc
                0x08001ebc      0x148 ./src/ui/ui.o
                0x08001ebc                UiDriverChangeSigProc
 .text.UiDriverChangeDSPMode
                0x08002004      0x12c ./src/ui/ui.o
                0x08002004                UiDriverChangeDSPMode
 .text.UiDriverHandleSmeter
                0x08002130      0x244 ./src/ui/ui.o
                0x08002130                UiDriverHandleSmeter
 *fill*         0x08002374        0x4 
 .text.UiDriverFFTWindowFunction
                0x08002378      0x464 ./src/ui/ui.o
                0x08002378                UiDriverFFTWindowFunction
 .text.UiDriverInitSpectrumDisplay
                0x080027dc      0x138 ./src/ui/ui.o
                0x080027dc                UiDriverInitSpectrumDisplay
 .text.UiDriverInitFrequency
                0x08002914       0xb0 ./src/ui/ui.o
                0x08002914                UiDriverInitFrequency
 .text.UiDriverDisplayFilterBW
                0x080029c4      0x3b8 ./src/ui/ui.o
                0x080029c4                UiDriverDisplayFilterBW
 .text.UiDriverChangeFilter
                0x08002d7c       0xfc ./src/ui/ui.o
                0x08002d7c                UiDriverChangeFilter
 .text.UiDriverUpdateLcdFreq
                0x08002e78      0x28c ./src/ui/ui.o
                0x08002e78                UiDriverUpdateLcdFreq
 .text.UiDriverShowStep
                0x08003104      0x1a8 ./src/ui/ui.o
                0x08003104                UiDriverShowStep
 .text.UiDriverChangeTunningStep
                0x080032ac       0x34 ./src/ui/ui.o
                0x080032ac                UiDriverChangeTunningStep
 .text.UiDriverShowBand
                0x080032e0      0x148 ./src/ui/ui.o
                0x080032e0                UiDriverShowBand
 .text.UiDriverShowMode
                0x08003428       0xc8 ./src/ui/ui.o
                0x08003428                UiDriverShowMode
 .text.UiDriverChangeBand
                0x080034f0       0xa4 ./src/ui/ui.o
                0x080034f0                UiDriverChangeBand
 .text.UiDrawSpectrumScopeFrequencyBarText
                0x08003594      0x220 ./src/ui/ui.o
                0x08003594                UiDrawSpectrumScopeFrequencyBarText
 .text.UiDriverCreateSpectrumScope
                0x080037b4      0x344 ./src/ui/ui.o
                0x080037b4                UiDriverCreateSpectrumScope
 .text.UiDriverReDrawWaterfallDisplay
                0x08003af8      0x728 ./src/ui/ui.o
                0x08003af8                UiDriverReDrawWaterfallDisplay
 .text.UiInitSpectrumScopeWaterfall
                0x08004220       0x2c ./src/ui/ui.o
                0x08004220                UiInitSpectrumScopeWaterfall
 .text.UiDriverUpdateSecondLcdFreq
                0x0800424c      0x358 ./src/ui/ui.o
                0x0800424c                UiDriverUpdateSecondLcdFreq
 .text.UiDriverCheckBand
                0x080045a4       0x88 ./src/ui/ui.o
                0x080045a4                UiDriverCheckBand
 *fill*         0x0800462c        0x4 
 .text.UiDriverUpdateFrequency
                0x08004630      0x170 ./src/ui/ui.o
                0x08004630                UiDriverUpdateFrequency
 .text.UiDriverChangeVariable_1
                0x080047a0       0x9c ./src/ui/ui.o
                0x080047a0                UiDriverChangeVariable_1
 .text.UiDriverChangeVariable_2
                0x0800483c       0x90 ./src/ui/ui.o
                0x0800483c                UiDriverChangeVariable_2
 .text.UiDriverCreateDesktop
                0x080048cc       0x9c ./src/ui/ui.o
                0x080048cc                UiDriverCreateDesktop
 .text.ui_driver_init
                0x08004968       0x48 ./src/ui/ui.o
                0x08004968                ui_driver_init
 .text.UiDriverIndicadorFiltro
                0x080049b0       0x38 ./src/ui/ui.o
                0x080049b0                UiDriverIndicadorFiltro
 .text.UiCalcAGCDecay
                0x080049e8       0x6c ./src/ui/ui.o
                0x080049e8                UiCalcAGCDecay
 .text.UiDriverCheckEncoderTwo
                0x08004a54      0x63c ./src/ui/ui.o
                0x08004a54                UiDriverCheckEncoderTwo
 .text.TM_DMA_TransferCompleteHandler
                0x08005090        0x4 ./src/tm/tm_stm32f4_dma.o
                0x08005090                TM_DMA_TransferCompleteHandler
 .text.TM_DMA_HalfTransferCompleteHandler
                0x08005094        0x4 ./src/tm/tm_stm32f4_dma.o
                0x08005094                TM_DMA_HalfTransferCompleteHandler
 .text.TM_DMA_TransferErrorHandler
                0x08005098        0x4 ./src/tm/tm_stm32f4_dma.o
                0x08005098                TM_DMA_TransferErrorHandler
 .text.TM_DMA_DirectModeErrorHandler
                0x0800509c        0x4 ./src/tm/tm_stm32f4_dma.o
                0x0800509c                TM_DMA_DirectModeErrorHandler
 .text.TM_DMA_FIFOErrorHandler
                0x080050a0        0x4 ./src/tm/tm_stm32f4_dma.o
                0x080050a0                TM_DMA_FIFOErrorHandler
 .text.TM_DMA_INT_ProcessInterrupt
                0x080050a4      0x10c ./src/tm/tm_stm32f4_dma.o
 .text.DMA1_Stream0_IRQHandler
                0x080051b0        0xc ./src/tm/tm_stm32f4_dma.o
                0x080051b0                DMA1_Stream0_IRQHandler
 .text.DMA1_Stream1_IRQHandler
                0x080051bc        0xc ./src/tm/tm_stm32f4_dma.o
                0x080051bc                DMA1_Stream1_IRQHandler
 .text.DMA1_Stream3_IRQHandler
                0x080051c8        0xc ./src/tm/tm_stm32f4_dma.o
                0x080051c8                DMA1_Stream3_IRQHandler
 .text.DMA1_Stream4_IRQHandler
                0x080051d4        0xc ./src/tm/tm_stm32f4_dma.o
                0x080051d4                DMA1_Stream4_IRQHandler
 .text.DMA1_Stream5_IRQHandler
                0x080051e0        0xc ./src/tm/tm_stm32f4_dma.o
                0x080051e0                DMA1_Stream5_IRQHandler
 .text.DMA1_Stream6_IRQHandler
                0x080051ec        0xc ./src/tm/tm_stm32f4_dma.o
                0x080051ec                DMA1_Stream6_IRQHandler
 .text.DMA1_Stream7_IRQHandler
                0x080051f8        0xc ./src/tm/tm_stm32f4_dma.o
                0x080051f8                DMA1_Stream7_IRQHandler
 .text.DMA2_Stream0_IRQHandler
                0x08005204        0xc ./src/tm/tm_stm32f4_dma.o
                0x08005204                DMA2_Stream0_IRQHandler
 .text.DMA2_Stream1_IRQHandler
                0x08005210        0xc ./src/tm/tm_stm32f4_dma.o
                0x08005210                DMA2_Stream1_IRQHandler
 .text.DMA2_Stream2_IRQHandler
                0x0800521c        0xc ./src/tm/tm_stm32f4_dma.o
                0x0800521c                DMA2_Stream2_IRQHandler
 .text.DMA2_Stream3_IRQHandler
                0x08005228        0xc ./src/tm/tm_stm32f4_dma.o
                0x08005228                DMA2_Stream3_IRQHandler
 .text.DMA2_Stream4_IRQHandler
                0x08005234        0xc ./src/tm/tm_stm32f4_dma.o
                0x08005234                DMA2_Stream4_IRQHandler
 .text.DMA2_Stream5_IRQHandler
                0x08005240        0xc ./src/tm/tm_stm32f4_dma.o
                0x08005240                DMA2_Stream5_IRQHandler
 .text.DMA2_Stream6_IRQHandler
                0x0800524c        0xc ./src/tm/tm_stm32f4_dma.o
                0x0800524c                DMA2_Stream6_IRQHandler
 .text.TM_GPIO_INT_Init
                0x08005258       0xbc ./src/tm/tm_stm32f4_gpio.o
                0x08005258                TM_GPIO_INT_Init
 .text.TM_GPIO_Init
                0x08005314       0x40 ./src/tm/tm_stm32f4_gpio.o
                0x08005314                TM_GPIO_Init
 .text.TM_GPIO_InitAlternate
                0x08005354       0x7c ./src/tm/tm_stm32f4_gpio.o
                0x08005354                TM_GPIO_InitAlternate
 .text.TM_I2C_InitCustomPinsCallback
                0x080053d0        0x4 ./src/tm/tm_stm32f4_i2c.o
                0x080053d0                TM_I2C_InitCustomPinsCallback
 .text.TM_I2C_Init
                0x080053d4      0x1c8 ./src/tm/tm_stm32f4_i2c.o
                0x080053d4                TM_I2C_Init
 .text.TM_I2C_Start
                0x0800559c       0x90 ./src/tm/tm_stm32f4_i2c.o
                0x0800559c                TM_I2C_Start
 .text.TM_I2C_ReadAck
                0x0800562c       0x40 ./src/tm/tm_stm32f4_i2c.o
                0x0800562c                TM_I2C_ReadAck
 .text.TM_I2C_ReadNack
                0x0800566c       0x4c ./src/tm/tm_stm32f4_i2c.o
                0x0800566c                TM_I2C_ReadNack
 .text.TM_I2C_ReadMulti
                0x080056b8       0x7c ./src/tm/tm_stm32f4_i2c.o
                0x080056b8                TM_I2C_ReadMulti
 .text.TM_I2C_Stop
                0x08005734       0x34 ./src/tm/tm_stm32f4_i2c.o
                0x08005734                TM_I2C_Stop
 .text.TM_I2C_Write
                0x08005768       0x74 ./src/tm/tm_stm32f4_i2c.o
                0x08005768                TM_I2C_Write
 .text.TM_I2C_WriteMulti
                0x080057dc       0x90 ./src/tm/tm_stm32f4_i2c.o
                0x080057dc                TM_I2C_WriteMulti
 .text.TM_I2C_IsDeviceConnected
                0x0800586c       0x1c ./src/tm/tm_stm32f4_i2c.o
                0x0800586c                TM_I2C_IsDeviceConnected
 .text.LCD_Button_Add
                0x08005888       0x98 ./src/tm/tm_stm32f4_ili9341_button.o
                0x08005888                LCD_Button_Add
 .text.LCD_Button_Draw
                0x08005920      0x14c ./src/tm/tm_stm32f4_ili9341_button.o
                0x08005920                LCD_Button_Draw
 .text.LCD_Button_DrawAll
                0x08005a6c       0x2c ./src/tm/tm_stm32f4_ili9341_button.o
                0x08005a6c                LCD_Button_DrawAll
 .text.LCD_Button_Touch
                0x08005a98       0x50 ./src/tm/tm_stm32f4_ili9341_button.o
                0x08005a98                LCD_Button_Touch
 .text.TM_SDRAM_InitCustomPinsCallback
                0x08005ae8        0x4 ./src/tm/tm_stm32f4_sdram.o
                0x08005ae8                TM_SDRAM_InitCustomPinsCallback
 .text.TM_SDRAM_Init
                0x08005aec      0x23c ./src/tm/tm_stm32f4_sdram.o
                0x08005aec                TM_SDRAM_Init
 .text.PutUnsignedInt
                0x08005d28       0x54 ./src/stdio/printf.o
                0x08005d28                PutUnsignedInt
 .text.PutSignedInt
                0x08005d7c       0x9c ./src/stdio/printf.o
                0x08005d7c                PutSignedInt
 .text.PutHexa  0x08005e18       0x68 ./src/stdio/printf.o
                0x08005e18                PutHexa
 .text.vsnprintf
                0x08005e80      0x174 ./src/stdio/printf.o
                0x08005e80                vsnprintf
 .text.sprintf  0x08005ff4       0x20 ./src/stdio/printf.o
                0x08005ff4                sprintf
 *fill*         0x08006014        0x4 
 .text.Si5351_multisynth_calc
                0x08006018      0x160 ./src/si5351/si5351.o
 .text.Si5351_set_pll
                0x08006178      0x1b0 ./src/si5351/si5351.o
                0x08006178                Si5351_set_pll
 .text.Si5351_set_ms_source
                0x08006328       0x38 ./src/si5351/si5351.o
                0x08006328                Si5351_set_ms_source
 .text.Si5351_set_int
                0x08006360       0x60 ./src/si5351/si5351.o
                0x08006360                Si5351_set_int
 .text.Si5351_set_ms
                0x080063c0      0x1a4 ./src/si5351/si5351.o
                0x080063c0                Si5351_set_ms
 .text.Si5351_select_r_div
                0x08006564       0xf8 ./src/si5351/si5351.o
                0x08006564                Si5351_select_r_div
 *fill*         0x0800665c        0x4 
 .text.Si5351_set_freq
                0x08006660      0x3cc ./src/si5351/si5351.o
                0x08006660                Si5351_set_freq
 .text.gsl1680_pin_init
                0x08006a2c       0x5c ./src/ra8875/gsl1680.o
                0x08006a2c                gsl1680_pin_init
 .text.gsl1680_load_fw
                0x08006a88       0x54 ./src/ra8875/gsl1680.o
                0x08006a88                gsl1680_load_fw
 .text.gsl1680_read_data
                0x08006adc       0x74 ./src/ra8875/gsl1680.o
                0x08006adc                gsl1680_read_data
 .text.delay    0x08006b50       0x38 ./src/ra8875/gsl1680.o
 .text.gsl1680_clr_reg
                0x08006b88       0x5c ./src/ra8875/gsl1680.o
                0x08006b88                gsl1680_clr_reg
 .text.gsl1680_reset_chip
                0x08006be4       0x60 ./src/ra8875/gsl1680.o
                0x08006be4                gsl1680_reset_chip
 .text.gsl1680_init_chip
                0x08006c44       0x78 ./src/ra8875/gsl1680.o
                0x08006c44                gsl1680_init_chip
 .text.LCD_ParallelInit
                0x08006cbc      0x174 ./src/ra8875/ui_ra8875.o
                0x08006cbc                LCD_ParallelInit
 .text.LCD_FMCConfig
                0x08006e30       0x74 ./src/ra8875/ui_ra8875.o
                0x08006e30                LCD_FMCConfig
 .text.LCD_FMCConfig_Slow
                0x08006ea4       0x5c ./src/ra8875/ui_ra8875.o
                0x08006ea4                LCD_FMCConfig_Slow
 .text.LCD_PrepareDMA
                0x08006f00       0xa8 ./src/ra8875/ui_ra8875.o
                0x08006f00                LCD_PrepareDMA
 .text.DMA2_Stream7_IRQHandler
                0x08006fa8       0x24 ./src/ra8875/ui_ra8875.o
                0x08006fa8                DMA2_Stream7_IRQHandler
 .text.LCD_TransferDataDMA
                0x08006fcc       0x38 ./src/ra8875/ui_ra8875.o
                0x08006fcc                LCD_TransferDataDMA
 .text.LCD_SetCursorA
                0x08007004       0x64 ./src/ra8875/ui_ra8875.o
                0x08007004                LCD_SetCursorA
 .text.LCD_SetForegroundColor
                0x08007068       0x4c ./src/ra8875/ui_ra8875.o
                0x08007068                LCD_SetForegroundColor
 .text.LCD_DrawStraightLine
                0x080070b4      0x188 ./src/ra8875/ui_ra8875.o
                0x080070b4                LCD_DrawStraightLine
 .text.LCD_fillRect
                0x0800723c       0xec ./src/ra8875/ui_ra8875.o
                0x0800723c                LCD_fillRect
 .text.LCD_DrawFullRect
                0x08007328       0xe0 ./src/ra8875/ui_ra8875.o
                0x08007328                LCD_DrawFullRect
 .text.LCD_SetActiveWindow
                0x08007408       0xac ./src/ra8875/ui_ra8875.o
                0x08007408                LCD_SetActiveWindow
 .text.LCD_OpenBulkWrite
                0x080074b4       0x2c ./src/ra8875/ui_ra8875.o
                0x080074b4                LCD_OpenBulkWrite
 .text.LCD_BulkWrite
                0x080074e0        0x4 ./src/ra8875/ui_ra8875.o
                0x080074e0                LCD_BulkWrite
 .text.LCD_CloseBulkWrite
                0x080074e4       0x44 ./src/ra8875/ui_ra8875.o
                0x080074e4                LCD_CloseBulkWrite
 .text.LCD_DrawChar
                0x08007528      0x18c ./src/ra8875/ui_ra8875.o
                0x08007528                LCD_DrawChar
 .text.LCD_DrawCharSegment
                0x080076b4      0x13c ./src/ra8875/ui_ra8875.o
                0x080076b4                LCD_DrawCharSegment
 .text.LCD_ClearScreen
                0x080077f0       0x4c ./src/ra8875/ui_ra8875.o
                0x080077f0                LCD_ClearScreen
 .text.LCD_DrawEmptyRect
                0x0800783c       0xe0 ./src/ra8875/ui_ra8875.o
                0x0800783c                LCD_DrawEmptyRect
 .text.LCD_DrawHorizLineWithGrad
                0x0800791c       0x8c ./src/ra8875/ui_ra8875.o
                0x0800791c                LCD_DrawHorizLineWithGrad
 .text.LCD_PrintText
                0x080079a8       0xe8 ./src/ra8875/ui_ra8875.o
                0x080079a8                LCD_PrintText
 .text.LCD_TextHeight
                0x08007a90       0x18 ./src/ra8875/ui_ra8875.o
                0x08007a90                LCD_TextHeight
 .text.LCD_TextWidth
                0x08007aa8       0x58 ./src/ra8875/ui_ra8875.o
                0x08007aa8                LCD_TextWidth
 .text.LCD_PrintTextRight
                0x08007b00       0x3c ./src/ra8875/ui_ra8875.o
                0x08007b00                LCD_PrintTextRight
 *fill*         0x08007b3c        0x4 
 .text.UiSpectrumDrawSpectrum
                0x08007b40      0x348 ./src/ra8875/ui_ra8875.o
                0x08007b40                UiSpectrumDrawSpectrum
 .text.LCD_drawVU
                0x08007e88       0x70 ./src/ra8875/ui_ra8875.o
                0x08007e88                LCD_drawVU
 .text.LCD_drawLine
                0x08007ef8       0xe4 ./src/ra8875/ui_ra8875.o
                0x08007ef8                LCD_drawLine
 .text.LCD_drawLineAngle
                0x08007fdc      0x114 ./src/ra8875/ui_ra8875.o
                0x08007fdc                LCD_drawLineAngle
 .text.LCD_AnalogMeter
                0x080080f0      0x39c ./src/ra8875/ui_ra8875.o
                0x080080f0                LCD_AnalogMeter
 .text.LCD_Delay
                0x0800848c       0x38 ./src/ra8875/ui_ra8875.o
 .text.LCD_InitLCD
                0x080084c4      0x1b8 ./src/ra8875/ui_ra8875.o
                0x080084c4                LCD_InitLCD
 .text.mchf_hw_i2c_WriteRegister
                0x0800867c      0x114 ./src/i2c/mchf_hw_i2c.o
                0x0800867c                mchf_hw_i2c_WriteRegister
 .text.mchf_hw_i2c_WriteBlock
                0x08008790      0x134 ./src/i2c/mchf_hw_i2c.o
                0x08008790                mchf_hw_i2c_WriteBlock
 .text.mchf_hw_i2c_ReadRegister
                0x080088c4      0x198 ./src/i2c/mchf_hw_i2c.o
                0x080088c4                mchf_hw_i2c_ReadRegister
 .text.UiRotaryFreqEncoderInit
                0x08008a5c       0x94 ./src/encoder/ui_rotary.o
                0x08008a5c                UiRotaryFreqEncoderInit
 .text.UiRotaryEncoderTwoInit
                0x08008af0       0x98 ./src/encoder/ui_rotary.o
                0x08008af0                UiRotaryEncoderTwoInit
 .text.audio_rx_freq_conv
                0x08008b88      0x1a0 ./src/codec/audio.o
 .text.audio_lms_noise_reduction
                0x08008d28       0xb4 ./src/codec/audio.o
 .text.audio_driver_set_rx_audio_filter
                0x08008ddc      0x50c ./src/codec/audio.o
                0x08008ddc                audio_driver_set_rx_audio_filter
 .text.Audio_Init
                0x080092e8      0x1c0 ./src/codec/audio.o
                0x080092e8                Audio_Init
 .text.I2S_RX_CallBack
                0x080094a8      0xb9c ./src/codec/audio.o
                0x080094a8                I2S_RX_CallBack
 .text.Codec_WriteRegister
                0x0800a044       0x18 ./src/codec/codec.o
                0x0800a044                Codec_WriteRegister
 .text.Codec_Volume
                0x0800a05c       0x24 ./src/codec/codec.o
                0x0800a05c                Codec_Volume
 .text.Codec_Reset
                0x0800a080       0xc8 ./src/codec/codec.o
                0x0800a080                Codec_Reset
 .text.Codec_Line_Gain_Adj
                0x0800a148        0xc ./src/codec/codec.o
                0x0800a148                Codec_Line_Gain_Adj
 .text.Codec_RestartI2S
                0x0800a154       0x24 ./src/codec/codec.o
                0x0800a154                Codec_RestartI2S
 .text.Codec_AudioInterface_Init
                0x0800a178       0x50 ./src/codec/codec.o
                0x0800a178                Codec_AudioInterface_Init
 .text.Codec_GPIO_Init
                0x0800a1c8       0xb0 ./src/codec/codec.o
                0x0800a1c8                Codec_GPIO_Init
 .text.Codec_Init
                0x0800a278       0x2c ./src/codec/codec.o
                0x0800a278                Codec_Init
 .text.I2S_Block_Init
                0x0800a2a4      0x120 ./src/codec/i2s.o
                0x0800a2a4                I2S_Block_Init
 .text.I2S_Block_Process
                0x0800a3c4       0x74 ./src/codec/i2s.o
                0x0800a3c4                I2S_Block_Process
 .text.DMA1_Stream2_IRQHandler
                0x0800a438       0x9c ./src/codec/i2s.o
                0x0800a438                DMA1_Stream2_IRQHandler
 .text.TM_BUTTON_Init
                0x0800a4d4       0x80 ./src/button/tm_stm32f4_button.o
                0x0800a4d4                TM_BUTTON_Init
 .text.TM_BUTTON_INT_CheckButton
                0x0800a554       0x84 ./src/button/tm_stm32f4_button.o
                0x0800a554                TM_BUTTON_INT_CheckButton
 .text.TM_BUTTON_Update
                0x0800a5d8       0x24 ./src/button/tm_stm32f4_button.o
                0x0800a5d8                TM_BUTTON_Update
 .text.SysTick_Handler
                0x0800a5fc       0x5c ./src/button/tm_stm32f4_delay.o
                0x0800a5fc                SysTick_Handler
 .text.TM_DELAY_Init
                0x0800a658       0x64 ./src/button/tm_stm32f4_delay.o
                0x0800a658                TM_DELAY_Init
 .text.BUTTON7_EventHandler
                0x0800a6bc       0x68 ./src/main.o
                0x0800a6bc                BUTTON7_EventHandler
 .text.radio_init
                0x0800a724      0x13c ./src/main.o
                0x0800a724                radio_init
 .text.InitBoard
                0x0800a860      0x3d0 ./src/main.o
                0x0800a860                InitBoard
 .text.ui_touch
                0x0800ac30      0x6e0 ./src/main.o
                0x0800ac30                ui_touch
 .text.startup.main
                0x0800b310       0x34 ./src/main.o
                0x0800b310                main
 .text.arm_fill_f32
                0x0800b344       0x3c C:\Users\gmtii\workspace\disco-noFB-noUGUI\libs\libarm_cortexM4lf_math_r4p5.a(arm_fill_f32.o)
                0x0800b344                arm_fill_f32
 .text.arm_copy_q15
                0x0800b380       0x4c C:\Users\gmtii\workspace\disco-noFB-noUGUI\libs\libarm_cortexM4lf_math_r4p5.a(arm_copy_q15.o)
                0x0800b380                arm_copy_q15
 .text.arm_copy_f32
                0x0800b3cc       0x60 C:\Users\gmtii\workspace\disco-noFB-noUGUI\libs\libarm_cortexM4lf_math_r4p5.a(arm_copy_f32.o)
                0x0800b3cc                arm_copy_f32
 .text.arm_min_q15
                0x0800b42c       0xcc C:\Users\gmtii\workspace\disco-noFB-noUGUI\libs\libarm_cortexM4lf_math_r4p5.a(arm_min_q15.o)
                0x0800b42c                arm_min_q15
 .text.arm_min_f32
                0x0800b4f8       0xd0 C:\Users\gmtii\workspace\disco-noFB-noUGUI\libs\libarm_cortexM4lf_math_r4p5.a(arm_min_f32.o)
                0x0800b4f8                arm_min_f32
 .text.arm_mean_q15
                0x0800b5c8       0x50 C:\Users\gmtii\workspace\disco-noFB-noUGUI\libs\libarm_cortexM4lf_math_r4p5.a(arm_mean_q15.o)
                0x0800b5c8                arm_mean_q15
 .text.arm_mean_f32
                0x0800b618       0x68 C:\Users\gmtii\workspace\disco-noFB-noUGUI\libs\libarm_cortexM4lf_math_r4p5.a(arm_mean_f32.o)
                0x0800b618                arm_mean_f32
 .text.arm_max_q15
                0x0800b680       0xcc C:\Users\gmtii\workspace\disco-noFB-noUGUI\libs\libarm_cortexM4lf_math_r4p5.a(arm_max_q15.o)
                0x0800b680                arm_max_q15
 .text.arm_max_f32
                0x0800b74c       0xd0 C:\Users\gmtii\workspace\disco-noFB-noUGUI\libs\libarm_cortexM4lf_math_r4p5.a(arm_max_f32.o)
                0x0800b74c                arm_max_f32
 .text.arm_cfft_radix8by2_f32
                0x0800b81c      0x1a4 C:\Users\gmtii\workspace\disco-noFB-noUGUI\libs\libarm_cortexM4lf_math_r4p5.a(arm_cfft_f32.o)
                0x0800b81c                arm_cfft_radix8by2_f32
 .text.arm_cfft_radix8by4_f32
                0x0800b9c0      0x4bc C:\Users\gmtii\workspace\disco-noFB-noUGUI\libs\libarm_cortexM4lf_math_r4p5.a(arm_cfft_f32.o)
                0x0800b9c0                arm_cfft_radix8by4_f32
 .text.arm_cfft_f32
                0x0800be7c       0xf4 C:\Users\gmtii\workspace\disco-noFB-noUGUI\libs\libarm_cortexM4lf_math_r4p5.a(arm_cfft_f32.o)
                0x0800be7c                arm_cfft_f32
 .text.arm_lms_norm_init_f32
                0x0800bf70       0x38 C:\Users\gmtii\workspace\disco-noFB-noUGUI\libs\libarm_cortexM4lf_math_r4p5.a(arm_lms_norm_init_f32.o)
                0x0800bf70                arm_lms_norm_init_f32
 .text.arm_lms_norm_f32
                0x0800bfa8      0x248 C:\Users\gmtii\workspace\disco-noFB-noUGUI\libs\libarm_cortexM4lf_math_r4p5.a(arm_lms_norm_f32.o)
                0x0800bfa8                arm_lms_norm_f32
 .text.arm_iir_lattice_f32
                0x0800c1f0      0x1f0 C:\Users\gmtii\workspace\disco-noFB-noUGUI\libs\libarm_cortexM4lf_math_r4p5.a(arm_iir_lattice_f32.o)
                0x0800c1f0                arm_iir_lattice_f32
 .text.arm_fir_interpolate_f32
                0x0800c3e0      0x438 C:\Users\gmtii\workspace\disco-noFB-noUGUI\libs\libarm_cortexM4lf_math_r4p5.a(arm_fir_interpolate_f32.o)
                0x0800c3e0                arm_fir_interpolate_f32
 .text.arm_fir_init_f32
                0x0800c818       0x24 C:\Users\gmtii\workspace\disco-noFB-noUGUI\libs\libarm_cortexM4lf_math_r4p5.a(arm_fir_init_f32.o)
                0x0800c818                arm_fir_init_f32
 .text.arm_fir_f32
                0x0800c83c      0x4c8 C:\Users\gmtii\workspace\disco-noFB-noUGUI\libs\libarm_cortexM4lf_math_r4p5.a(arm_fir_f32.o)
                0x0800c83c                arm_fir_f32
 .text.arm_fir_decimate_f32
                0x0800cd04      0x378 C:\Users\gmtii\workspace\disco-noFB-noUGUI\libs\libarm_cortexM4lf_math_r4p5.a(arm_fir_decimate_f32.o)
                0x0800cd04                arm_fir_decimate_f32
 .text.arm_cmplx_mag_f32
                0x0800d07c      0x1d0 C:\Users\gmtii\workspace\disco-noFB-noUGUI\libs\libarm_cortexM4lf_math_r4p5.a(arm_cmplx_mag_f32.o)
                0x0800d07c                arm_cmplx_mag_f32
 .text.arm_sin_f32
                0x0800d24c       0x88 C:\Users\gmtii\workspace\disco-noFB-noUGUI\libs\libarm_cortexM4lf_math_r4p5.a(arm_sin_f32.o)
                0x0800d24c                arm_sin_f32
 .text.arm_cos_f32
                0x0800d2d4       0x80 C:\Users\gmtii\workspace\disco-noFB-noUGUI\libs\libarm_cortexM4lf_math_r4p5.a(arm_cos_f32.o)
                0x0800d2d4                arm_cos_f32
 .text.arm_sub_f32
                0x0800d354       0x8c C:\Users\gmtii\workspace\disco-noFB-noUGUI\libs\libarm_cortexM4lf_math_r4p5.a(arm_sub_f32.o)
                0x0800d354                arm_sub_f32
 .text.arm_scale_f32
                0x0800d3e0       0x6c C:\Users\gmtii\workspace\disco-noFB-noUGUI\libs\libarm_cortexM4lf_math_r4p5.a(arm_scale_f32.o)
                0x0800d3e0                arm_scale_f32
 .text.arm_mult_f32
                0x0800d44c       0x8c C:\Users\gmtii\workspace\disco-noFB-noUGUI\libs\libarm_cortexM4lf_math_r4p5.a(arm_mult_f32.o)
                0x0800d44c                arm_mult_f32
 .text.arm_add_f32
                0x0800d4d8       0x8c C:\Users\gmtii\workspace\disco-noFB-noUGUI\libs\libarm_cortexM4lf_math_r4p5.a(arm_add_f32.o)
                0x0800d4d8                arm_add_f32
 .text          0x0800d564       0xc0 C:\Users\gmtii\workspace\disco-noFB-noUGUI\libs\libarm_cortexM4lf_math_r4p5.a(arm_bitreversal2.o)
                0x0800d564                arm_bitreversal_32
                0x0800d5ce                arm_bitreversal_16
 .text.arm_radix8_butterfly_f32
                0x0800d624      0x5c4 C:\Users\gmtii\workspace\disco-noFB-noUGUI\libs\libarm_cortexM4lf_math_r4p5.a(arm_cfft_radix8_f32.o)
                0x0800d624                arm_radix8_butterfly_f32
 .text.cos      0x0800dbe8       0xb0 C:\Users\gmtii\workspace\disco-noFB-noUGUI\libs\libm.a(lib_a-s_cos.o)
                0x0800dbe8                cos
 .text.pow10    0x0800dc98       0x18 C:\Users\gmtii\workspace\disco-noFB-noUGUI\libs\libm.a(lib_a-s_pow10.o)
                0x0800dc98                pow10
 .text.round    0x0800dcb0       0xa8 C:\Users\gmtii\workspace\disco-noFB-noUGUI\libs\libm.a(lib_a-s_round.o)
                0x0800dcb0                round
 .text.sin      0x0800dd58       0xb8 C:\Users\gmtii\workspace\disco-noFB-noUGUI\libs\libm.a(lib_a-s_sin.o)
                0x0800dd58                sin
 .text.log10    0x0800de10      0x10c C:\Users\gmtii\workspace\disco-noFB-noUGUI\libs\libm.a(lib_a-w_log10.o)
                0x0800de10                log10
 .text.pow      0x0800df1c      0x370 C:\Users\gmtii\workspace\disco-noFB-noUGUI\libs\libm.a(lib_a-w_pow.o)
                0x0800df1c                pow
 .text.sqrt     0x0800e28c       0xbc C:\Users\gmtii\workspace\disco-noFB-noUGUI\libs\libm.a(lib_a-w_sqrt.o)
                0x0800e28c                sqrt
 .text.log10f   0x0800e348       0xf8 C:\Users\gmtii\workspace\disco-noFB-noUGUI\libs\libm.a(lib_a-wf_log10.o)
                0x0800e348                log10f
 .text.powf     0x0800e440      0x39c C:\Users\gmtii\workspace\disco-noFB-noUGUI\libs\libm.a(lib_a-wf_pow.o)
                0x0800e440                powf
 .text.sqrtf    0x0800e7dc       0xb4 C:\Users\gmtii\workspace\disco-noFB-noUGUI\libs\libm.a(lib_a-wf_sqrt.o)
                0x0800e7dc                sqrtf
 .text.__ieee754_log10
                0x0800e890      0x138 C:\Users\gmtii\workspace\disco-noFB-noUGUI\libs\libm.a(lib_a-e_log10.o)
                0x0800e890                __ieee754_log10
 .text.__ieee754_pow
                0x0800e9c8      0xb90 C:\Users\gmtii\workspace\disco-noFB-noUGUI\libs\libm.a(lib_a-e_pow.o)
                0x0800e9c8                __ieee754_pow
 .text.__ieee754_rem_pio2
                0x0800f558      0x478 C:\Users\gmtii\workspace\disco-noFB-noUGUI\libs\libm.a(lib_a-e_rem_pio2.o)
                0x0800f558                __ieee754_rem_pio2
 .text.__ieee754_sqrt
                0x0800f9d0      0x1c4 C:\Users\gmtii\workspace\disco-noFB-noUGUI\libs\libm.a(lib_a-e_sqrt.o)
                0x0800f9d0                __ieee754_sqrt
 .text.__ieee754_log10f
                0x0800fb94       0xbc C:\Users\gmtii\workspace\disco-noFB-noUGUI\libs\libm.a(lib_a-ef_log10.o)
                0x0800fb94                __ieee754_log10f
 .text.__ieee754_powf
                0x0800fc50      0x600 C:\Users\gmtii\workspace\disco-noFB-noUGUI\libs\libm.a(lib_a-ef_pow.o)
                0x0800fc50                __ieee754_powf
 .text.__ieee754_sqrtf
                0x08010250       0x9c C:\Users\gmtii\workspace\disco-noFB-noUGUI\libs\libm.a(lib_a-ef_sqrt.o)
                0x08010250                __ieee754_sqrtf
 *fill*         0x080102ec        0x4 
 .text.__kernel_cos
                0x080102f0      0x270 C:\Users\gmtii\workspace\disco-noFB-noUGUI\libs\libm.a(lib_a-k_cos.o)
                0x080102f0                __kernel_cos
 .text.__kernel_rem_pio2
                0x08010560      0x808 C:\Users\gmtii\workspace\disco-noFB-noUGUI\libs\libm.a(lib_a-k_rem_pio2.o)
                0x08010560                __kernel_rem_pio2
 .text.__kernel_sin
                0x08010d68      0x178 C:\Users\gmtii\workspace\disco-noFB-noUGUI\libs\libm.a(lib_a-k_sin.o)
                0x08010d68                __kernel_sin
 .text.fabs     0x08010ee0       0x14 C:\Users\gmtii\workspace\disco-noFB-noUGUI\libs\libm.a(lib_a-s_fabs.o)
                0x08010ee0                fabs
 .text.finite   0x08010ef4       0x14 C:\Users\gmtii\workspace\disco-noFB-noUGUI\libs\libm.a(lib_a-s_finite.o)
                0x08010ef4                finite
 .text.floor    0x08010f08      0x150 C:\Users\gmtii\workspace\disco-noFB-noUGUI\libs\libm.a(lib_a-s_floor.o)
                0x08010f08                floor
 .text.__fpclassifyd
                0x08011058       0x70 C:\Users\gmtii\workspace\disco-noFB-noUGUI\libs\libm.a(lib_a-s_fpclassify.o)
                0x08011058                __fpclassifyd
 .text.matherr  0x080110c8        0x4 C:\Users\gmtii\workspace\disco-noFB-noUGUI\libs\libm.a(lib_a-s_matherr.o)
                0x080110c8                matherr
 *fill*         0x080110cc        0x4 
 .text.nan      0x080110d0       0x10 C:\Users\gmtii\workspace\disco-noFB-noUGUI\libs\libm.a(lib_a-s_nan.o)
                0x080110d0                nan
 .text.rint     0x080110e0      0x124 C:\Users\gmtii\workspace\disco-noFB-noUGUI\libs\libm.a(lib_a-s_rint.o)
                0x080110e0                rint
 *fill*         0x08011204        0x4 
 .text.scalbn   0x08011208      0x120 C:\Users\gmtii\workspace\disco-noFB-noUGUI\libs\libm.a(lib_a-s_scalbn.o)
                0x08011208                scalbn
 .text.fabsf    0x08011328       0x10 C:\Users\gmtii\workspace\disco-noFB-noUGUI\libs\libm.a(lib_a-sf_fabs.o)
                0x08011328                fabsf
 .text.finitef  0x08011338       0x14 C:\Users\gmtii\workspace\disco-noFB-noUGUI\libs\libm.a(lib_a-sf_finite.o)
                0x08011338                finitef
 .text.__fpclassifyf
                0x0801134c       0x5c C:\Users\gmtii\workspace\disco-noFB-noUGUI\libs\libm.a(lib_a-sf_fpclassify.o)
                0x0801134c                __fpclassifyf
 .text.nanf     0x080113a8        0xc C:\Users\gmtii\workspace\disco-noFB-noUGUI\libs\libm.a(lib_a-sf_nan.o)
                0x080113a8                nanf
 .text.scalbnf  0x080113b4       0xcc C:\Users\gmtii\workspace\disco-noFB-noUGUI\libs\libm.a(lib_a-sf_scalbn.o)
                0x080113b4                scalbnf
 .text.__ieee754_log
                0x08011480      0x428 C:\Users\gmtii\workspace\disco-noFB-noUGUI\libs\libm.a(lib_a-e_log.o)
                0x08011480                __ieee754_log
 .text.__ieee754_logf
                0x080118a8      0x204 C:\Users\gmtii\workspace\disco-noFB-noUGUI\libs\libm.a(lib_a-ef_log.o)
                0x080118a8                __ieee754_logf
 .text.copysign
                0x08011aac       0x24 C:\Users\gmtii\workspace\disco-noFB-noUGUI\libs\libm.a(lib_a-s_copysign.o)
                0x08011aac                copysign
 .text.copysignf
                0x08011ad0       0x18 C:\Users\gmtii\workspace\disco-noFB-noUGUI\libs\libm.a(lib_a-sf_copysign.o)
                0x08011ad0                copysignf
 .text          0x08011ae8      0x370 d:/stm32/gcc/bin/../lib/gcc/arm-none-eabi/4.9.3/armv7e-m/fpu\libgcc.a(_arm_addsubdf3.o)
                0x08011ae8                __aeabi_drsub
                0x08011af0                __aeabi_dsub
                0x08011af0                __subdf3
                0x08011af4                __aeabi_dadd
                0x08011af4                __adddf3
                0x08011d6c                __floatunsidf
                0x08011d6c                __aeabi_ui2d
                0x08011d8c                __floatsidf
                0x08011d8c                __aeabi_i2d
                0x08011db0                __aeabi_f2d
                0x08011db0                __extendsfdf2
                0x08011dec                __floatundidf
                0x08011dec                __aeabi_ul2d
                0x08011dfc                __floatdidf
                0x08011dfc                __aeabi_l2d
 .text          0x08011e58      0x424 d:/stm32/gcc/bin/../lib/gcc/arm-none-eabi/4.9.3/armv7e-m/fpu\libgcc.a(_arm_muldivdf3.o)
                0x08011e58                __aeabi_dmul
                0x08011e58                __muldf3
                0x080120ac                __divdf3
                0x080120ac                __aeabi_ddiv
 .text          0x0801227c      0x110 d:/stm32/gcc/bin/../lib/gcc/arm-none-eabi/4.9.3/armv7e-m/fpu\libgcc.a(_arm_cmpdf2.o)
                0x0801227c                __gtdf2
                0x0801227c                __gedf2
                0x08012284                __ltdf2
                0x08012284                __ledf2
                0x0801228c                __nedf2
                0x0801228c                __eqdf2
                0x0801228c                __cmpdf2
                0x08012308                __aeabi_cdrcmple
                0x08012318                __aeabi_cdcmpeq
                0x08012318                __aeabi_cdcmple
                0x08012328                __aeabi_dcmpeq
                0x0801233c                __aeabi_dcmplt
                0x08012350                __aeabi_dcmple
                0x08012364                __aeabi_dcmpge
                0x08012378                __aeabi_dcmpgt
 .text          0x0801238c       0x50 d:/stm32/gcc/bin/../lib/gcc/arm-none-eabi/4.9.3/armv7e-m/fpu\libgcc.a(_arm_fixdfsi.o)
                0x0801238c                __aeabi_d2iz
                0x0801238c                __fixdfsi
 .text          0x080123dc       0x40 d:/stm32/gcc/bin/../lib/gcc/arm-none-eabi/4.9.3/armv7e-m/fpu\libgcc.a(_arm_fixunsdfsi.o)
                0x080123dc                __aeabi_d2uiz
                0x080123dc                __fixunsdfsi
 .text          0x0801241c       0xa0 d:/stm32/gcc/bin/../lib/gcc/arm-none-eabi/4.9.3/armv7e-m/fpu\libgcc.a(_arm_truncdfsf2.o)
                0x0801241c                __truncdfsf2
                0x0801241c                __aeabi_d2f
 .text          0x080124bc       0x30 d:/stm32/gcc/bin/../lib/gcc/arm-none-eabi/4.9.3/armv7e-m/fpu\libgcc.a(_aeabi_uldivmod.o)
                0x080124bc                __aeabi_uldivmod
 .text          0x080124ec       0x60 d:/stm32/gcc/bin/../lib/gcc/arm-none-eabi/4.9.3/armv7e-m/fpu\libgcc.a(bpabi.o)
                0x080124ec                __gnu_ldivmod_helper
                0x0801251c                __gnu_uldivmod_helper
 .text          0x0801254c        0x4 d:/stm32/gcc/bin/../lib/gcc/arm-none-eabi/4.9.3/armv7e-m/fpu\libgcc.a(_dvmd_tls.o)
                0x0801254c                __aeabi_idiv0
                0x0801254c                __aeabi_ldiv0
 .text          0x08012550      0x29c d:/stm32/gcc/bin/../lib/gcc/arm-none-eabi/4.9.3/armv7e-m/fpu\libgcc.a(_divdi3.o)
                0x08012550                __divdi3
 .text          0x080127ec      0x26c d:/stm32/gcc/bin/../lib/gcc/arm-none-eabi/4.9.3/armv7e-m/fpu\libgcc.a(_udivdi3.o)
                0x080127ec                __udivdi3
 .text.__errno  0x08012a58        0xc d:/stm32/gcc/bin/../lib/gcc/arm-none-eabi/4.9.3/../../../../arm-none-eabi/lib/armv7e-m/fpu\libg_nano.a(lib_a-errno.o)
                0x08012a58                __errno
 .text.malloc   0x08012a64       0x10 d:/stm32/gcc/bin/../lib/gcc/arm-none-eabi/4.9.3/../../../../arm-none-eabi/lib/armv7e-m/fpu\libg_nano.a(lib_a-malloc.o)
                0x08012a64                malloc
 .text.memset   0x08012a74       0x10 d:/stm32/gcc/bin/../lib/gcc/arm-none-eabi/4.9.3/../../../../arm-none-eabi/lib/armv7e-m/fpu\libg_nano.a(lib_a-memset.o)
                0x08012a74                memset
 .text._malloc_r
                0x08012a84       0xac d:/stm32/gcc/bin/../lib/gcc/arm-none-eabi/4.9.3/../../../../arm-none-eabi/lib/armv7e-m/fpu\libg_nano.a(lib_a-nano-mallocr.o)
                0x08012a84                _malloc_r
 .text._sbrk_r  0x08012b30       0x20 d:/stm32/gcc/bin/../lib/gcc/arm-none-eabi/4.9.3/../../../../arm-none-eabi/lib/armv7e-m/fpu\libg_nano.a(lib_a-sbrkr.o)
                0x08012b30                _sbrk_r
 *(.rodata .rodata.* .constdata .constdata.*)
 .rodata        0x08012b50     0x2e9e ./src/ui/ui.o
                0x08012b50                iq_rx_am_5k_coeffs
                0x08012cb4                iq_rx_am_6k_coeffs
                0x08012e18                iq_rx_am_7k5_coeffs
                0x08012f7c                iq_rx_am_10k_coeffs
                0x080130e0                iq_rx_am_3k6_coeffs
                0x08013244                iq_rx_am_2k3_coeffs
                0x080133a8                q_rx_5k_coeffs
                0x0801350c                i_rx_5k_coeffs
                0x08013670                q_rx_6k_coeffs
                0x080137d4                i_rx_6k_coeffs
                0x08013938                q_rx_7k5_coeffs
                0x08013a9c                i_rx_7k5_coeffs
                0x08013c00                q_rx_10k_coeffs
                0x08013d64                i_rx_10k_coeffs
                0x08013ec8                q_rx_3k6_coeffs
                0x0801402c                i_rx_3k6_coeffs
                0x08014190                q_rx_5k_coeffs_minus
                0x080142f4                q_rx_6k_coeffs_minus
                0x08014458                q_rx_7k5_coeffs_minus
                0x080145bc                q_rx_10k_coeffs_minus
                0x08014720                q_rx_3k6_coeffs_minus
                0x08014884                q_rx_5k_coeffs_plus
                0x080149e8                q_rx_6k_coeffs_plus
                0x08014b4c                q_rx_7k5_coeffs_plus
                0x08014cb0                q_rx_10k_coeffs_plus
                0x08014e14                q_rx_3k6_coeffs_plus
                0x08014f78                S_Meter_Cal
                0x08014ffc                waterfall_rainbow
                0x08015080                tune_bands
                0x08015108                tune_steps
                0x08015124                size_bands
                0x08015148                i_tx_coeffs
                0x080152ac                q_tx_coeffs_plus
                0x08015410                q_tx_coeffs_minus
                0x08015574                q_tx_coeffs
                0x080156d8                old_waterfall_rainbow
                0x0801575c                old_waterfall_cold_hot
                0x080157e0                waterfall_blue
                0x08015864                waterfall_cold_hot
                0x080158e8                waterfall_grey_inverse
                0x0801596c                waterfall_grey
 *fill*         0x080159ee        0x2 
 .rodata.str1.4
                0x080159f0      0x250 ./src/ui/ui.o
                                0x264 (size before relaxing)
 .rodata        0x08015c40       0x14 ./src/tm/tm_stm32f4_dma.o
 .rodata        0x08015c54     0xab30 ./src/ra8875/gsl1680.o
                0x08015c54                GSLX680_FW
 .rodata        0x08020784     0xf528 ./src/ra8875/ui_ra8875.o
 .rodata.str1.4
                0x0802fcac       0x1c ./src/ra8875/ui_ra8875.o
                                 0x20 (size before relaxing)
 .rodata        0x0802fcc8     0x99a0 ./src/ra8875/ui_ra8875_fonts.o
                0x0802fcc8                GL_Big
                0x0802fcd0                GL_SevenSegNum
                0x0802fcd8                GL_Font8x8
                0x0802fce0                GL_Font8x12_bold
                0x0802fce8                GL_Font8x12
                0x0802fcf0                GL_Font12x12
                0x0802fcf8                GL_Font16x24
                0x0802fd00                GL_Big_Table
                0x08034f00                GL_SevenSegNum_Table
                0x08035798                GL_ASCII8x8_Table
                0x08035d98                GL_ASCII8x12_bold_Table
                0x08037298                GL_ASCII8x12_Table
                0x08037b98                GL_ASCII12x12_Table
                0x08038498                GL_ASCII16x24_Table
 .rodata        0x08039668      0xb74 ./src/codec/audio.o
                0x08039668                IIR_300hz_500_pkCoeffs
                0x08039690                IIR_300hz_500_pvCoeffs
                0x080396bc                IIR_300hz_550_pkCoeffs
                0x080396e4                IIR_300hz_550_pvCoeffs
                0x08039710                IIR_300hz_600_pkCoeffs
                0x08039738                IIR_300hz_600_pvCoeffs
                0x08039764                IIR_300hz_650_pkCoeffs
                0x0803978c                IIR_300hz_650_pvCoeffs
                0x080397b8                IIR_300hz_700_pkCoeffs
                0x080397e0                IIR_300hz_700_pvCoeffs
                0x0803980c                IIR_300hz_800_pkCoeffs
                0x08039834                IIR_300hz_800_pvCoeffs
                0x08039860                IIR_300hz_850_pkCoeffs
                0x08039888                IIR_300hz_850_pvCoeffs
                0x080398b4                IIR_300hz_900_pkCoeffs
                0x080398dc                IIR_300hz_900_pvCoeffs
                0x08039908                IIR_300hz_950_pkCoeffs
                0x08039930                IIR_300hz_950_pvCoeffs
                0x0803995c                IIR_300hz_750_pkCoeffs
                0x08039984                IIR_300hz_750_pvCoeffs
                0x080399b0                IIR_500hz_550_pkCoeffs
                0x080399d8                IIR_500hz_550_pvCoeffs
                0x08039a04                IIR_500hz_650_pkCoeffs
                0x08039a2c                IIR_500hz_650_pvCoeffs
                0x08039a58                IIR_500hz_850_pkCoeffs
                0x08039a80                IIR_500hz_850_pvCoeffs
                0x08039aac                IIR_500hz_950_pkCoeffs
                0x08039ad4                IIR_500hz_950_pvCoeffs
                0x08039b00                IIR_500hz_750_pkCoeffs
                0x08039b28                IIR_500hz_750_pvCoeffs
                0x08039b54                IIR_1k8_LPF_pkCoeffs
                0x08039b7c                IIR_1k8_LPF_pvCoeffs
                0x08039ba8                IIR_1k8_1k125_pkCoeffs
                0x08039bd0                IIR_1k8_1k125_pvCoeffs
                0x08039bfc                IIR_1k8_1k275_pkCoeffs
                0x08039c24                IIR_1k8_1k275_pvCoeffs
                0x08039c50                IIR_1k8_1k575_pkCoeffs
                0x08039c78                IIR_1k8_1k575_pvCoeffs
                0x08039ca4                IIR_1k8_1k725_pkCoeffs
                0x08039ccc                IIR_1k8_1k725_pvCoeffs
                0x08039cf8                IIR_1k8_1k425_pkCoeffs
                0x08039d20                IIR_1k8_1k425_pvCoeffs
                0x08039d4c                IIR_2k3_LPF_pkCoeffs
                0x08039d74                IIR_2k3_LPF_pvCoeffs
                0x08039da0                IIR_2k3_1k275_pkCoeffs
                0x08039dc8                IIR_2k3_1k275_pvCoeffs
                0x08039df4                IIR_2k3_1k562_pkCoeffs
                0x08039e1c                IIR_2k3_1k562_pvCoeffs
                0x08039e48                IIR_2k3_1k712_pkCoeffs
                0x08039e70                IIR_2k3_1k712_pvCoeffs
                0x08039e9c                IIR_2k3_1k412_pkCoeffs
                0x08039ec4                IIR_2k3_1k412_pvCoeffs
                0x08039ef0                IIR_2k7_LPF_pkCoeffs
                0x08039f18                IIR_2k7_LPF_pvCoeffs
                0x08039f44                IIR_2k7_BPF_pkCoeffs
                0x08039f6c                IIR_2k7_BPF_pvCoeffs
                0x08039f98                IIR_2k9_LPF_pkCoeffs
                0x08039fc0                IIR_2k9_LPF_pvCoeffs
                0x08039fec                IIR_2k9_BPF_pkCoeffs
                0x0803a014                IIR_2k9_BPF_pvCoeffs
                0x0803a040                IIR_3k6_LPF_pkCoeffs
                0x0803a068                IIR_3k6_LPF_pvCoeffs
                0x0803a094                IIR_3k6_BPF_pkCoeffs
                0x0803a0bc                IIR_3k6_BPF_pvCoeffs
                0x0803a0e8                IIR_10k_pkCoeffs
                0x0803a108                IIR_10k_pvCoeffs
                0x0803a12c                FirRxDecimate
                0x0803a13c                FirRxInterpolate
                0x0803a17c                FirRxDecimateMinLPF
                0x0803a18c                FirRxInterpolate10KHZ
                0x0803a1cc                IIR_10k_numStages
                0x0803a1ce                IIR_3k6_numStages
                0x0803a1d0                IIR_2k9_numStages
                0x0803a1d2                IIR_2k7_numStages
                0x0803a1d4                IIR_2k3_numStages
                0x0803a1d6                IIR_1k8_numStages
                0x0803a1d8                IIR_500hz_numStages
                0x0803a1da                IIR_300hz_numStages
 .rodata        0x0803a1dc     0x2970 ./src/main.o
 .rodata.str1.4
                0x0803cb4c      0x1cc ./src/main.o
                                0x214 (size before relaxing)
 .rodata.arm_cfft_sR_f32_len1024
                0x0803cd18       0x10 C:\Users\gmtii\workspace\disco-noFB-noUGUI\libs\libarm_cortexM4lf_math_r4p5.a(arm_const_structs.o)
                0x0803cd18                arm_cfft_sR_f32_len1024
 .rodata.twiddleCoef_1024
                0x0803cd28     0x2000 C:\Users\gmtii\workspace\disco-noFB-noUGUI\libs\libarm_cortexM4lf_math_r4p5.a(arm_common_tables.o)
                0x0803cd28                twiddleCoef_1024
 .rodata.armBitRevIndexTable1024
                0x0803ed28      0xe10 C:\Users\gmtii\workspace\disco-noFB-noUGUI\libs\libarm_cortexM4lf_math_r4p5.a(arm_common_tables.o)
                0x0803ed28                armBitRevIndexTable1024
 .rodata.sinTable_f32
                0x0803fb38      0x804 C:\Users\gmtii\workspace\disco-noFB-noUGUI\libs\libarm_cortexM4lf_math_r4p5.a(arm_common_tables.o)
                0x0803fb38                sinTable_f32
 .rodata.str1.4
                0x0804033c        0x6 C:\Users\gmtii\workspace\disco-noFB-noUGUI\libs\libm.a(lib_a-w_log10.o)
                                  0xc (size before relaxing)
 *fill*         0x08040342        0x2 
 .rodata.str1.4
                0x08040344        0x4 C:\Users\gmtii\workspace\disco-noFB-noUGUI\libs\libm.a(lib_a-w_pow.o)
 .rodata.str1.4
                0x08040348        0x5 C:\Users\gmtii\workspace\disco-noFB-noUGUI\libs\libm.a(lib_a-w_sqrt.o)
                                  0x8 (size before relaxing)
 *fill*         0x0804034d        0x3 
 .rodata.str1.4
                0x08040350        0x7 C:\Users\gmtii\workspace\disco-noFB-noUGUI\libs\libm.a(lib_a-wf_log10.o)
                                  0xc (size before relaxing)
 *fill*         0x08040357        0x1 
 .rodata.str1.4
                0x08040358        0x5 C:\Users\gmtii\workspace\disco-noFB-noUGUI\libs\libm.a(lib_a-wf_pow.o)
                                  0x8 (size before relaxing)
 *fill*         0x0804035d        0x3 
 .rodata.str1.4
                0x08040360        0x8 C:\Users\gmtii\workspace\disco-noFB-noUGUI\libs\libm.a(lib_a-wf_sqrt.o)
 .rodata.dp_h   0x08040368       0x10 C:\Users\gmtii\workspace\disco-noFB-noUGUI\libs\libm.a(lib_a-e_pow.o)
 .rodata.dp_l   0x08040378       0x10 C:\Users\gmtii\workspace\disco-noFB-noUGUI\libs\libm.a(lib_a-e_pow.o)
 .rodata.bp     0x08040388       0x10 C:\Users\gmtii\workspace\disco-noFB-noUGUI\libs\libm.a(lib_a-e_pow.o)
 .rodata.str1.4
                0x00000000        0x4 C:\Users\gmtii\workspace\disco-noFB-noUGUI\libs\libm.a(lib_a-e_pow.o)
 .rodata.npio2_hw
                0x08040398       0x80 C:\Users\gmtii\workspace\disco-noFB-noUGUI\libs\libm.a(lib_a-e_rem_pio2.o)
 .rodata.two_over_pi
                0x08040418      0x108 C:\Users\gmtii\workspace\disco-noFB-noUGUI\libs\libm.a(lib_a-e_rem_pio2.o)
 .rodata.dp_h   0x08040520        0x8 C:\Users\gmtii\workspace\disco-noFB-noUGUI\libs\libm.a(lib_a-ef_pow.o)
 .rodata.dp_l   0x08040528        0x8 C:\Users\gmtii\workspace\disco-noFB-noUGUI\libs\libm.a(lib_a-ef_pow.o)
 .rodata.bp     0x08040530        0x8 C:\Users\gmtii\workspace\disco-noFB-noUGUI\libs\libm.a(lib_a-ef_pow.o)
 .rodata.str1.4
                0x00000000        0x4 C:\Users\gmtii\workspace\disco-noFB-noUGUI\libs\libm.a(lib_a-ef_pow.o)
 .rodata.init_jk
                0x08040538       0x10 C:\Users\gmtii\workspace\disco-noFB-noUGUI\libs\libm.a(lib_a-k_rem_pio2.o)
 .rodata.PIo2   0x08040548       0x40 C:\Users\gmtii\workspace\disco-noFB-noUGUI\libs\libm.a(lib_a-k_rem_pio2.o)
 .rodata.TWO52  0x08040588       0x10 C:\Users\gmtii\workspace\disco-noFB-noUGUI\libs\libm.a(lib_a-s_rint.o)
 *(vtable)
 *(.eh_frame*)
 *(.glue_7)
 .glue_7        0x00000000        0x0 linker stubs
 *(.glue_7t)
 .glue_7t       0x00000000        0x0 linker stubs

.vfp11_veneer   0x08040598        0x0
 .vfp11_veneer  0x00000000        0x0 linker stubs

.v4_bx          0x08040598        0x0
 .v4_bx         0x00000000        0x0 linker stubs

.iplt           0x08040598        0x0
 .iplt          0x00000000        0x0 ./system/src/stm32f4/misc.o

.ARM.extab
 *(.ARM.extab* .gnu.linkonce.armextab.*)
                0x08040598                . = ALIGN (0x4)
                0x08040598                __exidx_start = .

.ARM.exidx      0x08040598        0x8
 *(.ARM.exidx* .gnu.linkonce.armexidx.*)
 .ARM.exidx     0x08040598        0x8 d:/stm32/gcc/bin/../lib/gcc/arm-none-eabi/4.9.3/armv7e-m/fpu\libgcc.a(_divdi3.o)
 .ARM.exidx     0x080405a0        0x0 d:/stm32/gcc/bin/../lib/gcc/arm-none-eabi/4.9.3/armv7e-m/fpu\libgcc.a(_udivdi3.o)
                                  0x8 (size before relaxing)
                0x080405a0                __exidx_end = .

.rel.dyn        0x080405a0        0x0
 .rel.iplt      0x00000000        0x0 ./system/src/stm32f4/misc.o
                0x080405a0                . = ALIGN (0x4)
                0x080405a0                _etext = .
                0x080405a0                __etext = .

.data_CCMRAM    0x10000000        0x0 load address 0x080405a0
 FILL mask 0xff
 *(.data.CCMRAM .data.CCMRAM.*)
                0x10000000                . = ALIGN (0x4)
                0x080405a0                _sidata = LOADADDR (.data)

.data           0x20000000      0x494 load address 0x080405a0
 FILL mask 0xff
                0x20000000                _sdata = .
                0x20000000                __data_start__ = .
 *(.data_begin .data_begin.*)
 .data_begin    0x20000000        0x4 ./system/src/newlib/_startup.o
 *(.data .data.*)
 .data          0x20000004       0x10 ./system/src/stm32f4/stm32f4xx_rcc.o
 .data          0x20000014        0xc ./system/src/newlib/_syscalls.o
                0x2000001c                environ
 .data          0x20000020       0x14 ./system/src/cmsis/system_stm32f4xx.o
                0x20000020                AHBPrescTable
                0x20000030                SystemCoreClock
 .data          0x20000034        0xd ./src/ui/ui.o
 *fill*         0x20000041        0x3 
 .data          0x20000044        0xc ./src/tm/tm_stm32f4_i2c.o
 .data          0x20000050      0x430 ./src/stdio/printf.o
                0x20000050                _impure_ptr
                0x20000058                r
 .data          0x20000480        0x8 ./src/ra8875/ui_ra8875.o
 .data          0x20000488        0x4 ./src/i2c/mchf_hw_i2c.o
                0x20000488                I2C1_Timeout
 .data          0x2000048c        0x1 ./src/codec/audio.o
 .data.__fdlib_version
                0x2000048d        0x1 C:\Users\gmtii\workspace\disco-noFB-noUGUI\libs\libm.a(lib_a-s_lib_ver.o)
                0x2000048d                __fdlib_version
 *(.data_end .data_end.*)
 *fill*         0x2000048e        0x2 
 .data_end      0x20000490        0x4 ./system/src/newlib/_startup.o
                0x20000494                . = ALIGN (0x4)
                0x20000494                _edata = .
                0x20000494                __data_end__ = .

.igot.plt       0x20000494        0x0 load address 0x08040a34
 .igot.plt      0x00000000        0x0 ./system/src/stm32f4/misc.o

.ccm            0x20000494    0x28148 load address 0x08040a34
 .ccm           0x20000494    0x28148 ./src/codec/audio.o
                0x20000494                sd

.bss_CCMRAM     0x10000000        0x0
 *(.bss.CCMRAM .bss.CCMRAM.*)

.bss            0x200285e0     0x5d58
                0x200285e0                __bss_start__ = .
                0x200285e0                _sbss = .
 *(.bss_begin .bss_begin.*)
 .bss_begin     0x200285e0        0x4 ./system/src/newlib/_startup.o
 *(.bss .bss.*)
 .bss           0x200285e4        0x4 ./system/src/newlib/_sbrk.o
 .bss           0x200285e8        0xc ./system/src/newlib/_syscalls.o
                0x200285ec                __env
                0x200285f0                __dso_handle
 .bss           0x200285f4      0x40c ./src/ui/ui.o
 .bss           0x20028a00       0x16 ./src/tm/tm_stm32f4_gpio.o
 *fill*         0x20028a16        0x2 
 .bss           0x20028a18        0x4 ./src/tm/tm_stm32f4_i2c.o
 .bss           0x20028a1c        0x1 ./src/tm/tm_stm32f4_sdram.o
 *fill*         0x20028a1d        0x3 
 .bss           0x20028a20     0x1049 ./src/ra8875/ui_ra8875.o
 *fill*         0x20029a69        0x3 
 .bss           0x20029a6c      0x160 ./src/codec/audio.o
 .bss           0x20029bcc       0x90 ./src/codec/i2s.o
 .bss           0x20029c5c       0x2c ./src/button/tm_stm32f4_button.o
 .bss           0x20029c88       0x28 ./src/button/tm_stm32f4_delay.o
                0x20029c88                TM_Time
                0x20029c8c                TM_Time2
                0x20029ca8                TM_DELAY_Initialized
                0x20029cac                TM_TimingDelay
 .bss           0x20029cb0        0x3 ./src/main.o
                0x20029cb0                touch_skip
                0x20029cb2                modesw_state
 *fill*         0x20029cb3        0x1 
 .bss.__malloc_sbrk_start
                0x20029cb4        0x4 d:/stm32/gcc/bin/../lib/gcc/arm-none-eabi/4.9.3/../../../../arm-none-eabi/lib/armv7e-m/fpu\libg_nano.a(lib_a-nano-mallocr.o)
                0x20029cb4                __malloc_sbrk_start
 .bss.__malloc_free_list
                0x20029cb8        0x4 d:/stm32/gcc/bin/../lib/gcc/arm-none-eabi/4.9.3/../../../../arm-none-eabi/lib/armv7e-m/fpu\libg_nano.a(lib_a-nano-mallocr.o)
                0x20029cb8                __malloc_free_list
 *(COMMON)
 COMMON         0x20029cbc        0x4 ./system/src/newlib/_syscalls.o
                0x20029cbc                errno
 COMMON         0x20029cc0       0x94 ./src/ui/ui.o
                0x20029cc0                band_decod_mode
                0x20029ce8                pwmt
                0x20029cf8                band_filter_mode
                0x20029d20                band_dial_value
                0x20029d48                ews
 COMMON         0x20029d54      0x168 ./src/tm/tm_stm32f4_ili9341_button.o
                0x20029d54                LCD_Buttons
 *fill*         0x20029ebc        0x4 
 COMMON         0x20029ec0       0x48 ./src/si5351/si5351.o
                0x20029ec0                dev_status
                0x20029ec8                dev_int_status
                0x20029ed0                vfo
 COMMON         0x20029f08       0x40 ./src/ra8875/gsl1680.o
                0x20029f08                ts_event
 COMMON         0x20029f48       0xbc ./src/ra8875/ui_ra8875.o
                0x20029f48                ts
 COMMON         0x2002a004     0x3cb4 ./src/codec/audio.o
                0x2002a004                FIR_A
                0x2002a010                right_buffer
                0x2002a050                left_buffer
                0x2002a090                osc_i
                0x2002a190                lms1StateF32
                0x2002a490                lms2StateF32
                0x2002a790                lms1_instance
                0x2002a7a0                errsig2
                0x2002a8a4                lms2_nr_delay
                0x2002b8e4                interpState
                0x2002b9a4                errsig1
                0x2002baa8                FIR_Q
                0x2002bab4                lms1NormCoeff_f32
                0x2002bdb4                lms2NormCoeff_f32
                0x2002c0b4                osc_q
                0x2002c1b4                result
                0x2002c2b8                agc_delay
                0x2002c7f8                lms1Norm_instance
                0x2002c810                FIR_I
                0x2002c81c                decimState
                0x2002c8dc                sm
                0x2002c8f0                lms1_nr_delay
                0x2002d130                firState_A
                0x2002d1f0                lms2Norm_instance
                0x2002d208                ads
                0x2002dca8                lms2_instance
 COMMON         0x2002dcb8        0x4 ./src/button/tm_stm32f4_delay.o
                0x2002dcb8                mult
 COMMON         0x2002dcbc      0x678 ./src/main.o
                0x2002dcbc                temp
                0x2002dcda                fingers
                0x2002dcdc                rx_buffer
                0x2002dddc                tx_buffer
                0x2002dedc                df
                0x2002df20                buttonPressed
                0x2002df24                fc
 *(.bss_end .bss_end.*)
 .bss_end       0x2002e334        0x4 ./system/src/newlib/_startup.o
                0x2002e338                . = ALIGN (0x4)
                0x2002e338                __bss_end__ = .
                0x2002e338                _ebss = .

.noinit_CCMRAM
 *(.noinit.CCMRAM .noinit.CCMRAM.*)

.noinit         0x2002e338        0x0
                0x2002e338                _noinit = .
 *(.noinit .noinit.*)
                0x2002e338                . = ALIGN (0x4)
                0x2002e338                _end_noinit = .
                0x2002e338                PROVIDE (end, _end_noinit)
                0x2002e338                PROVIDE (_end, _end_noinit)
                0x2002e338                PROVIDE (__end, _end_noinit)
                0x2002e338                PROVIDE (__end__, _end_noinit)

._check_stack   0x2002e338      0x100
                0x2002e438                . = (. + _Minimum_Stack_Size)
 *fill*         0x2002e338      0x100 

.b1text
 *(.b1text)
 *(.b1rodata)
 *(.b1rodata.*)

.eb0text
 *(.eb0text)
 *(.eb0rodata)
 *(.eb0rodata.*)

.eb1text
 *(.eb1text)
 *(.eb1rodata)
 *(.eb1rodata.*)

.eb2text
 *(.eb2text)
 *(.eb2rodata)
 *(.eb2rodata.*)

.eb3text
 *(.eb3text)
 *(.eb3rodata)
 *(.eb3rodata.*)

.stab
 *(.stab)

.stabstr
 *(.stabstr)

.stab.excl
 *(.stab.excl)

.stab.exclstr
 *(.stab.exclstr)

.stab.index
 *(.stab.index)

.stab.indexstr
 *(.stab.indexstr)

.comment        0x00000000       0xe0
 *(.comment)
 .comment       0x00000000       0x70 ./system/src/stm32f4/misc.o
                                 0x71 (size before relaxing)
 .comment       0x00000000       0x71 ./system/src/stm32f4/stm32f4xx_dma.o
 .comment       0x00000000       0x71 ./system/src/stm32f4/stm32f4xx_fmc.o
 .comment       0x00000000       0x71 ./system/src/stm32f4/stm32f4xx_gpio.o
 .comment       0x00000000       0x71 ./system/src/stm32f4/stm32f4xx_i2c.o
 .comment       0x00000000       0x71 ./system/src/stm32f4/stm32f4xx_rcc.o
 .comment       0x00000000       0x71 ./system/src/stm32f4/stm32f4xx_spi.o
 .comment       0x00000000       0x71 ./system/src/stm32f4/stm32f4xx_tim.o
 .comment       0x00000000       0x71 ./system/src/newlib/_exit.o
 .comment       0x00000000       0x71 ./system/src/newlib/_sbrk.o
 .comment       0x00000000       0x71 ./system/src/newlib/_startup.o
 .comment       0x00000000       0x71 ./system/src/newlib/_syscalls.o
 .comment       0x00000000       0x71 ./system/src/cortexm/_initialize_hardware.o
 .comment       0x00000000       0x71 ./system/src/cortexm/_reset_hardware.o
 .comment       0x00000000       0x71 ./system/src/cortexm/exception_handlers.o
 .comment       0x00000000       0x71 ./system/src/cmsis/system_stm32f4xx.o
 .comment       0x00000000       0x71 ./system/src/cmsis/vectors_stm32f429xx.o
 .comment       0x00000000       0x71 ./src/ui/ui.o
 .comment       0x00000000       0x71 ./src/tm/tm_stm32f4_dma.o
 .comment       0x00000000       0x71 ./src/tm/tm_stm32f4_gpio.o
 .comment       0x00000000       0x71 ./src/tm/tm_stm32f4_i2c.o
 .comment       0x00000000       0x71 ./src/tm/tm_stm32f4_ili9341_button.o
 .comment       0x00000000       0x71 ./src/tm/tm_stm32f4_sdram.o
 .comment       0x00000000       0x71 ./src/stdio/printf.o
 .comment       0x00000000       0x71 ./src/si5351/si5351.o
 .comment       0x00000000       0x71 ./src/ra8875/gsl1680.o
 .comment       0x00000000       0x71 ./src/ra8875/ui_ra8875.o
 .comment       0x00000000       0x71 ./src/ra8875/ui_ra8875_fonts.o
 .comment       0x00000000       0x71 ./src/i2c/mchf_hw_i2c.o
 .comment       0x00000000       0x71 ./src/encoder/ui_rotary.o
 .comment       0x00000000       0x71 ./src/codec/audio.o
 .comment       0x00000000       0x71 ./src/codec/codec.o
 .comment       0x00000000       0x71 ./src/codec/i2s.o
 .comment       0x00000000       0x71 ./src/button/tm_stm32f4_button.o
 .comment       0x00000000       0x71 ./src/button/tm_stm32f4_delay.o
 .comment       0x00000000       0x71 ./src/main.o
 .comment       0x00000070       0x70 C:\Users\gmtii\workspace\disco-noFB-noUGUI\libs\libarm_cortexM4lf_math_r4p5.a(arm_const_structs.o)
                                 0x71 (size before relaxing)
 .comment       0x00000000       0x71 C:\Users\gmtii\workspace\disco-noFB-noUGUI\libs\libarm_cortexM4lf_math_r4p5.a(arm_common_tables.o)
 .comment       0x00000000       0x71 C:\Users\gmtii\workspace\disco-noFB-noUGUI\libs\libarm_cortexM4lf_math_r4p5.a(arm_fill_f32.o)
 .comment       0x00000000       0x71 C:\Users\gmtii\workspace\disco-noFB-noUGUI\libs\libarm_cortexM4lf_math_r4p5.a(arm_copy_q15.o)
 .comment       0x00000000       0x71 C:\Users\gmtii\workspace\disco-noFB-noUGUI\libs\libarm_cortexM4lf_math_r4p5.a(arm_copy_f32.o)
 .comment       0x00000000       0x71 C:\Users\gmtii\workspace\disco-noFB-noUGUI\libs\libarm_cortexM4lf_math_r4p5.a(arm_min_q15.o)
 .comment       0x00000000       0x71 C:\Users\gmtii\workspace\disco-noFB-noUGUI\libs\libarm_cortexM4lf_math_r4p5.a(arm_min_f32.o)
 .comment       0x00000000       0x71 C:\Users\gmtii\workspace\disco-noFB-noUGUI\libs\libarm_cortexM4lf_math_r4p5.a(arm_mean_q15.o)
 .comment       0x00000000       0x71 C:\Users\gmtii\workspace\disco-noFB-noUGUI\libs\libarm_cortexM4lf_math_r4p5.a(arm_mean_f32.o)
 .comment       0x00000000       0x71 C:\Users\gmtii\workspace\disco-noFB-noUGUI\libs\libarm_cortexM4lf_math_r4p5.a(arm_max_q15.o)
 .comment       0x00000000       0x71 C:\Users\gmtii\workspace\disco-noFB-noUGUI\libs\libarm_cortexM4lf_math_r4p5.a(arm_max_f32.o)
 .comment       0x00000000       0x71 C:\Users\gmtii\workspace\disco-noFB-noUGUI\libs\libarm_cortexM4lf_math_r4p5.a(arm_cfft_f32.o)
 .comment       0x00000000       0x71 C:\Users\gmtii\workspace\disco-noFB-noUGUI\libs\libarm_cortexM4lf_math_r4p5.a(arm_lms_norm_init_f32.o)
 .comment       0x00000000       0x71 C:\Users\gmtii\workspace\disco-noFB-noUGUI\libs\libarm_cortexM4lf_math_r4p5.a(arm_lms_norm_f32.o)
 .comment       0x00000000       0x71 C:\Users\gmtii\workspace\disco-noFB-noUGUI\libs\libarm_cortexM4lf_math_r4p5.a(arm_iir_lattice_f32.o)
 .comment       0x00000000       0x71 C:\Users\gmtii\workspace\disco-noFB-noUGUI\libs\libarm_cortexM4lf_math_r4p5.a(arm_fir_interpolate_f32.o)
 .comment       0x00000000       0x71 C:\Users\gmtii\workspace\disco-noFB-noUGUI\libs\libarm_cortexM4lf_math_r4p5.a(arm_fir_init_f32.o)
 .comment       0x00000000       0x71 C:\Users\gmtii\workspace\disco-noFB-noUGUI\libs\libarm_cortexM4lf_math_r4p5.a(arm_fir_f32.o)
 .comment       0x00000000       0x71 C:\Users\gmtii\workspace\disco-noFB-noUGUI\libs\libarm_cortexM4lf_math_r4p5.a(arm_fir_decimate_f32.o)
 .comment       0x00000000       0x71 C:\Users\gmtii\workspace\disco-noFB-noUGUI\libs\libarm_cortexM4lf_math_r4p5.a(arm_cmplx_mag_f32.o)
 .comment       0x00000000       0x71 C:\Users\gmtii\workspace\disco-noFB-noUGUI\libs\libarm_cortexM4lf_math_r4p5.a(arm_sin_f32.o)
 .comment       0x00000000       0x71 C:\Users\gmtii\workspace\disco-noFB-noUGUI\libs\libarm_cortexM4lf_math_r4p5.a(arm_cos_f32.o)
 .comment       0x00000000       0x71 C:\Users\gmtii\workspace\disco-noFB-noUGUI\libs\libarm_cortexM4lf_math_r4p5.a(arm_sub_f32.o)
 .comment       0x00000000       0x71 C:\Users\gmtii\workspace\disco-noFB-noUGUI\libs\libarm_cortexM4lf_math_r4p5.a(arm_scale_f32.o)
 .comment       0x00000000       0x71 C:\Users\gmtii\workspace\disco-noFB-noUGUI\libs\libarm_cortexM4lf_math_r4p5.a(arm_mult_f32.o)
 .comment       0x00000000       0x71 C:\Users\gmtii\workspace\disco-noFB-noUGUI\libs\libarm_cortexM4lf_math_r4p5.a(arm_add_f32.o)
 .comment       0x00000000       0x71 C:\Users\gmtii\workspace\disco-noFB-noUGUI\libs\libarm_cortexM4lf_math_r4p5.a(arm_cfft_radix8_f32.o)

.ARM.attributes
                0x00000000       0x39
 .ARM.attributes
                0x00000000       0x39 ./system/src/stm32f4/misc.o
 .ARM.attributes
                0x00000039       0x39 ./system/src/stm32f4/stm32f4xx_dma.o
 .ARM.attributes
                0x00000072       0x39 ./system/src/stm32f4/stm32f4xx_fmc.o
 .ARM.attributes
                0x000000ab       0x39 ./system/src/stm32f4/stm32f4xx_gpio.o
 .ARM.attributes
                0x000000e4       0x39 ./system/src/stm32f4/stm32f4xx_i2c.o
 .ARM.attributes
                0x0000011d       0x39 ./system/src/stm32f4/stm32f4xx_rcc.o
 .ARM.attributes
                0x00000156       0x39 ./system/src/stm32f4/stm32f4xx_spi.o
 .ARM.attributes
                0x0000018f       0x39 ./system/src/stm32f4/stm32f4xx_tim.o
 .ARM.attributes
                0x000001c8       0x39 ./system/src/newlib/_exit.o
 .ARM.attributes
                0x00000201       0x39 ./system/src/newlib/_sbrk.o
 .ARM.attributes
                0x0000023a       0x39 ./system/src/newlib/_startup.o
 .ARM.attributes
                0x00000273       0x39 ./system/src/newlib/_syscalls.o
 .ARM.attributes
                0x000002ac       0x39 ./system/src/cortexm/_initialize_hardware.o
 .ARM.attributes
                0x000002e5       0x39 ./system/src/cortexm/_reset_hardware.o
 .ARM.attributes
                0x0000031e       0x39 ./system/src/cortexm/exception_handlers.o
 .ARM.attributes
                0x00000357       0x39 ./system/src/cmsis/system_stm32f4xx.o
 .ARM.attributes
                0x00000390       0x39 ./system/src/cmsis/vectors_stm32f429xx.o
 .ARM.attributes
                0x000003c9       0x39 ./src/ui/ui.o
 .ARM.attributes
                0x00000402       0x39 ./src/tm/tm_stm32f4_dma.o
 .ARM.attributes
                0x0000043b       0x39 ./src/tm/tm_stm32f4_gpio.o
 .ARM.attributes
                0x00000474       0x39 ./src/tm/tm_stm32f4_i2c.o
 .ARM.attributes
                0x000004ad       0x39 ./src/tm/tm_stm32f4_ili9341_button.o
 .ARM.attributes
                0x000004e6       0x39 ./src/tm/tm_stm32f4_sdram.o
 .ARM.attributes
                0x0000051f       0x39 ./src/stdio/printf.o
 .ARM.attributes
                0x00000558       0x39 ./src/si5351/si5351.o
 .ARM.attributes
                0x00000591       0x39 ./src/ra8875/gsl1680.o
 .ARM.attributes
                0x000005ca       0x39 ./src/ra8875/ui_ra8875.o
 .ARM.attributes
                0x00000603       0x39 ./src/ra8875/ui_ra8875_fonts.o
 .ARM.attributes