Archive member included because of file (symbol)

C:\Users\itx\workspace\sdr\libs\libarm_cortexM4lf_math.a(arm_copy_q15.o)
                              ./src/ui/ui.o (arm_copy_q15)
C:\Users\itx\workspace\sdr\libs\libarm_cortexM4lf_math.a(arm_copy_f32.o)
                              ./src/ui/ui.o (arm_copy_f32)
C:\Users\itx\workspace\sdr\libs\libarm_cortexM4lf_math.a(arm_min_q15.o)
                              ./src/ui/ui.o (arm_min_q15)
C:\Users\itx\workspace\sdr\libs\libarm_cortexM4lf_math.a(arm_min_f32.o)
                              ./src/ui/ui.o (arm_min_f32)
C:\Users\itx\workspace\sdr\libs\libarm_cortexM4lf_math.a(arm_mean_q15.o)
                              ./src/ui/ui.o (arm_mean_q15)
C:\Users\itx\workspace\sdr\libs\libarm_cortexM4lf_math.a(arm_mean_f32.o)
                              ./src/ui/ui.o (arm_mean_f32)
C:\Users\itx\workspace\sdr\libs\libarm_cortexM4lf_math.a(arm_max_q15.o)
                              ./src/ui/ui.o (arm_max_q15)
C:\Users\itx\workspace\sdr\libs\libarm_cortexM4lf_math.a(arm_max_f32.o)
                              ./src/ui/ui.o (arm_max_f32)
C:\Users\itx\workspace\sdr\libs\libarm_cortexM4lf_math.a(arm_rfft_init_f32.o)
                              ./src/ui/ui.o (arm_rfft_init_f32)
C:\Users\itx\workspace\sdr\libs\libarm_cortexM4lf_math.a(arm_rfft_f32.o)
                              ./src/ui/ui.o (arm_rfft_f32)
C:\Users\itx\workspace\sdr\libs\libarm_cortexM4lf_math.a(arm_cfft_radix4_init_f32.o)
                              C:\Users\itx\workspace\sdr\libs\libarm_cortexM4lf_math.a(arm_rfft_init_f32.o) (arm_cfft_radix4_init_f32)
C:\Users\itx\workspace\sdr\libs\libarm_cortexM4lf_math.a(arm_cfft_radix4_f32.o)
                              C:\Users\itx\workspace\sdr\libs\libarm_cortexM4lf_math.a(arm_rfft_f32.o) (arm_radix4_butterfly_f32)
C:\Users\itx\workspace\sdr\libs\libarm_cortexM4lf_math.a(arm_lms_norm_init_f32.o)
                              ./src/codec/audio.o (arm_lms_norm_init_f32)
C:\Users\itx\workspace\sdr\libs\libarm_cortexM4lf_math.a(arm_lms_norm_f32.o)
                              ./src/codec/audio.o (arm_lms_norm_f32)
C:\Users\itx\workspace\sdr\libs\libarm_cortexM4lf_math.a(arm_iir_lattice_f32.o)
                              ./src/codec/audio.o (arm_iir_lattice_f32)
C:\Users\itx\workspace\sdr\libs\libarm_cortexM4lf_math.a(arm_fir_interpolate_f32.o)
                              ./src/codec/audio.o (arm_fir_interpolate_f32)
C:\Users\itx\workspace\sdr\libs\libarm_cortexM4lf_math.a(arm_fir_init_f32.o)
                              ./src/ui/ui.o (arm_fir_init_f32)
C:\Users\itx\workspace\sdr\libs\libarm_cortexM4lf_math.a(arm_fir_f32.o)
                              ./src/codec/audio.o (arm_fir_f32)
C:\Users\itx\workspace\sdr\libs\libarm_cortexM4lf_math.a(arm_fir_decimate_f32.o)
                              ./src/codec/audio.o (arm_fir_decimate_f32)
C:\Users\itx\workspace\sdr\libs\libarm_cortexM4lf_math.a(arm_cmplx_mag_f32.o)
                              ./src/ui/ui.o (arm_cmplx_mag_f32)
C:\Users\itx\workspace\sdr\libs\libarm_cortexM4lf_math.a(arm_sin_f32.o)
                              ./src/ui/ui.o (arm_sin_f32)
C:\Users\itx\workspace\sdr\libs\libarm_cortexM4lf_math.a(arm_cos_f32.o)
                              ./src/ui/ui.o (arm_cos_f32)
C:\Users\itx\workspace\sdr\libs\libarm_cortexM4lf_math.a(arm_sub_f32.o)
                              ./src/ui/ui.o (arm_sub_f32)
C:\Users\itx\workspace\sdr\libs\libarm_cortexM4lf_math.a(arm_scale_f32.o)
                              ./src/ui/ui.o (arm_scale_f32)
C:\Users\itx\workspace\sdr\libs\libarm_cortexM4lf_math.a(arm_mult_f32.o)
                              ./src/codec/audio.o (arm_mult_f32)
C:\Users\itx\workspace\sdr\libs\libarm_cortexM4lf_math.a(arm_add_f32.o)
                              ./src/ui/ui.o (arm_add_f32)
C:\Users\itx\workspace\sdr\libs\libarm_cortexM4lf_math.a(arm_common_tables.o)
                              C:\Users\itx\workspace\sdr\libs\libarm_cortexM4lf_math.a(arm_cfft_radix4_init_f32.o) (armBitRevTable)
C:\Users\itx\workspace\sdr\libs\libm.a(lib_a-s_fabs.o)
                              ./src/ui/ui.o (fabs)
C:\Users\itx\workspace\sdr\libs\libm.a(lib_a-s_pow10.o)
                              ./src/ui/ui.o (pow10)
C:\Users\itx\workspace\sdr\libs\libm.a(lib_a-sf_ceil.o)
                              ./src/si570/ui_si570.o (ceilf)
C:\Users\itx\workspace\sdr\libs\libm.a(lib_a-sf_floor.o)
                              ./src/si570/ui_si570.o (floorf)
C:\Users\itx\workspace\sdr\libs\libm.a(lib_a-sf_round.o)
                              ./src/si570/ui_si570.o (roundf)
C:\Users\itx\workspace\sdr\libs\libm.a(lib_a-w_log10.o)
                              ./src/ui/ui.o (log10)
C:\Users\itx\workspace\sdr\libs\libm.a(lib_a-w_pow.o)
                              C:\Users\itx\workspace\sdr\libs\libm.a(lib_a-s_pow10.o) (pow)
C:\Users\itx\workspace\sdr\libs\libm.a(lib_a-w_sqrt.o)
                              ./src/ui/ui.o (sqrt)
[...]
Memory Configuration

Name             Origin             Length             Attributes
RAM              0x20000000         0x00020000         xrw
CCMRAM           0x10000000         0x00010000         xrw
FLASH            0x08000000         0x00100000         xr
FLASHB1          0x00000000         0x00000000         xr
EXTMEMB0         0x00000000         0x00000000         xr
EXTMEMB1         0x00000000         0x00000000         xr
EXTMEMB2         0x00000000         0x00000000         xr
EXTMEMB3         0x00000000         0x00000000         xr
MEMORY_ARRAY     0x20002000         0x00000020         xrw
*default*        0x00000000         0xffffffff

Linker script and memory map

LOAD ./system/src/stm32f4/misc.o
LOAD ./system/src/stm32f4/stm32f4xx_adc.o
LOAD ./system/src/stm32f4/stm32f4xx_dac.o
LOAD ./system/src/stm32f4/stm32f4xx_dma.o
LOAD ./system/src/stm32f4/stm32f4xx_exti.o
LOAD ./system/src/stm32f4/stm32f4xx_flash.o
LOAD ./system/src/stm32f4/stm32f4xx_fsmc.o
LOAD ./system/src/stm32f4/stm32f4xx_gpio.o
LOAD ./system/src/stm32f4/stm32f4xx_i2c.o
LOAD ./system/src/stm32f4/stm32f4xx_pwr.o
LOAD ./system/src/stm32f4/stm32f4xx_rcc.o
LOAD ./system/src/stm32f4/stm32f4xx_rtc.o
LOAD ./system/src/stm32f4/stm32f4xx_spi.o
LOAD ./system/src/stm32f4/stm32f4xx_syscfg.o
LOAD ./system/src/stm32f4/stm32f4xx_tim.o
LOAD ./system/src/stm32f4/stm32f4xx_usart.o
LOAD ./system/src/stm32f4/stm32f4xx_wwdg.o
LOAD ./system/src/newlib/_cxx.o
LOAD ./system/src/newlib/_exit.o
LOAD ./system/src/newlib/_sbrk.o
LOAD ./system/src/newlib/_startup.o
LOAD ./system/src/newlib/_syscalls.o
LOAD ./system/src/newlib/assert.o
LOAD ./system/src/diag/Trace.o
LOAD ./system/src/diag/trace_impl.o
LOAD ./system/src/cortexm/_initialize_hardware.o
LOAD ./system/src/cortexm/_reset_hardware.o
LOAD ./system/src/cortexm/exception_handlers.o
LOAD ./system/src/cmsis/system_stm32f4xx.o
LOAD ./system/src/cmsis/vectors_stm32f407xx.o
LOAD ./src/ui/ui.o
LOAD ./src/stdio/printf.o
LOAD ./src/si570/ui_si570.o
LOAD ./src/ili9341/tm_stm32f4_dma.o
LOAD ./src/ili9341/tm_stm32f4_fonts.o
LOAD ./src/ili9341/tm_stm32f4_gpio.o
LOAD ./src/ili9341/tm_stm32f4_spi.o
LOAD ./src/ili9341/tm_stm32f4_spi_dma.o
LOAD ./src/i2c/mchf_hw_i2c.o
LOAD ./src/hy28b/ui_lcd_hy28.o
LOAD ./src/hy28b/ui_lcd_hy28_fonts.o
LOAD ./src/encoder/ui_rotary.o
LOAD ./src/codec/audio.o
LOAD ./src/codec/codec.o
LOAD ./src/codec/cyclesleep.o
LOAD ./src/codec/i2s.o
LOAD ./src/button/tm_stm32f4_button.o
LOAD ./src/button/tm_stm32f4_delay.o
LOAD ./src/button/tm_stm32f4_timer_properties.o
LOAD ./src/main.o
LOAD C:\Users\itx\workspace\sdr\libs\libarm_cortexM4lf_math.a
LOAD d:/armtc/armgcc/4.9 2015q3/bin/../lib/gcc/arm-none-eabi/4.9.3/../../../../arm-none-eabi/lib/armv7e-m/fpu\libstdc++_nano.a
LOAD C:\Users\itx\workspace\sdr\libs\libm.a
START GROUP
LOAD d:/armtc/armgcc/4.9 2015q3/bin/../lib/gcc/arm-none-eabi/4.9.3/armv7e-m/fpu\libgcc.a
LOAD d:/armtc/armgcc/4.9 2015q3/bin/../lib/gcc/arm-none-eabi/4.9.3/../../../../arm-none-eabi/lib/armv7e-m/fpu\libg_nano.a
LOAD d:/armtc/armgcc/4.9 2015q3/bin/../lib/gcc/arm-none-eabi/4.9.3/../../../../arm-none-eabi/lib/armv7e-m/fpu\libc_nano.a
END GROUP
START GROUP
LOAD d:/armtc/armgcc/4.9 2015q3/bin/../lib/gcc/arm-none-eabi/4.9.3/armv7e-m/fpu\libgcc.a
LOAD d:/armtc/armgcc/4.9 2015q3/bin/../lib/gcc/arm-none-eabi/4.9.3/../../../../arm-none-eabi/lib/armv7e-m/fpu\libc_nano.a
END GROUP
                0x20020000                __stack = (ORIGIN (RAM) + 0x20000)
                0x20020000                _estack = __stack
                0x00000400                __Main_Stack_Size = 0x400
                0x00000400                PROVIDE (_Main_Stack_Size, __Main_Stack_Size)
                0x2001fc00                __Main_Stack_Limit = (__stack - __Main_Stack_Size)
                0x2001fc00                PROVIDE (_Main_Stack_Limit, __Main_Stack_Limit)
                0x00000100                _Minimum_Stack_Size = 0x100
                0x20013c84                PROVIDE (_Heap_Begin, _end_noinit)
                0x2001fc00                PROVIDE (_Heap_Limit, (__stack - __Main_Stack_Size))

.isr_vector     0x08000000      0x338
 FILL mask 0xff
                0x08000000                __vectors_start = ABSOLUTE (.)
                0x08000000                __vectors_start__ = ABSOLUTE (.)
 *(.isr_vector)
 .isr_vector    0x08000000      0x188 ./system/src/cmsis/vectors_stm32f407xx.o
                0x08000000                __isr_vectors
 *(.cfmconfig)
 *(.after_vectors .after_vectors.*)
 .after_vectors
                0x08000188      0x138 ./system/src/newlib/_startup.o
                0x08000188                _start
 .after_vectors
                0x080002c0       0x74 ./system/src/cortexm/exception_handlers.o
                0x080002c0                Reset_Handler
                0x080002c4                NMI_Handler
                0x080002c8                HardFault_Handler
                0x080002dc                HardFault_Handler_C
                0x080002e0                MemManage_Handler
                0x080002e4                BusFault_Handler
                0x080002f8                BusFault_Handler_C
                0x080002fc                UsageFault_Handler
                0x08000310                UsageFault_Handler_C
                0x08000314                SVC_Handler
                0x08000318                DebugMon_Handler
                0x0800031c                PendSV_Handler
 .after_vectors
                0x08000334        0x4 ./system/src/cmsis/vectors_stm32f407xx.o
                0x08000334                RTC_Alarm_IRQHandler
                0x08000334                HASH_RNG_IRQHandler
                0x08000334                EXTI2_IRQHandler
                0x08000334                TIM8_CC_IRQHandler
                0x08000334                TIM1_CC_IRQHandler
                0x08000334                PVD_IRQHandler
                0x08000334                SDIO_IRQHandler
                0x08000334                TAMP_STAMP_IRQHandler
                0x08000334                CAN2_RX1_IRQHandler
                0x08000334                EXTI3_IRQHandler
                0x08000334                TIM8_TRG_COM_TIM14_IRQHandler
                0x08000334                TIM1_UP_TIM10_IRQHandler
                0x08000334                TIM8_UP_TIM13_IRQHandler
                0x08000334                I2C3_ER_IRQHandler
                0x08000334                EXTI0_IRQHandler
                0x08000334                I2C2_EV_IRQHandler
                0x08000334                CAN1_RX0_IRQHandler
                0x08000334                FPU_IRQHandler
                0x08000334                OTG_HS_WKUP_IRQHandler
                0x08000334                CAN2_SCE_IRQHandler
                0x08000334                SPI1_IRQHandler
                0x08000334                TIM6_DAC_IRQHandler
                0x08000334                TIM1_BRK_TIM9_IRQHandler
                0x08000334                DCMI_IRQHandler
                0x08000334                CAN2_RX0_IRQHandler
                0x08000334                USART6_IRQHandler
                0x08000334                USART3_IRQHandler
                0x08000334                CAN1_RX1_IRQHandler
                0x08000334                UART5_IRQHandler
                0x08000334                TIM4_IRQHandler
                0x08000334                I2C1_EV_IRQHandler
                0x08000334                UART4_IRQHandler
                0x08000334                TIM3_IRQHandler
                0x08000334                RCC_IRQHandler
                0x08000334                TIM8_BRK_TIM12_IRQHandler
                0x08000334                Default_Handler
                0x08000334                EXTI15_10_IRQHandler
                0x08000334                ADC_IRQHandler
                0x08000334                TIM7_IRQHandler
                0x08000334                CAN2_TX_IRQHandler
                0x08000334                TIM5_IRQHandler
                0x08000334                I2C3_EV_IRQHandler
                0x08000334                EXTI9_5_IRQHandler
                0x08000334                RTC_WKUP_IRQHandler
                0x08000334                ETH_WKUP_IRQHandler
                0x08000334                SPI2_IRQHandler
                0x08000334                OTG_HS_EP1_IN_IRQHandler
                0x08000334                CAN1_TX_IRQHandler
                0x08000334                EXTI4_IRQHandler
                0x08000334                ETH_IRQHandler
                0x08000334                OTG_HS_EP1_OUT_IRQHandler
                0x08000334                WWDG_IRQHandler
                0x08000334                TIM2_IRQHandler
                0x08000334                OTG_FS_WKUP_IRQHandler
                0x08000334                TIM1_TRG_COM_TIM11_IRQHandler
                0x08000334                OTG_HS_IRQHandler
                0x08000334                EXTI1_IRQHandler
                0x08000334                USART2_IRQHandler
                0x08000334                I2C2_ER_IRQHandler
                0x08000334                CAN1_SCE_IRQHandler
                0x08000334                FLASH_IRQHandler
                0x08000334                USART1_IRQHandler
                0x08000334                OTG_FS_IRQHandler
                0x08000334                SPI3_IRQHandler
                0x08000334                I2C1_ER_IRQHandler
                0x08000334                FMC_IRQHandler

.inits          0x08000338       0x28
                0x08000338                __data_regions_array_start = .
                0x08000338        0x4 LONG 0x801d6d8 LOADADDR (.data)
                0x0800033c        0x4 LONG 0x20000000 ADDR (.data)
                0x08000340        0x4 LONG 0x20000468 (ADDR (.data) + SIZEOF (.data))
                0x08000344        0x4 LONG 0x801d6d8 LOADADDR (.data_CCMRAM)
                0x08000348        0x4 LONG 0x10000000 ADDR (.data_CCMRAM)
                0x0800034c        0x4 LONG 0x10000000 (ADDR (.data_CCMRAM) + SIZEOF (.data_CCMRAM))
                0x08000350                __data_regions_array_end = .
                0x08000350                __bss_regions_array_start = .
                0x08000350        0x4 LONG 0x20000468 ADDR (.bss)
                0x08000354        0x4 LONG 0x20013c84 (ADDR (.bss) + SIZEOF (.bss))
                0x08000358        0x4 LONG 0x10000000 ADDR (.bss_CCMRAM)
                0x0800035c        0x4 LONG 0x10000000 (ADDR (.bss_CCMRAM) + SIZEOF (.bss_CCMRAM))
                0x08000360                __bss_regions_array_end = .
 *(.init)
 *(.fini)
                0x08000360                . = ALIGN (0x4)
                0x08000360                PROVIDE (__preinit_array_start, .)
 *(.preinit_array_sysinit .preinit_array_sysinit.*)
 *(.preinit_array_platform .preinit_array_platform.*)
 *(.preinit_array .preinit_array.*)
                0x08000360                PROVIDE (__preinit_array_end, .)
                0x08000360                . = ALIGN (0x4)
                0x08000360                PROVIDE (__init_array_start, .)
 *(SORT(.init_array.*))
 *(.init_array)
                0x08000360                PROVIDE (__init_array_end, .)
                0x08000360                . = ALIGN (0x4)
                0x08000360                PROVIDE (__fini_array_start, .)
 *(SORT(.fini_array.*))
 *(.fini_array)
                0x08000360                PROVIDE (__fini_array_end, .)

.flashtext
 *(.flashtext .flashtext.*)

.text           0x08000360    0x1d378
 *(.text .text.*)
 .text.DMA_DeInit
                0x08000360      0x130 ./system/src/stm32f4/stm32f4xx_dma.o
                0x08000360                DMA_DeInit
 .text.DMA_Init
                0x08000490       0x70 ./system/src/stm32f4/stm32f4xx_dma.o
                0x08000490                DMA_Init
 .text.DMA_Cmd  0x08000500       0x14 ./system/src/stm32f4/stm32f4xx_dma.o
                0x08000500                DMA_Cmd
 .text.DMA_GetFlagStatus
                0x08000514       0x3c ./system/src/stm32f4/stm32f4xx_dma.o
                0x08000514                DMA_GetFlagStatus
 .text.DMA_ClearFlag
                0x08000550       0x34 ./system/src/stm32f4/stm32f4xx_dma.o
                0x08000550                DMA_ClearFlag
 .text.DMA_ITConfig
                0x08000584       0x40 ./system/src/stm32f4/stm32f4xx_dma.o
                0x08000584                DMA_ITConfig
 .text.GPIO_Init
                0x080005c4       0xa8 ./system/src/stm32f4/stm32f4xx_gpio.o
                0x080005c4                GPIO_Init
 .text.GPIO_SetBits
                0x0800066c        0x4 ./system/src/stm32f4/stm32f4xx_gpio.o
                0x0800066c                GPIO_SetBits
 .text.GPIO_ResetBits
                0x08000670        0x4 ./system/src/stm32f4/stm32f4xx_gpio.o
                0x08000670                GPIO_ResetBits
 .text.GPIO_ToggleBits
                0x08000674        0x8 ./system/src/stm32f4/stm32f4xx_gpio.o
                0x08000674                GPIO_ToggleBits
 .text.GPIO_PinAFConfig
                0x0800067c       0x28 ./system/src/stm32f4/stm32f4xx_gpio.o
                0x0800067c                GPIO_PinAFConfig
 .text.I2C_DeInit
                0x080006a4       0x6c ./system/src/stm32f4/stm32f4xx_i2c.o
                0x080006a4                I2C_DeInit
 .text.I2C_Init
                0x08000710       0xe8 ./system/src/stm32f4/stm32f4xx_i2c.o
                0x08000710                I2C_Init
 .text.I2C_Cmd  0x080007f8       0x1c ./system/src/stm32f4/stm32f4xx_i2c.o
                0x080007f8                I2C_Cmd
 .text.I2C_GenerateSTART
                0x08000814       0x1c ./system/src/stm32f4/stm32f4xx_i2c.o
                0x08000814                I2C_GenerateSTART
 .text.I2C_GenerateSTOP
                0x08000830       0x1c ./system/src/stm32f4/stm32f4xx_i2c.o
                0x08000830                I2C_GenerateSTOP
 .text.I2C_Send7bitAddress
                0x0800084c       0x18 ./system/src/stm32f4/stm32f4xx_i2c.o
                0x0800084c                I2C_Send7bitAddress
 .text.I2C_AcknowledgeConfig
                0x08000864       0x1c ./system/src/stm32f4/stm32f4xx_i2c.o
                0x08000864                I2C_AcknowledgeConfig
 .text.I2C_SoftwareResetCmd
                0x08000880       0x1c ./system/src/stm32f4/stm32f4xx_i2c.o
                0x08000880                I2C_SoftwareResetCmd
 .text.I2C_SendData
                0x0800089c        0x4 ./system/src/stm32f4/stm32f4xx_i2c.o
                0x0800089c                I2C_SendData
 .text.I2C_ReceiveData
                0x080008a0        0x8 ./system/src/stm32f4/stm32f4xx_i2c.o
                0x080008a0                I2C_ReceiveData
 .text.I2C_CheckEvent
                0x080008a8       0x1c ./system/src/stm32f4/stm32f4xx_i2c.o
                0x080008a8                I2C_CheckEvent
 .text.I2C_GetFlagStatus
                0x080008c4       0x38 ./system/src/stm32f4/stm32f4xx_i2c.o
                0x080008c4                I2C_GetFlagStatus
 .text.I2C_ClearFlag
                0x080008fc        0x8 ./system/src/stm32f4/stm32f4xx_i2c.o
                0x080008fc                I2C_ClearFlag
 .text.RCC_MCO2Config
                0x08000904       0x14 ./system/src/stm32f4/stm32f4xx_rcc.o
                0x08000904                RCC_MCO2Config
 .text.RCC_GetClocksFreq
                0x08000918       0x98 ./system/src/stm32f4/stm32f4xx_rcc.o
                0x08000918                RCC_GetClocksFreq
 .text.RCC_AHB1PeriphClockCmd
                0x080009b0       0x18 ./system/src/stm32f4/stm32f4xx_rcc.o
                0x080009b0                RCC_AHB1PeriphClockCmd
 .text.RCC_APB1PeriphClockCmd
                0x080009c8       0x18 ./system/src/stm32f4/stm32f4xx_rcc.o
                0x080009c8                RCC_APB1PeriphClockCmd
 .text.RCC_APB1PeriphResetCmd
                0x080009e0       0x18 ./system/src/stm32f4/stm32f4xx_rcc.o
                0x080009e0                RCC_APB1PeriphResetCmd
 .text.RCC_APB2PeriphResetCmd
                0x080009f8       0x18 ./system/src/stm32f4/stm32f4xx_rcc.o
                0x080009f8                RCC_APB2PeriphResetCmd
 .text.SPI_I2S_DeInit
                0x08000a10       0x6c ./system/src/stm32f4/stm32f4xx_spi.o
                0x08000a10                SPI_I2S_DeInit
 .text.SPI_Init
                0x08000a7c       0x50 ./system/src/stm32f4/stm32f4xx_spi.o
                0x08000a7c                SPI_Init
 .text.I2S_Init
                0x08000acc       0xf0 ./system/src/stm32f4/stm32f4xx_spi.o
                0x08000acc                I2S_Init
 .text.SPI_Cmd  0x08000bbc       0x1c ./system/src/stm32f4/stm32f4xx_spi.o
                0x08000bbc                SPI_Cmd
 .text.I2S_Cmd  0x08000bd8       0x1c ./system/src/stm32f4/stm32f4xx_spi.o
                0x08000bd8                I2S_Cmd
 .text.I2S_FullDuplexConfig
                0x08000bf4       0x48 ./system/src/stm32f4/stm32f4xx_spi.o
                0x08000bf4                I2S_FullDuplexConfig
 .text.SPI_I2S_ReceiveData
                0x08000c3c        0x8 ./system/src/stm32f4/stm32f4xx_spi.o
                0x08000c3c                SPI_I2S_ReceiveData
 .text.SPI_I2S_SendData
                0x08000c44        0x4 ./system/src/stm32f4/stm32f4xx_spi.o
                0x08000c44                SPI_I2S_SendData
 .text.SPI_I2S_DMACmd
                0x08000c48       0x14 ./system/src/stm32f4/stm32f4xx_spi.o
                0x08000c48                SPI_I2S_DMACmd
 .text.SPI_I2S_GetFlagStatus
                0x08000c5c        0xc ./system/src/stm32f4/stm32f4xx_spi.o
                0x08000c5c                SPI_I2S_GetFlagStatus
 .text.TIM_TimeBaseInit
                0x08000c68       0x98 ./system/src/stm32f4/stm32f4xx_tim.o
                0x08000c68                TIM_TimeBaseInit
 .text.TIM_GetCounter
                0x08000d00        0x4 ./system/src/stm32f4/stm32f4xx_tim.o
                0x08000d00                TIM_GetCounter
 .text.TIM_Cmd  0x08000d04       0x1c ./system/src/stm32f4/stm32f4xx_tim.o
                0x08000d04                TIM_Cmd
 .text.TIM_EncoderInterfaceConfig
                0x08000d20       0x40 ./system/src/stm32f4/stm32f4xx_tim.o
                0x08000d20                TIM_EncoderInterfaceConfig
 .text._exit    0x08000d60        0x8 ./system/src/newlib/_exit.o
                0x08000d60                _exit
 .text._sbrk    0x08000d68       0x40 ./system/src/newlib/_sbrk.o
                0x08000d68                _sbrk
 .text.__initialize_args
                0x08000da8       0x10 ./system/src/newlib/_syscalls.o
                0x08000da8                __initialize_args
 .text.__initialize_hardware_early
                0x08000db8       0x24 ./system/src/cortexm/_initialize_hardware.o
                0x08000db8                __initialize_hardware_early
 .text.__initialize_hardware
                0x08000ddc        0x4 ./system/src/cortexm/_initialize_hardware.o
                0x08000ddc                __initialize_hardware
 .text.__reset_hardware
                0x08000de0       0x24 ./system/src/cortexm/_reset_hardware.o
                0x08000de0                __reset_hardware
 .text.SystemInit
                0x08000e04      0x130 ./system/src/cmsis/system_stm32f4xx.o
                0x08000e04                SystemInit
 .text.SystemCoreClockUpdate
                0x08000f34       0x78 ./system/src/cmsis/system_stm32f4xx.o
                0x08000f34                SystemCoreClockUpdate
 .text.UiDriverChangeBandFilter
                0x08000fac       0x68 ./src/ui/ui.o
 *fill*         0x08001014        0x4 
 .text.UiCalcRFGain
                0x08001018       0x58 ./src/ui/ui.o
                0x08001018                UiCalcRFGain
 .text.UiCalcRxPhaseAdj
                0x08001070      0x278 ./src/ui/ui.o
                0x08001070                UiCalcRxPhaseAdj
 .text.UiCalcRxIqGainAdj
                0x080012e8       0x70 ./src/ui/ui.o
                0x080012e8                UiCalcRxIqGainAdj
 .text.UiCalcNB_AGC
                0x08001358       0x90 ./src/ui/ui.o
                0x08001358                UiCalcNB_AGC
 .text.UiDriverCreateFunctionButtons
                0x080013e8       0xf0 ./src/ui/ui.o
                0x080013e8                UiDriverCreateFunctionButtons
 .text.UiDriverChangeAfGain
                0x080014d8       0x84 ./src/ui/ui.o
                0x080014d8                UiDriverChangeAfGain
 .text.UiDriverChangeCodecGain
                0x0800155c       0xa8 ./src/ui/ui.o
                0x0800155c                UiDriverChangeCodecGain
 .text.UiDriverChangeRfGain
                0x08001604       0xa8 ./src/ui/ui.o
                0x08001604                UiDriverChangeRfGain
 .text.UiDriverCheckFrequencyEncoder
                0x080016ac       0x64 ./src/ui/ui.o
                0x080016ac                UiDriverCheckFrequencyEncoder
 .text.UiDriverChangeSigProc
                0x08001710      0x138 ./src/ui/ui.o
                0x08001710                UiDriverChangeSigProc
 .text.UiDriverCheckEncoderTwo
                0x08001848      0x218 ./src/ui/ui.o
                0x08001848                UiDriverCheckEncoderTwo
 .text.UiDriverClearSpectrumDisplay
                0x08001a60       0x4c ./src/ui/ui.o
                0x08001a60                UiDriverClearSpectrumDisplay
 .text.UiDriverChangeDSPMode
                0x08001aac      0x120 ./src/ui/ui.o
                0x08001aac                UiDriverChangeDSPMode
 .text.UiDriverHandleSmeter
                0x08001bcc      0x3b0 ./src/ui/ui.o
                0x08001bcc                UiDriverHandleSmeter
 *fill*         0x08001f7c        0x4 
 .text.UiDriverFFTWindowFunction
                0x08001f80      0x4a4 ./src/ui/ui.o
                0x08001f80                UiDriverFFTWindowFunction
 .text.UiDriverInitSpectrumDisplay
                0x08002424      0x150 ./src/ui/ui.o
                0x08002424                UiDriverInitSpectrumDisplay
 .text.UiDriverInitFrequency
                0x08002574       0x9c ./src/ui/ui.o
                0x08002574                UiDriverInitFrequency
 .text.UiDriverDisplayFilterBW
                0x08002610      0x24c ./src/ui/ui.o
                0x08002610                UiDriverDisplayFilterBW
 .text.UiDriverChangeFilter
                0x0800285c      0x128 ./src/ui/ui.o
                0x0800285c                UiDriverChangeFilter
 .text.UiDriverUpdateLcdFreq
                0x08002984      0x27c ./src/ui/ui.o
                0x08002984                UiDriverUpdateLcdFreq
 .text.UiDriverShowStep
                0x08002c00      0x144 ./src/ui/ui.o
                0x08002c00                UiDriverShowStep
 .text.UiDriverChangeTunningStep
                0x08002d44       0x30 ./src/ui/ui.o
                0x08002d44                UiDriverChangeTunningStep
 .text.UiDriverShowBand
                0x08002d74      0x134 ./src/ui/ui.o
                0x08002d74                UiDriverShowBand
 .text.UiDriverShowMode
                0x08002ea8       0xb4 ./src/ui/ui.o
                0x08002ea8                UiDriverShowMode
 .text.UiDriverChangeBand
                0x08002f5c       0x98 ./src/ui/ui.o
                0x08002f5c                UiDriverChangeBand
 .text.UiDrawSpectrumScopeFrequencyBarText
                0x08002ff4      0x3ec ./src/ui/ui.o
                0x08002ff4                UiDrawSpectrumScopeFrequencyBarText
 .text.UiDriverCreateSpectrumScope
                0x080033e0      0x32c ./src/ui/ui.o
                0x080033e0                UiDriverCreateSpectrumScope
 *fill*         0x0800370c        0x4 
 .text.UiDriverReDrawSpectrumDisplay
                0x08003710      0x6c8 ./src/ui/ui.o
                0x08003710                UiDriverReDrawSpectrumDisplay
 .text.UiDriverReDrawWaterfallDisplay
                0x08003dd8      0x6f4 ./src/ui/ui.o
                0x08003dd8                UiDriverReDrawWaterfallDisplay
 .text.UiInitSpectrumScopeWaterfall
                0x080044cc       0x18 ./src/ui/ui.o
                0x080044cc                UiInitSpectrumScopeWaterfall
 .text.UiDriverUpdateFrequency
                0x080044e4       0xc0 ./src/ui/ui.o
                0x080044e4                UiDriverUpdateFrequency
 .text.UiDriverCreateDesktop
                0x080045a4      0x47c ./src/ui/ui.o
                0x080045a4                UiDriverCreateDesktop
 .text.ui_driver_init
                0x08004a20       0x58 ./src/ui/ui.o
                0x08004a20                ui_driver_init
 .text.PutUnsignedInt
                0x08004a78       0x54 ./src/stdio/printf.o
                0x08004a78                PutUnsignedInt
 .text.PutSignedInt
                0x08004acc       0x9c ./src/stdio/printf.o
                0x08004acc                PutSignedInt
 .text.PutHexa  0x08004b68       0x68 ./src/stdio/printf.o
                0x08004b68                PutHexa
 .text.vsnprintf
                0x08004bd0      0x178 ./src/stdio/printf.o
                0x08004bd0                vsnprintf
 .text.vfprintf
                0x08004d48       0x58 ./src/stdio/printf.o
                0x08004d48                vfprintf
 .text.printf   0x08004da0       0x28 ./src/stdio/printf.o
                0x08004da0                printf
 .text.sprintf  0x08004dc8       0x20 ./src/stdio/printf.o
                0x08004dc8                sprintf
 .text.ui_si570_verify_frequency
                0x08004de8       0x40 ./src/si570/ui_si570.o
 .text.ui_si570_large_frequency_change
                0x08004e28       0xc0 ./src/si570/ui_si570.o
 .text.ui_si570_is_large_change
                0x08004ee8       0x6c ./src/si570/ui_si570.o
 .text.ui_si570_get_configuration
                0x08004f54      0x174 ./src/si570/ui_si570.o
                0x08004f54                ui_si570_get_configuration
 .text.ui_si570_set_frequency
                0x080050c8      0x27c ./src/si570/ui_si570.o
                0x080050c8                ui_si570_set_frequency
 *fill*         0x08005344        0x4 
 .text.ui_si570_calc_startupfrequency
                0x08005348      0x1e0 ./src/si570/ui_si570.o
                0x08005348                ui_si570_calc_startupfrequency
 .text.TM_DMA_TransferCompleteHandler
                0x08005528        0x4 ./src/ili9341/tm_stm32f4_dma.o
                0x08005528                TM_DMA_TransferCompleteHandler
 .text.TM_DMA_HalfTransferCompleteHandler
                0x0800552c        0x4 ./src/ili9341/tm_stm32f4_dma.o
                0x0800552c                TM_DMA_HalfTransferCompleteHandler
 .text.TM_DMA_TransferErrorHandler
                0x08005530        0x4 ./src/ili9341/tm_stm32f4_dma.o
                0x08005530                TM_DMA_TransferErrorHandler
 .text.TM_DMA_DirectModeErrorHandler
                0x08005534        0x4 ./src/ili9341/tm_stm32f4_dma.o
                0x08005534                TM_DMA_DirectModeErrorHandler
 .text.TM_DMA_FIFOErrorHandler
                0x08005538        0x4 ./src/ili9341/tm_stm32f4_dma.o
                0x08005538                TM_DMA_FIFOErrorHandler
 .text.TM_DMA_INT_ProcessInterrupt
                0x0800553c      0x10c ./src/ili9341/tm_stm32f4_dma.o
 .text.DMA1_Stream0_IRQHandler
                0x08005648        0xc ./src/ili9341/tm_stm32f4_dma.o
                0x08005648                DMA1_Stream0_IRQHandler
 .text.DMA1_Stream1_IRQHandler
                0x08005654        0xc ./src/ili9341/tm_stm32f4_dma.o
                0x08005654                DMA1_Stream1_IRQHandler
 .text.DMA1_Stream2_IRQHandler
                0x08005660        0xc ./src/ili9341/tm_stm32f4_dma.o
                0x08005660                DMA1_Stream2_IRQHandler
 .text.DMA1_Stream4_IRQHandler
                0x0800566c        0xc ./src/ili9341/tm_stm32f4_dma.o
                0x0800566c                DMA1_Stream4_IRQHandler
 .text.DMA1_Stream5_IRQHandler
                0x08005678        0xc ./src/ili9341/tm_stm32f4_dma.o
                0x08005678                DMA1_Stream5_IRQHandler
 .text.DMA1_Stream6_IRQHandler
                0x08005684        0xc ./src/ili9341/tm_stm32f4_dma.o
                0x08005684                DMA1_Stream6_IRQHandler
 .text.DMA1_Stream7_IRQHandler
                0x08005690        0xc ./src/ili9341/tm_stm32f4_dma.o
                0x08005690                DMA1_Stream7_IRQHandler
 .text.DMA2_Stream0_IRQHandler
                0x0800569c        0xc ./src/ili9341/tm_stm32f4_dma.o
                0x0800569c                DMA2_Stream0_IRQHandler
 .text.DMA2_Stream1_IRQHandler
                0x080056a8        0xc ./src/ili9341/tm_stm32f4_dma.o
                0x080056a8                DMA2_Stream1_IRQHandler
 .text.DMA2_Stream2_IRQHandler
                0x080056b4        0xc ./src/ili9341/tm_stm32f4_dma.o
                0x080056b4                DMA2_Stream2_IRQHandler
 .text.DMA2_Stream3_IRQHandler
                0x080056c0        0xc ./src/ili9341/tm_stm32f4_dma.o
                0x080056c0                DMA2_Stream3_IRQHandler
 .text.DMA2_Stream4_IRQHandler
                0x080056cc        0xc ./src/ili9341/tm_stm32f4_dma.o
                0x080056cc                DMA2_Stream4_IRQHandler
 .text.DMA2_Stream5_IRQHandler
                0x080056d8        0xc ./src/ili9341/tm_stm32f4_dma.o
                0x080056d8                DMA2_Stream5_IRQHandler
 .text.DMA2_Stream6_IRQHandler
                0x080056e4        0xc ./src/ili9341/tm_stm32f4_dma.o
                0x080056e4                DMA2_Stream6_IRQHandler
 .text.DMA2_Stream7_IRQHandler
                0x080056f0        0xc ./src/ili9341/tm_stm32f4_dma.o
                0x080056f0                DMA2_Stream7_IRQHandler
 .text.TM_GPIO_INT_Init
                0x080056fc       0xb4 ./src/ili9341/tm_stm32f4_gpio.o
                0x080056fc                TM_GPIO_INT_Init
 .text.TM_GPIO_Init
                0x080057b0       0x40 ./src/ili9341/tm_stm32f4_gpio.o
                0x080057b0                TM_GPIO_Init
 .text.mchf_hw_i2c_init
                0x080057f0       0x9c ./src/i2c/mchf_hw_i2c.o
                0x080057f0                mchf_hw_i2c_init
 .text.mchf_hw_i2c_reset
                0x0800588c       0x44 ./src/i2c/mchf_hw_i2c.o
                0x0800588c                mchf_hw_i2c_reset
 .text.mchf_hw_i2c_WriteRegister
                0x080058d0      0x11c ./src/i2c/mchf_hw_i2c.o
                0x080058d0                mchf_hw_i2c_WriteRegister
 .text.mchf_hw_i2c_WriteBlock
                0x080059ec      0x138 ./src/i2c/mchf_hw_i2c.o
                0x080059ec                mchf_hw_i2c_WriteBlock
 .text.mchf_hw_i2c_ReadRegister
                0x08005b24      0x1a8 ./src/i2c/mchf_hw_i2c.o
                0x08005b24                mchf_hw_i2c_ReadRegister
 .text.UiLcdHy28_BacklightInit
                0x08005ccc       0x30 ./src/hy28b/ui_lcd_hy28.o
                0x08005ccc                UiLcdHy28_BacklightInit
 .text.UiLcdHy28_SpiInit
                0x08005cfc      0x108 ./src/hy28b/ui_lcd_hy28.o
                0x08005cfc                UiLcdHy28_SpiInit
 .text.UiLcdHy28_Reset
                0x08005e04       0x24 ./src/hy28b/ui_lcd_hy28.o
                0x08005e04                UiLcdHy28_Reset
 .text.UiLcdHy28_SendByteSpi
                0x08005e28       0x34 ./src/hy28b/ui_lcd_hy28.o
                0x08005e28                UiLcdHy28_SendByteSpi
 .text.UiLcdHy28_WriteDataOnly.part.1
                0x08005e5c       0x14 ./src/hy28b/ui_lcd_hy28.o
 .text.UiLcdHy28_ReadByteSpi
                0x08005e70       0x48 ./src/hy28b/ui_lcd_hy28.o
                0x08005e70                UiLcdHy28_ReadByteSpi
 .text.UiLcdHy28_WriteIndexSpi
                0x08005eb8       0x38 ./src/hy28b/ui_lcd_hy28.o
                0x08005eb8                UiLcdHy28_WriteIndexSpi
 .text.UiLcdHy28_WriteRAM_Prepare.part.4
                0x08005ef0       0x28 ./src/hy28b/ui_lcd_hy28.o
 .text.UiLcdHy28_WriteDataSpi
                0x08005f18       0x38 ./src/hy28b/ui_lcd_hy28.o
                0x08005f18                UiLcdHy28_WriteDataSpi
 .text.UiLcdHy28_ReadDataSpi
                0x08005f50       0x40 ./src/hy28b/ui_lcd_hy28.o
                0x08005f50                UiLcdHy28_ReadDataSpi
 .text.UiLcdHy28_WriteReg
                0x08005f90       0x34 ./src/hy28b/ui_lcd_hy28.o
                0x08005f90                UiLcdHy28_WriteReg
 .text.UiLcdHy28_LcdClear
                0x08005fc4       0x94 ./src/hy28b/ui_lcd_hy28.o
                0x08005fc4                UiLcdHy28_LcdClear
 .text.UiLcdHy28_DrawStraightLine
                0x08006058      0x100 ./src/hy28b/ui_lcd_hy28.o
                0x08006058                UiLcdHy28_DrawStraightLine
 .text.UiLcdHy28_DrawHorizLineWithGrad
                0x08006158       0xbc ./src/hy28b/ui_lcd_hy28.o
                0x08006158                UiLcdHy28_DrawHorizLineWithGrad
 .text.UiLcdHy28_DrawEmptyRect
                0x08006214       0x54 ./src/hy28b/ui_lcd_hy28.o
                0x08006214                UiLcdHy28_DrawEmptyRect
 .text.UiLcdHy28_DrawBottomButton
                0x08006268       0x44 ./src/hy28b/ui_lcd_hy28.o
                0x08006268                UiLcdHy28_DrawBottomButton
 .text.UiLcdHy28_DrawFullRect
                0x080062ac       0xf4 ./src/hy28b/ui_lcd_hy28.o
                0x080062ac                UiLcdHy28_DrawFullRect
 .text.UiLcdHy28_OpenBulkWrite
                0x080063a0       0x6c ./src/hy28b/ui_lcd_hy28.o
                0x080063a0                UiLcdHy28_OpenBulkWrite
 .text.UiLcdHy28_BulkWrite
                0x0800640c       0x38 ./src/hy28b/ui_lcd_hy28.o
                0x0800640c                UiLcdHy28_BulkWrite
 .text.UiLcdHy28_CloseBulkWrite
                0x08006444       0x54 ./src/hy28b/ui_lcd_hy28.o
                0x08006444                UiLcdHy28_CloseBulkWrite
 .text.UiLcdHy28_DrawChar
                0x08006498      0x27c ./src/hy28b/ui_lcd_hy28.o
                0x08006498                UiLcdHy28_DrawChar
 .text.UiLcdHy28_PrintText
                0x08006714       0xbc ./src/hy28b/ui_lcd_hy28.o
                0x08006714                UiLcdHy28_PrintText
 .text.UiLcdHy28_DrawSpectrum_Interleaved
                0x080067d0      0x4dc ./src/hy28b/ui_lcd_hy28.o
                0x080067d0                UiLcdHy28_DrawSpectrum_Interleaved
 .text.UiLcdHy28_InitA
                0x08006cac      0x580 ./src/hy28b/ui_lcd_hy28.o
                0x08006cac                UiLcdHy28_InitA
 .text.UiLcdHy28_Init
                0x0800722c       0xb0 ./src/hy28b/ui_lcd_hy28.o
                0x0800722c                UiLcdHy28_Init
 .text.UiLcdHy28_ShowStartUpScreen
                0x080072dc      0x10c ./src/hy28b/ui_lcd_hy28.o
                0x080072dc                UiLcdHy28_ShowStartUpScreen
 .text.UiRotaryEncoderTwoInit
                0x080073e8       0x98 ./src/encoder/ui_rotary.o
                0x080073e8                UiRotaryEncoderTwoInit
 .text.UiRotaryEncoderThreeInit
                0x08007480       0x8c ./src/encoder/ui_rotary.o
                0x08007480                UiRotaryEncoderThreeInit
 .text.audio_rx_freq_conv
                0x0800750c      0x15c ./src/codec/audio.o
 .text.audio_driver_set_rx_audio_filter
                0x08007668      0x504 ./src/codec/audio.o
                0x08007668                audio_driver_set_rx_audio_filter
 *fill*         0x08007b6c        0x4 
 .text.Audio_Init
                0x08007b70      0x1e0 ./src/codec/audio.o
                0x08007b70                Audio_Init
 .text.I2S_RX_CallBack
                0x08007d50      0xdcc ./src/codec/audio.o
                0x08007d50                I2S_RX_CallBack
 .text.Codec_WriteRegister
                0x08008b1c       0xec ./src/codec/codec.o
                0x08008b1c                Codec_WriteRegister
 .text.Codec_Volume
                0x08008c08       0x20 ./src/codec/codec.o
                0x08008c08                Codec_Volume
 .text.Codec_Reset
                0x08008c28       0xa8 ./src/codec/codec.o
                0x08008c28                Codec_Reset
 .text.Codec_Line_Gain_Adj
                0x08008cd0        0xc ./src/codec/codec.o
                0x08008cd0                Codec_Line_Gain_Adj
 .text.Codec_CtrlInterface_Init
                0x08008cdc       0x60 ./src/codec/codec.o
                0x08008cdc                Codec_CtrlInterface_Init
 .text.Codec_AudioInterface_Init
                0x08008d3c       0x50 ./src/codec/codec.o
                0x08008d3c                Codec_AudioInterface_Init
 .text.Codec_GPIO_Init
                0x08008d8c       0xe4 ./src/codec/codec.o
                0x08008d8c                Codec_GPIO_Init
 .text.Codec_Init
                0x08008e70       0x20 ./src/codec/codec.o
                0x08008e70                Codec_Init
 .text.delay    0x08008e90       0x2c ./src/codec/cyclesleep.o
                0x08008e90                delay
 .text.I2S_Block_Init
                0x08008ebc      0x104 ./src/codec/i2s.o
                0x08008ebc                I2S_Block_Init
 .text.I2S_Block_PlayRec
                0x08008fc0       0x90 ./src/codec/i2s.o
                0x08008fc0                I2S_Block_PlayRec
 .text.DMA1_Stream3_IRQHandler
                0x08009050       0x78 ./src/codec/i2s.o
                0x08009050                DMA1_Stream3_IRQHandler
 .text.TM_BUTTON_Init
                0x080090c8       0x80 ./src/button/tm_stm32f4_button.o
                0x080090c8                TM_BUTTON_Init
 .text.TM_BUTTON_INT_CheckButton
                0x08009148       0x84 ./src/button/tm_stm32f4_button.o
                0x08009148                TM_BUTTON_INT_CheckButton
 .text.TM_BUTTON_Update
                0x080091cc       0x24 ./src/button/tm_stm32f4_button.o
                0x080091cc                TM_BUTTON_Update
 .text.SysTick_Handler
                0x080091f0       0x68 ./src/button/tm_stm32f4_delay.o
                0x080091f0                SysTick_Handler
 .text.TM_DELAY_Init
                0x08009258       0x60 ./src/button/tm_stm32f4_delay.o
                0x08009258                TM_DELAY_Init
 .text.BUTTON1_EventHandler
                0x080092b8       0x50 ./src/main.o
                0x080092b8                BUTTON1_EventHandler
 .text.BUTTON2_EventHandler
                0x08009308       0x40 ./src/main.o
                0x08009308                BUTTON2_EventHandler
 .text.BUTTON3_EventHandler
                0x08009348       0x54 ./src/main.o
                0x08009348                BUTTON3_EventHandler
 .text.BUTTON4_EventHandler
                0x0800939c       0x20 ./src/main.o
                0x0800939c                BUTTON4_EventHandler
 .text.BUTTON5_EventHandler
                0x080093bc      0x114 ./src/main.o
                0x080093bc                BUTTON5_EventHandler
 .text.BUTTON6_EventHandler
                0x080094d0       0x44 ./src/main.o
                0x080094d0                BUTTON6_EventHandler
 .text.BUTTON7_EventHandler
                0x08009514       0x2c ./src/main.o
                0x08009514                BUTTON7_EventHandler
 .text.BUTTON8_EventHandler
                0x08009540       0xc0 ./src/main.o
                0x08009540                BUTTON8_EventHandler
 .text.radio_init
                0x08009600      0x100 ./src/main.o
                0x08009600                radio_init
 .text.InitBoard
                0x08009700      0x17c ./src/main.o
                0x08009700                InitBoard
 .text.startup.main
                0x0800987c       0x38 ./src/main.o
                0x0800987c                main
 .text.arm_copy_q15
                0x080098b4      0x21c C:\Users\itx\workspace\sdr\libs\libarm_cortexM4lf_math.a(arm_copy_q15.o)
                0x080098b4                arm_copy_q15
 .text.arm_copy_f32
                0x08009ad0      0x158 C:\Users\itx\workspace\sdr\libs\libarm_cortexM4lf_math.a(arm_copy_f32.o)
                0x08009ad0                arm_copy_f32
 .text.arm_min_q15
                0x08009c28       0xe4 C:\Users\itx\workspace\sdr\libs\libarm_cortexM4lf_math.a(arm_min_q15.o)
                0x08009c28                arm_min_q15
 .text.arm_min_f32
                0x08009d0c      0x15c C:\Users\itx\workspace\sdr\libs\libarm_cortexM4lf_math.a(arm_min_f32.o)
                0x08009d0c                arm_min_f32
 .text.arm_mean_q15
                0x08009e68      0x194 C:\Users\itx\workspace\sdr\libs\libarm_cortexM4lf_math.a(arm_mean_q15.o)
                0x08009e68                arm_mean_q15
 .text.arm_mean_f32
                0x08009ffc      0x1c8 C:\Users\itx\workspace\sdr\libs\libarm_cortexM4lf_math.a(arm_mean_f32.o)
                0x08009ffc                arm_mean_f32
 .text.arm_max_q15
                0x0800a1c4       0xe4 C:\Users\itx\workspace\sdr\libs\libarm_cortexM4lf_math.a(arm_max_q15.o)
                0x0800a1c4                arm_max_q15
 .text.arm_max_f32
                0x0800a2a8      0x15c C:\Users\itx\workspace\sdr\libs\libarm_cortexM4lf_math.a(arm_max_f32.o)
                0x0800a2a8                arm_max_f32
 .text.arm_rfft_init_f32
                0x0800a404       0x78 C:\Users\itx\workspace\sdr\libs\libarm_cortexM4lf_math.a(arm_rfft_init_f32.o)
                0x0800a404                arm_rfft_init_f32
 .text.arm_split_rfft_f32
                0x0800a47c      0x218 C:\Users\itx\workspace\sdr\libs\libarm_cortexM4lf_math.a(arm_rfft_f32.o)
                0x0800a47c                arm_split_rfft_f32
 .text.arm_split_rifft_f32
                0x0800a694      0x160 C:\Users\itx\workspace\sdr\libs\libarm_cortexM4lf_math.a(arm_rfft_f32.o)
                0x0800a694                arm_split_rifft_f32
 .text.arm_rfft_f32
                0x0800a7f4       0x88 C:\Users\itx\workspace\sdr\libs\libarm_cortexM4lf_math.a(arm_rfft_f32.o)
                0x0800a7f4                arm_rfft_f32
 .text.arm_cfft_radix4_init_f32
                0x0800a87c       0x94 C:\Users\itx\workspace\sdr\libs\libarm_cortexM4lf_math.a(arm_cfft_radix4_init_f32.o)
                0x0800a87c                arm_cfft_radix4_init_f32
 .text.arm_radix4_butterfly_f32
                0x0800a910      0x3b0 C:\Users\itx\workspace\sdr\libs\libarm_cortexM4lf_math.a(arm_cfft_radix4_f32.o)
                0x0800a910                arm_radix4_butterfly_f32
 .text.arm_radix4_butterfly_inverse_f32
                0x0800acc0      0x3d0 C:\Users\itx\workspace\sdr\libs\libarm_cortexM4lf_math.a(arm_cfft_radix4_f32.o)
                0x0800acc0                arm_radix4_butterfly_inverse_f32
 .text.arm_bitreversal_f32
                0x0800b090       0xfc C:\Users\itx\workspace\sdr\libs\libarm_cortexM4lf_math.a(arm_cfft_radix4_f32.o)
                0x0800b090                arm_bitreversal_f32
 .text.arm_lms_norm_init_f32
                0x0800b18c       0x38 C:\Users\itx\workspace\sdr\libs\libarm_cortexM4lf_math.a(arm_lms_norm_init_f32.o)
                0x0800b18c                arm_lms_norm_init_f32
 .text.arm_lms_norm_f32
                0x0800b1c4      0x620 C:\Users\itx\workspace\sdr\libs\libarm_cortexM4lf_math.a(arm_lms_norm_f32.o)
                0x0800b1c4                arm_lms_norm_f32
 .text.arm_iir_lattice_f32
                0x0800b7e4      0x3e0 C:\Users\itx\workspace\sdr\libs\libarm_cortexM4lf_math.a(arm_iir_lattice_f32.o)
                0x0800b7e4                arm_iir_lattice_f32
 .text.arm_fir_interpolate_f32
                0x0800bbc4      0x44c C:\Users\itx\workspace\sdr\libs\libarm_cortexM4lf_math.a(arm_fir_interpolate_f32.o)
                0x0800bbc4                arm_fir_interpolate_f32
 .text.arm_fir_init_f32
                0x0800c010       0x24 C:\Users\itx\workspace\sdr\libs\libarm_cortexM4lf_math.a(arm_fir_init_f32.o)
                0x0800c010                arm_fir_init_f32
 .text.arm_fir_f32
                0x0800c034      0x498 C:\Users\itx\workspace\sdr\libs\libarm_cortexM4lf_math.a(arm_fir_f32.o)
                0x0800c034                arm_fir_f32
 .text.arm_fir_decimate_f32
                0x0800c4cc      0x3e0 C:\Users\itx\workspace\sdr\libs\libarm_cortexM4lf_math.a(arm_fir_decimate_f32.o)
                0x0800c4cc                arm_fir_decimate_f32
 .text.arm_cmplx_mag_f32
                0x0800c8ac      0x3b8 C:\Users\itx\workspace\sdr\libs\libarm_cortexM4lf_math.a(arm_cmplx_mag_f32.o)
                0x0800c8ac                arm_cmplx_mag_f32
 .text.arm_sin_f32
                0x0800cc64       0xd0 C:\Users\itx\workspace\sdr\libs\libarm_cortexM4lf_math.a(arm_sin_f32.o)
                0x0800cc64                arm_sin_f32
 .text.arm_cos_f32
                0x0800cd34       0xd0 C:\Users\itx\workspace\sdr\libs\libarm_cortexM4lf_math.a(arm_cos_f32.o)
                0x0800cd34                arm_cos_f32
 .text.arm_sub_f32
                0x0800ce04      0x214 C:\Users\itx\workspace\sdr\libs\libarm_cortexM4lf_math.a(arm_sub_f32.o)
                0x0800ce04                arm_sub_f32
 .text.arm_scale_f32
                0x0800d018      0x274 C:\Users\itx\workspace\sdr\libs\libarm_cortexM4lf_math.a(arm_scale_f32.o)
                0x0800d018                arm_scale_f32
 .text.arm_mult_f32
                0x0800d28c      0x214 C:\Users\itx\workspace\sdr\libs\libarm_cortexM4lf_math.a(arm_mult_f32.o)
                0x0800d28c                arm_mult_f32
 .text.arm_add_f32
                0x0800d4a0      0x214 C:\Users\itx\workspace\sdr\libs\libarm_cortexM4lf_math.a(arm_add_f32.o)
                0x0800d4a0                arm_add_f32
 .text.fabs     0x0800d6b4       0x14 C:\Users\itx\workspace\sdr\libs\libm.a(lib_a-s_fabs.o)
                0x0800d6b4                fabs
 .text.pow10    0x0800d6c8       0x18 C:\Users\itx\workspace\sdr\libs\libm.a(lib_a-s_pow10.o)
                0x0800d6c8                pow10
 .text.ceilf    0x0800d6e0       0x94 C:\Users\itx\workspace\sdr\libs\libm.a(lib_a-sf_ceil.o)
                0x0800d6e0                ceilf
 .text.floorf   0x0800d774       0x9c C:\Users\itx\workspace\sdr\libs\libm.a(lib_a-sf_floor.o)
                0x0800d774                floorf
 .text.roundf   0x0800d810       0x5c C:\Users\itx\workspace\sdr\libs\libm.a(lib_a-sf_round.o)
                0x0800d810                roundf
 .text.log10    0x0800d86c      0x10c C:\Users\itx\workspace\sdr\libs\libm.a(lib_a-w_log10.o)
                0x0800d86c                log10
 .text.pow      0x0800d978      0x370 C:\Users\itx\workspace\sdr\libs\libm.a(lib_a-w_pow.o)
                0x0800d978                pow
 .text.sqrt     0x0800dce8       0xbc C:\Users\itx\workspace\sdr\libs\libm.a(lib_a-w_sqrt.o)
                0x0800dce8                sqrt
 .text.log10f   0x0800dda4       0xf8 C:\Users\itx\workspace\sdr\libs\libm.a(lib_a-wf_log10.o)
                0x0800dda4                log10f
 .text.powf     0x0800de9c      0x39c C:\Users\itx\workspace\sdr\libs\libm.a(lib_a-wf_pow.o)
                0x0800de9c                powf
 .text.sqrtf    0x0800e238       0xb4 C:\Users\itx\workspace\sdr\libs\libm.a(lib_a-wf_sqrt.o)
                0x0800e238                sqrtf
 *fill*         0x0800e2ec        0x4 
 .text.__ieee754_log10
                0x0800e2f0      0x138 C:\Users\itx\workspace\sdr\libs\libm.a(lib_a-e_log10.o)
                0x0800e2f0                __ieee754_log10
 .text.__ieee754_pow
                0x0800e428      0xb90 C:\Users\itx\workspace\sdr\libs\libm.a(lib_a-e_pow.o)
                0x0800e428                __ieee754_pow
 .text.__ieee754_sqrt
                0x0800efb8      0x1c4 C:\Users\itx\workspace\sdr\libs\libm.a(lib_a-e_sqrt.o)
                0x0800efb8                __ieee754_sqrt
 .text.__ieee754_log10f
                0x0800f17c       0xbc C:\Users\itx\workspace\sdr\libs\libm.a(lib_a-ef_log10.o)
                0x0800f17c                __ieee754_log10f
 .text.__ieee754_powf
                0x0800f238      0x600 C:\Users\itx\workspace\sdr\libs\libm.a(lib_a-ef_pow.o)
                0x0800f238                __ieee754_powf
 .text.__ieee754_sqrtf
                0x0800f838       0x9c C:\Users\itx\workspace\sdr\libs\libm.a(lib_a-ef_sqrt.o)
                0x0800f838                __ieee754_sqrtf
 .text.finite   0x0800f8d4       0x14 C:\Users\itx\workspace\sdr\libs\libm.a(lib_a-s_finite.o)
                0x0800f8d4                finite
 .text.__fpclassifyd
                0x0800f8e8       0x70 C:\Users\itx\workspace\sdr\libs\libm.a(lib_a-s_fpclassify.o)
                0x0800f8e8                __fpclassifyd
 .text.matherr  0x0800f958        0x4 C:\Users\itx\workspace\sdr\libs\libm.a(lib_a-s_matherr.o)
                0x0800f958                matherr
 *fill*         0x0800f95c        0x4 
 .text.nan      0x0800f960       0x10 C:\Users\itx\workspace\sdr\libs\libm.a(lib_a-s_nan.o)
                0x0800f960                nan
 .text.rint     0x0800f970      0x124 C:\Users\itx\workspace\sdr\libs\libm.a(lib_a-s_rint.o)
                0x0800f970                rint
 *fill*         0x0800fa94        0x4 
 .text.scalbn   0x0800fa98      0x120 C:\Users\itx\workspace\sdr\libs\libm.a(lib_a-s_scalbn.o)
                0x0800fa98                scalbn
 .text.fabsf    0x0800fbb8       0x10 C:\Users\itx\workspace\sdr\libs\libm.a(lib_a-sf_fabs.o)
                0x0800fbb8                fabsf
 .text.finitef  0x0800fbc8       0x14 C:\Users\itx\workspace\sdr\libs\libm.a(lib_a-sf_finite.o)
                0x0800fbc8                finitef
 .text.__fpclassifyf
                0x0800fbdc       0x5c C:\Users\itx\workspace\sdr\libs\libm.a(lib_a-sf_fpclassify.o)
                0x0800fbdc                __fpclassifyf
 .text.nanf     0x0800fc38        0xc C:\Users\itx\workspace\sdr\libs\libm.a(lib_a-sf_nan.o)
                0x0800fc38                nanf
 .text.scalbnf  0x0800fc44       0xcc C:\Users\itx\workspace\sdr\libs\libm.a(lib_a-sf_scalbn.o)
                0x0800fc44                scalbnf
 .text.__ieee754_log
                0x0800fd10      0x428 C:\Users\itx\workspace\sdr\libs\libm.a(lib_a-e_log.o)
                0x0800fd10                __ieee754_log
 .text.__ieee754_logf
                0x08010138      0x204 C:\Users\itx\workspace\sdr\libs\libm.a(lib_a-ef_log.o)
                0x08010138                __ieee754_logf
 .text.copysign
                0x0801033c       0x24 C:\Users\itx\workspace\sdr\libs\libm.a(lib_a-s_copysign.o)
                0x0801033c                copysign
 .text.copysignf
                0x08010360       0x18 C:\Users\itx\workspace\sdr\libs\libm.a(lib_a-sf_copysign.o)
                0x08010360                copysignf
 .text          0x08010378      0x370 d:/armtc/armgcc/4.9 2015q3/bin/../lib/gcc/arm-none-eabi/4.9.3/armv7e-m/fpu\libgcc.a(_arm_addsubdf3.o)
                0x08010378                __aeabi_drsub
                0x08010380                __aeabi_dsub
                0x08010380                __subdf3
                0x08010384                __aeabi_dadd
                0x08010384                __adddf3
                0x080105fc                __floatunsidf
                0x080105fc                __aeabi_ui2d
                0x0801061c                __floatsidf
                0x0801061c                __aeabi_i2d
                0x08010640                __aeabi_f2d
                0x08010640                __extendsfdf2
                0x0801067c                __floatundidf
                0x0801067c                __aeabi_ul2d
                0x0801068c                __floatdidf
                0x0801068c                __aeabi_l2d
 .text          0x080106e8      0x424 d:/armtc/armgcc/4.9 2015q3/bin/../lib/gcc/arm-none-eabi/4.9.3/armv7e-m/fpu\libgcc.a(_arm_muldivdf3.o)
                0x080106e8                __aeabi_dmul
                0x080106e8                __muldf3
                0x0801093c                __divdf3
                0x0801093c                __aeabi_ddiv
 .text          0x08010b0c      0x110 d:/armtc/armgcc/4.9 2015q3/bin/../lib/gcc/arm-none-eabi/4.9.3/armv7e-m/fpu\libgcc.a(_arm_cmpdf2.o)
                0x08010b0c                __gtdf2
                0x08010b0c                __gedf2
                0x08010b14                __ltdf2
                0x08010b14                __ledf2
                0x08010b1c                __nedf2
                0x08010b1c                __eqdf2
                0x08010b1c                __cmpdf2
                0x08010b98                __aeabi_cdrcmple
                0x08010ba8                __aeabi_cdcmpeq
                0x08010ba8                __aeabi_cdcmple
                0x08010bb8                __aeabi_dcmpeq
                0x08010bcc                __aeabi_dcmplt
                0x08010be0                __aeabi_dcmple
                0x08010bf4                __aeabi_dcmpge
                0x08010c08                __aeabi_dcmpgt
 .text          0x08010c1c       0x40 d:/armtc/armgcc/4.9 2015q3/bin/../lib/gcc/arm-none-eabi/4.9.3/armv7e-m/fpu\libgcc.a(_arm_fixunsdfsi.o)
                0x08010c1c                __aeabi_d2uiz
                0x08010c1c                __fixunsdfsi
 .text          0x08010c5c       0xa0 d:/armtc/armgcc/4.9 2015q3/bin/../lib/gcc/arm-none-eabi/4.9.3/armv7e-m/fpu\libgcc.a(_arm_truncdfsf2.o)
                0x08010c5c                __truncdfsf2
                0x08010c5c                __aeabi_d2f
 .text.__errno  0x08010cfc        0xc d:/armtc/armgcc/4.9 2015q3/bin/../lib/gcc/arm-none-eabi/4.9.3/../../../../arm-none-eabi/lib/armv7e-m/fpu\libg_nano.a(lib_a-errno.o)
                0x08010cfc                __errno
 .text.malloc   0x08010d08       0x10 d:/armtc/armgcc/4.9 2015q3/bin/../lib/gcc/arm-none-eabi/4.9.3/../../../../arm-none-eabi/lib/armv7e-m/fpu\libg_nano.a(lib_a-malloc.o)
                0x08010d08                malloc
 .text.memcmp   0x08010d18       0x20 d:/armtc/armgcc/4.9 2015q3/bin/../lib/gcc/arm-none-eabi/4.9.3/../../../../arm-none-eabi/lib/armv7e-m/fpu\libg_nano.a(lib_a-memcmp.o)
                0x08010d18                memcmp
 .text.memset   0x08010d38       0x10 d:/armtc/armgcc/4.9 2015q3/bin/../lib/gcc/arm-none-eabi/4.9.3/../../../../arm-none-eabi/lib/armv7e-m/fpu\libg_nano.a(lib_a-memset.o)
                0x08010d38                memset
 .text._malloc_r
                0x08010d48       0xac d:/armtc/armgcc/4.9 2015q3/bin/../lib/gcc/arm-none-eabi/4.9.3/../../../../arm-none-eabi/lib/armv7e-m/fpu\libg_nano.a(lib_a-nano-mallocr.o)
                0x08010d48                _malloc_r
 .text._sbrk_r  0x08010df4       0x20 d:/armtc/armgcc/4.9 2015q3/bin/../lib/gcc/arm-none-eabi/4.9.3/../../../../arm-none-eabi/lib/armv7e-m/fpu\libg_nano.a(lib_a-sbrkr.o)
                0x08010df4                _sbrk_r
 .text.strcpy   0x08010e14       0x10 d:/armtc/armgcc/4.9 2015q3/bin/../lib/gcc/arm-none-eabi/4.9.3/../../../../arm-none-eabi/lib/armv7e-m/fpu\libg_nano.a(lib_a-strcpy.o)
                0x08010e14                strcpy
 .text.strlen   0x08010e24       0x10 d:/armtc/armgcc/4.9 2015q3/bin/../lib/gcc/arm-none-eabi/4.9.3/../../../../arm-none-eabi/lib/armv7e-m/fpu\libg_nano.a(lib_a-strlen.o)
                0x08010e24                strlen
 *(.rodata .rodata.* .constdata .constdata.*)
 .rodata.APBAHBPrescTable
                0x08010e34       0x10 ./system/src/stm32f4/stm32f4xx_rcc.o
                0x08010e34                APBAHBPrescTable
 .rodata.q_rx_3k6_coeffs_minus
                0x08010e44      0x164 ./src/ui/ui.o
                0x08010e44                q_rx_3k6_coeffs_minus
 .rodata.S_Meter_Cal
                0x08010fa8       0x84 ./src/ui/ui.o
                0x08010fa8                S_Meter_Cal
 .rodata.CSWTCH.55
                0x0801102c       0x14 ./src/ui/ui.o
 .rodata.q_rx_10k_coeffs_plus
                0x08011040      0x164 ./src/ui/ui.o
                0x08011040                q_rx_10k_coeffs_plus
 .rodata.iq_rx_am_2k3_coeffs
                0x080111a4      0x164 ./src/ui/ui.o
                0x080111a4                iq_rx_am_2k3_coeffs
 .rodata.q_rx_3k6_coeffs_plus
                0x08011308      0x164 ./src/ui/ui.o
                0x08011308                q_rx_3k6_coeffs_plus
 .rodata.iq_rx_am_3k6_coeffs
                0x0801146c      0x164 ./src/ui/ui.o
                0x0801146c                iq_rx_am_3k6_coeffs
 .rodata.q_rx_3k6_coeffs
                0x080115d0      0x164 ./src/ui/ui.o
                0x080115d0                q_rx_3k6_coeffs
 .rodata.waterfall_rainbow
                0x08011734       0x82 ./src/ui/ui.o
                0x08011734                waterfall_rainbow
 *fill*         0x080117b6        0x2 
 .rodata.CSWTCH.57
                0x080117b8       0x10 ./src/ui/ui.o
 .rodata.q_rx_10k_coeffs_minus
                0x080117c8      0x164 ./src/ui/ui.o
                0x080117c8                q_rx_10k_coeffs_minus
 .rodata.str1.4
                0x0801192c      0x1cb ./src/ui/ui.o
                                0x1d3 (size before relaxing)
 *fill*         0x08011af7        0x1 
 .rodata.i_rx_10k_coeffs
                0x08011af8      0x164 ./src/ui/ui.o
                0x08011af8                i_rx_10k_coeffs
 .rodata.tune_bands
                0x08011c5c       0x24 ./src/ui/ui.o
                0x08011c5c                tune_bands
 .rodata.tune_steps
                0x08011c80       0x18 ./src/ui/ui.o
                0x08011c80                tune_steps
 .rodata.CSWTCH.54
                0x08011c98       0x24 ./src/ui/ui.o
 .rodata.i_rx_3k6_coeffs
                0x08011cbc      0x164 ./src/ui/ui.o
                0x08011cbc                i_rx_3k6_coeffs
 .rodata.CSWTCH.56
                0x08011e20       0x14 ./src/ui/ui.o
 .rodata.q_rx_10k_coeffs
                0x08011e34      0x164 ./src/ui/ui.o
                0x08011e34                q_rx_10k_coeffs
 .rodata.iq_rx_am_10k_coeffs
                0x08011f98      0x164 ./src/ui/ui.o
                0x08011f98                iq_rx_am_10k_coeffs
 .rodata        0x080120fc       0x3c ./src/si570/ui_si570.o
 .rodata.hs_div
                0x08012138        0x6 ./src/si570/ui_si570.o
                0x08012138                hs_div
 *fill*         0x0801213e        0x2 
 .rodata.DMA_Flags_Bit_Pos
                0x08012140        0x4 ./src/ili9341/tm_stm32f4_dma.o
 .rodata.str1.4
                0x08012144       0xd9 ./src/hy28b/ui_lcd_hy28.o
 *fill*         0x0801221d        0x3 
 .rodata.GL_Font12x12
                0x08012220        0x8 ./src/hy28b/ui_lcd_hy28_fonts.o
                0x08012220                GL_Font12x12
 .rodata.GL_Font8x12_bold
                0x08012228        0x8 ./src/hy28b/ui_lcd_hy28_fonts.o
                0x08012228                GL_Font8x12_bold
 .rodata.GL_ASCII8x12_bold_Table
                0x08012230     0x1500 ./src/hy28b/ui_lcd_hy28_fonts.o
                0x08012230                GL_ASCII8x12_bold_Table
 .rodata.GL_Font16x24
                0x08013730        0x8 ./src/hy28b/ui_lcd_hy28_fonts.o
                0x08013730                GL_Font16x24
 .rodata.GL_Font8x12
                0x08013738        0x8 ./src/hy28b/ui_lcd_hy28_fonts.o
                0x08013738                GL_Font8x12
 .rodata.GL_ASCII16x24_Table
                0x08013740     0x11d0 ./src/hy28b/ui_lcd_hy28_fonts.o
                0x08013740                GL_ASCII16x24_Table
 .rodata.GL_ASCII8x12_Table
                0x08014910      0x900 ./src/hy28b/ui_lcd_hy28_fonts.o
                0x08014910                GL_ASCII8x12_Table
 .rodata.GL_Font8x8
                0x08015210        0x8 ./src/hy28b/ui_lcd_hy28_fonts.o
                0x08015210                GL_Font8x8
 .rodata.GL_ASCII12x12_Table
                0x08015218      0x900 ./src/hy28b/ui_lcd_hy28_fonts.o
                0x08015218                GL_ASCII12x12_Table
 .rodata.GL_ASCII8x8_Table
                0x08015b18      0x600 ./src/hy28b/ui_lcd_hy28_fonts.o
                0x08015b18                GL_ASCII8x8_Table
 .rodata.IIR_3k6_pvCoeffs
                0x08016118       0x2c ./src/codec/audio.o
                0x08016118                IIR_3k6_pvCoeffs
 .rodata.IIR_2k3_1k712_pkCoeffs
                0x08016144       0x28 ./src/codec/audio.o
                0x08016144                IIR_2k3_1k712_pkCoeffs
 .rodata.IIR_500hz_650_pkCoeffs
                0x0801616c       0x28 ./src/codec/audio.o
                0x0801616c                IIR_500hz_650_pkCoeffs
 .rodata.FirRxDecimateMinLPF
                0x08016194       0x10 ./src/codec/audio.o
                0x08016194                FirRxDecimateMinLPF
 .rodata.IIR_1k8_1k725_pkCoeffs
                0x080161a4       0x28 ./src/codec/audio.o
                0x080161a4                IIR_1k8_1k725_pkCoeffs
 .rodata.IIR_2k3_1k412_pvCoeffs
                0x080161cc       0x2c ./src/codec/audio.o
                0x080161cc                IIR_2k3_1k412_pvCoeffs
 .rodata.IIR_300hz_900_pkCoeffs
                0x080161f8       0x28 ./src/codec/audio.o
                0x080161f8                IIR_300hz_900_pkCoeffs
 .rodata.IIR_2k3_1k562_pkCoeffs
                0x08016220       0x28 ./src/codec/audio.o
                0x08016220                IIR_2k3_1k562_pkCoeffs
 .rodata.IIR_300hz_850_pvCoeffs
                0x08016248       0x2c ./src/codec/audio.o
                0x08016248                IIR_300hz_850_pvCoeffs
 .rodata.IIR_300hz_900_pvCoeffs
                0x08016274       0x2c ./src/codec/audio.o
                0x08016274                IIR_300hz_900_pvCoeffs
 .rodata.IIR_2k3_1k412_pkCoeffs
                0x080162a0       0x28 ./src/codec/audio.o
                0x080162a0                IIR_2k3_1k412_pkCoeffs
 .rodata.IIR_300hz_650_pvCoeffs
                0x080162c8       0x2c ./src/codec/audio.o
                0x080162c8                IIR_300hz_650_pvCoeffs
 .rodata.IIR_300hz_700_pvCoeffs
                0x080162f4       0x2c ./src/codec/audio.o
                0x080162f4                IIR_300hz_700_pvCoeffs
 .rodata.IIR_300hz_850_pkCoeffs
                0x08016320       0x28 ./src/codec/audio.o
                0x08016320                IIR_300hz_850_pkCoeffs
 .rodata.IIR_300hz_650_pkCoeffs
                0x08016348       0x28 ./src/codec/audio.o
                0x08016348                IIR_300hz_650_pkCoeffs
 .rodata.IIR_300hz_700_pkCoeffs
                0x08016370       0x28 ./src/codec/audio.o
                0x08016370                IIR_300hz_700_pkCoeffs
 .rodata.IIR_1k8_1k275_pvCoeffs
                0x08016398       0x2c ./src/codec/audio.o
                0x08016398                IIR_1k8_1k275_pvCoeffs
 .rodata.IIR_500hz_950_pkCoeffs
                0x080163c4       0x28 ./src/codec/audio.o
                0x080163c4                IIR_500hz_950_pkCoeffs
 .rodata.IIR_300hz_500_pkCoeffs
                0x080163ec       0x28 ./src/codec/audio.o
                0x080163ec                IIR_300hz_500_pkCoeffs
 .rodata.IIR_1k8_1k125_pvCoeffs
                0x08016414       0x2c ./src/codec/audio.o
                0x08016414                IIR_1k8_1k125_pvCoeffs
 .rodata.IIR_300hz_500_pvCoeffs
                0x08016440       0x2c ./src/codec/audio.o
                0x08016440                IIR_300hz_500_pvCoeffs
 .rodata.IIR_1k8_1k275_pkCoeffs
                0x0801646c       0x28 ./src/codec/audio.o
                0x0801646c                IIR_1k8_1k275_pkCoeffs
 .rodata.IIR_10k_pvCoeffs
                0x08016494       0x24 ./src/codec/audio.o
                0x08016494                IIR_10k_pvCoeffs
 .rodata.IIR_500hz_750_pkCoeffs
                0x080164b8       0x28 ./src/codec/audio.o
                0x080164b8                IIR_500hz_750_pkCoeffs
 .rodata.IIR_1k8_1k125_pkCoeffs
                0x080164e0       0x28 ./src/codec/audio.o
                0x080164e0                IIR_1k8_1k125_pkCoeffs
 .rodata.IIR_500hz_750_pvCoeffs
                0x08016508       0x2c ./src/codec/audio.o
                0x08016508                IIR_500hz_750_pvCoeffs
 .rodata.FirRxInterpolate
                0x08016534       0x40 ./src/codec/audio.o
                0x08016534                FirRxInterpolate
 .rodata.IIR_2k3_1k275_pkCoeffs
                0x08016574       0x28 ./src/codec/audio.o
                0x08016574                IIR_2k3_1k275_pkCoeffs
 .rodata.IIR_2k3_1k562_pvCoeffs
                0x0801659c       0x2c ./src/codec/audio.o
                0x0801659c                IIR_2k3_1k562_pvCoeffs
 .rodata.IIR_500hz_550_pvCoeffs
                0x080165c8       0x2c ./src/codec/audio.o
                0x080165c8                IIR_500hz_550_pvCoeffs
 .rodata.FirRxInterpolate10KHZ
                0x080165f4       0x40 ./src/codec/audio.o
                0x080165f4                FirRxInterpolate10KHZ
 .rodata.IIR_2k3_1k275_pvCoeffs
                0x08016634       0x2c ./src/codec/audio.o
                0x08016634                IIR_2k3_1k275_pvCoeffs
 .rodata.IIR_1k8_1k575_pvCoeffs
                0x08016660       0x2c ./src/codec/audio.o
                0x08016660                IIR_1k8_1k575_pvCoeffs
 .rodata.IIR_3k6_pkCoeffs
                0x0801668c       0x28 ./src/codec/audio.o
                0x0801668c                IIR_3k6_pkCoeffs
 .rodata.IIR_300hz_950_pvCoeffs
                0x080166b4       0x2c ./src/codec/audio.o
                0x080166b4                IIR_300hz_950_pvCoeffs
 .rodata.IIR_500hz_550_pkCoeffs
                0x080166e0       0x28 ./src/codec/audio.o
                0x080166e0                IIR_500hz_550_pkCoeffs
 .rodata.FirRxDecimate
                0x08016708       0x10 ./src/codec/audio.o
                0x08016708                FirRxDecimate
 .rodata.IIR_300hz_800_pvCoeffs
                0x08016718       0x2c ./src/codec/audio.o
                0x08016718                IIR_300hz_800_pvCoeffs
 .rodata.IIR_1k8_1k575_pkCoeffs
                0x08016744       0x28 ./src/codec/audio.o
                0x08016744                IIR_1k8_1k575_pkCoeffs
 .rodata.IIR_300hz_950_pkCoeffs
                0x0801676c       0x28 ./src/codec/audio.o
                0x0801676c                IIR_300hz_950_pkCoeffs
 .rodata.IIR_300hz_800_pkCoeffs
                0x08016794       0x28 ./src/codec/audio.o
                0x08016794                IIR_300hz_800_pkCoeffs
 .rodata.IIR_300hz_750_pkCoeffs
                0x080167bc       0x28 ./src/codec/audio.o
                0x080167bc                IIR_300hz_750_pkCoeffs
 .rodata.IIR_1k8_1k425_pvCoeffs
                0x080167e4       0x2c ./src/codec/audio.o
                0x080167e4                IIR_1k8_1k425_pvCoeffs
 .rodata.IIR_500hz_950_pvCoeffs
                0x08016810       0x2c ./src/codec/audio.o
                0x08016810                IIR_500hz_950_pvCoeffs
 .rodata.IIR_300hz_750_pvCoeffs
                0x0801683c       0x2c ./src/codec/audio.o
                0x0801683c                IIR_300hz_750_pvCoeffs
 .rodata.IIR_300hz_550_pvCoeffs
                0x08016868       0x2c ./src/codec/audio.o
                0x08016868                IIR_300hz_550_pvCoeffs
 .rodata.IIR_300hz_600_pvCoeffs
                0x08016894       0x2c ./src/codec/audio.o
                0x08016894                IIR_300hz_600_pvCoeffs
 .rodata.IIR_1k8_1k425_pkCoeffs
                0x080168c0       0x28 ./src/codec/audio.o
                0x080168c0                IIR_1k8_1k425_pkCoeffs
 .rodata.IIR_500hz_850_pkCoeffs
                0x080168e8       0x28 ./src/codec/audio.o
                0x080168e8                IIR_500hz_850_pkCoeffs
 .rodata.IIR_300hz_550_pkCoeffs
                0x08016910       0x28 ./src/codec/audio.o
                0x08016910                IIR_300hz_550_pkCoeffs
 .rodata.IIR_300hz_600_pkCoeffs
                0x08016938       0x28 ./src/codec/audio.o
                0x08016938                IIR_300hz_600_pkCoeffs
 .rodata.IIR_500hz_850_pvCoeffs
                0x08016960       0x2c ./src/codec/audio.o
                0x08016960                IIR_500hz_850_pvCoeffs
 .rodata.IIR_2k3_1k712_pvCoeffs
                0x0801698c       0x2c ./src/codec/audio.o
                0x0801698c                IIR_2k3_1k712_pvCoeffs
 .rodata.IIR_500hz_650_pvCoeffs
                0x080169b8       0x2c ./src/codec/audio.o
                0x080169b8                IIR_500hz_650_pvCoeffs
 .rodata.IIR_10k_pkCoeffs
                0x080169e4       0x20 ./src/codec/audio.o
                0x080169e4                IIR_10k_pkCoeffs
 .rodata.IIR_1k8_1k725_pvCoeffs
                0x08016a04       0x2c ./src/codec/audio.o
                0x08016a04                IIR_1k8_1k725_pvCoeffs
 .rodata.str1.4
                0x08016a30       0x86 ./src/main.o
 *fill*         0x08016ab6        0x2 
 .rodata        0x08016ab8     0x4000 C:\Users\itx\workspace\sdr\libs\libarm_cortexM4lf_math.a(arm_rfft_init_f32.o)
 .rodata        0x0801aab8     0x2000 C:\Users\itx\workspace\sdr\libs\libarm_cortexM4lf_math.a(arm_cfft_radix4_init_f32.o)
 .rodata        0x0801cab8      0x40c C:\Users\itx\workspace\sdr\libs\libarm_cortexM4lf_math.a(arm_sin_f32.o)
 .rodata        0x0801cec4      0x40c C:\Users\itx\workspace\sdr\libs\libarm_cortexM4lf_math.a(arm_cos_f32.o)
 .rodata        0x0801d2d0      0x380 C:\Users\itx\workspace\sdr\libs\libarm_cortexM4lf_math.a(arm_common_tables.o)
                0x0801d2d0                armRecipTableQ31
                0x0801d3d0                armRecipTableQ15
                0x0801d450                armBitRevTable
 .rodata.str1.4
                0x0801d650        0x6 C:\Users\itx\workspace\sdr\libs\libm.a(lib_a-w_log10.o)
                                  0xc (size before relaxing)
 *fill*         0x0801d656        0x2 
 .rodata.str1.4
                0x0801d658        0x4 C:\Users\itx\workspace\sdr\libs\libm.a(lib_a-w_pow.o)
 .rodata.str1.4
                0x0801d65c        0x5 C:\Users\itx\workspace\sdr\libs\libm.a(lib_a-w_sqrt.o)
                                  0x8 (size before relaxing)
 *fill*         0x0801d661        0x3 
 .rodata.str1.4
                0x0801d664        0x7 C:\Users\itx\workspace\sdr\libs\libm.a(lib_a-wf_log10.o)
                                  0xc (size before relaxing)
 *fill*         0x0801d66b        0x1 
 .rodata.str1.4
                0x0801d66c        0x5 C:\Users\itx\workspace\sdr\libs\libm.a(lib_a-wf_pow.o)
                                  0x8 (size before relaxing)
 *fill*         0x0801d671        0x3 
 .rodata.str1.4
                0x0801d674        0x8 C:\Users\itx\workspace\sdr\libs\libm.a(lib_a-wf_sqrt.o)
 *fill*         0x0801d67c        0x4 
 .rodata.dp_h   0x0801d680       0x10 C:\Users\itx\workspace\sdr\libs\libm.a(lib_a-e_pow.o)
 .rodata.dp_l   0x0801d690       0x10 C:\Users\itx\workspace\sdr\libs\libm.a(lib_a-e_pow.o)
 .rodata.bp     0x0801d6a0       0x10 C:\Users\itx\workspace\sdr\libs\libm.a(lib_a-e_pow.o)
 .rodata.str1.4
                0x00000000        0x4 C:\Users\itx\workspace\sdr\libs\libm.a(lib_a-e_pow.o)
 .rodata.dp_h   0x0801d6b0        0x8 C:\Users\itx\workspace\sdr\libs\libm.a(lib_a-ef_pow.o)
 .rodata.dp_l   0x0801d6b8        0x8 C:\Users\itx\workspace\sdr\libs\libm.a(lib_a-ef_pow.o)
 .rodata.bp     0x0801d6c0        0x8 C:\Users\itx\workspace\sdr\libs\libm.a(lib_a-ef_pow.o)
 .rodata.str1.4
                0x00000000        0x4 C:\Users\itx\workspace\sdr\libs\libm.a(lib_a-ef_pow.o)
 .rodata.TWO52  0x0801d6c8       0x10 C:\Users\itx\workspace\sdr\libs\libm.a(lib_a-s_rint.o)
 *(vtable)
 *(.eh_frame*)
 *(.glue_7)
 .glue_7        0x00000000        0x0 linker stubs
 *(.glue_7t)
 .glue_7t       0x00000000        0x0 linker stubs

.vfp11_veneer   0x0801d6d8        0x0
 .vfp11_veneer  0x00000000        0x0 linker stubs

.v4_bx          0x0801d6d8        0x0
 .v4_bx         0x00000000        0x0 linker stubs

.iplt           0x0801d6d8        0x0
 .iplt          0x00000000        0x0 ./system/src/stm32f4/misc.o

.rel.dyn        0x0801d6d8        0x0
 .rel.iplt      0x00000000        0x0 ./system/src/stm32f4/misc.o

.ARM.extab
 *(.ARM.extab* .gnu.linkonce.armextab.*)
                0x0801d6d8                . = ALIGN (0x4)
                0x0801d6d8                __exidx_start = .

.ARM.exidx
 *(.ARM.exidx* .gnu.linkonce.armexidx.*)
                0x0801d6d8                __exidx_end = .
                0x0801d6d8                . = ALIGN (0x4)
                0x0801d6d8                _etext = .
                0x0801d6d8                __etext = .

.data_CCMRAM    0x10000000        0x0 load address 0x0801d6d8
 FILL mask 0xff
 *(.data.CCMRAM .data.CCMRAM.*)
                0x10000000                . = ALIGN (0x4)
                0x0801d6d8                _sidata = LOADADDR (.data)

.data           0x20000000      0x468 load address 0x0801d6d8
 FILL mask 0xff
                0x20000000                _sdata = .
                0x20000000                __data_start__ = .
 *(.data_begin .data_begin.*)
 .data_begin    0x20000000        0x4 ./system/src/newlib/_startup.o
 *(.data .data.*)
 .data.argv.4161
                0x20000004        0x8 ./system/src/newlib/_syscalls.o
 .data.AHBPrescTable
                0x2000000c       0x10 ./system/src/cmsis/system_stm32f4xx.o
                0x2000000c                AHBPrescTable
 .data.SystemCoreClock
                0x2000001c        0x4 ./system/src/cmsis/system_stm32f4xx.o
                0x2000001c                SystemCoreClock
 .data.auto_rfg.11131
                0x20000020        0x4 ./src/ui/ui.o
 .data._impure_ptr
                0x20000024        0x4 ./src/stdio/printf.o
                0x20000024                _impure_ptr
 .data.r        0x20000028      0x428 ./src/stdio/printf.o
                0x20000028                r
 .data.I2C1_Timeout
                0x20000450        0x4 ./src/i2c/mchf_hw_i2c.o
                0x20000450                I2C1_Timeout
 .data.delbuf_outptr.10984
                0x20000454        0x1 ./src/codec/audio.o
 *fill*         0x20000455        0x3 
 .data.CODECTimeout
                0x20000458        0x4 ./src/codec/codec.o
                0x20000458                CODECTimeout
 .data.dwt_cyccnt
                0x2000045c        0x4 ./src/codec/cyclesleep.o
                0x2000045c                dwt_cyccnt
 .data.__fdlib_version
                0x20000460        0x1 C:\Users\itx\workspace\sdr\libs\libm.a(lib_a-s_lib_ver.o)
                0x20000460                __fdlib_version
 *(.data_end .data_end.*)
 *fill*         0x20000461        0x3 
 .data_end      0x20000464        0x4 ./system/src/newlib/_startup.o
                0x20000468                . = ALIGN (0x4)
                0x20000468                _edata = .
                0x20000468                __data_end__ = .

.igot.plt       0x20000468        0x0 load address 0x0801db40
 .igot.plt      0x00000000        0x0 ./system/src/stm32f4/misc.o

.bss_CCMRAM     0x10000000        0x0
 *(.bss.CCMRAM .bss.CCMRAM.*)

.bss            0x20000468    0x1381c
                0x20000468                __bss_start__ = .
                0x20000468                _sbss = .
 *(.bss_begin .bss_begin.*)
 .bss_begin     0x20000468        0x4 ./system/src/newlib/_startup.o
 *(.bss .bss.*)
 .bss.current_heap_end.3862
                0x2000046c        0x4 ./system/src/newlib/_sbrk.o
 .bss.name.4160
                0x20000470        0x1 ./system/src/newlib/_syscalls.o
 *fill*         0x20000471        0x1 
 .bss.rfg_timer.11132
                0x20000472        0x2 ./src/ui/ui.o
 .bss.step_line.11381
                0x20000474        0x4 ./src/ui/ui.o
 .bss.clip_indicate.11130
                0x20000478        0x4 ./src/ui/ui.o
 .bss.FirState_I
                0x2000047c      0x200 ./src/ui/ui.o
 .bss.FirState_Q
                0x2000067c      0x200 ./src/ui/ui.o
 .bss.GPIO_UsedPins
                0x2000087c       0x16 ./src/ili9341/tm_stm32f4_gpio.o
 .bss.nb_delay.10988
                0x20000892        0x1 ./src/codec/audio.o
 *fill*         0x20000893        0x1 
 .bss.agc_delay_inbuf.10999
                0x20000894        0x4 ./src/codec/audio.o
 .bss.agc_var.10997
                0x20000898        0x4 ./src/codec/audio.o
 .bss.flag.11010
                0x2000089c        0x4 ./src/codec/audio.o
 .bss.INTERPOLATE_RX
                0x200008a0        0xc ./src/codec/audio.o
 .bss.lms1_inbuf.11030
                0x200008ac        0x4 ./src/codec/audio.o
 .bss.iir_rx_state
                0x200008b0       0xc0 ./src/codec/audio.o
 .bss.lcd_dim_prescale.11075
                0x20000970        0x1 ./src/codec/audio.o
 .bss.delbuf_inptr.10983
                0x20000971        0x1 ./src/codec/audio.o
 .bss.lcd_dim.11074
                0x20000972        0x1 ./src/codec/audio.o
 *fill*         0x20000973        0x1 
 .bss.agc_delay_outbuf.11000
                0x20000974        0x4 ./src/codec/audio.o
 .bss.nb_agc.10989
                0x20000978        0x4 ./src/codec/audio.o
 .bss.max_signal.11021
                0x2000097c        0x4 ./src/codec/audio.o
 .bss.agc_calc.10996
                0x20000980        0x4 ./src/codec/audio.o
 .bss.lms1_outbuf.11031
                0x20000984        0x4 ./src/codec/audio.o
 .bss.lms2_outbuf.11033
                0x20000988        0x4 ./src/codec/audio.o
 .bss.lms2_inbuf.11032
                0x2000098c        0x4 ./src/codec/audio.o
 .bss.IIR_PreFilter
                0x20000990       0x10 ./src/codec/audio.o
 .bss.i.10998   0x200009a0        0x4 ./src/codec/audio.o
 .bss.DECIMATE_RX
                0x200009a4        0xc ./src/codec/audio.o
 .bss.delay_buf.10982
                0x200009b0       0x44 ./src/codec/audio.o
 .bss.Buttons   0x200009f4       0x2c ./src/button/tm_stm32f4_button.o
 .bss.CustomTimers
                0x20000a20       0x18 ./src/button/tm_stm32f4_delay.o
 .bss.TM_DELAY_Initialized
                0x20000a38        0x1 ./src/button/tm_stm32f4_delay.o
                0x20000a38                TM_DELAY_Initialized
 *fill*         0x20000a39        0x3 
 .bss.TM_Time   0x20000a3c        0x4 ./src/button/tm_stm32f4_delay.o
                0x20000a3c                TM_Time
 .bss.TM_Time2  0x20000a40        0x4 ./src/button/tm_stm32f4_delay.o
                0x20000a40                TM_Time2
 .bss.__malloc_sbrk_start
                0x20000a44        0x4 d:/armtc/armgcc/4.9 2015q3/bin/../lib/gcc/arm-none-eabi/4.9.3/../../../../arm-none-eabi/lib/armv7e-m/fpu\libg_nano.a(lib_a-nano-mallocr.o)
                0x20000a44                __malloc_sbrk_start
 .bss.__malloc_free_list
                0x20000a48        0x4 d:/armtc/armgcc/4.9 2015q3/bin/../lib/gcc/arm-none-eabi/4.9.3/../../../../arm-none-eabi/lib/armv7e-m/fpu\libg_nano.a(lib_a-nano-mallocr.o)
                0x20000a48                __malloc_free_list
 *(COMMON)
 COMMON         0x20000a4c        0x4 ./system/src/newlib/_syscalls.o
                0x20000a4c                errno
 COMMON         0x20000a50       0x84 ./src/ui/ui.o
                0x20000a50                band_decod_mode
                0x20000a78                band_filter_mode
                0x20000aa0                band_dial_value
                0x20000ac8                ews
 *fill*         0x20000ad4        0x4 
 COMMON         0x20000ad8       0x22 ./src/si570/ui_si570.o
                0x20000ad8                os
                0x20000af8                si570_address
 *fill*         0x20000afa        0x2 
 COMMON         0x20000afc       0xae ./src/hy28b/ui_lcd_hy28.o
                0x20000afc                ts
                0x20000ba4                lcd_cs_pio
                0x20000ba8                lcd_cs
 *fill*         0x20000baa        0x2 
 COMMON         0x20000bac    0x129e8 ./src/codec/audio.o
                0x20000bac                FIR_A
                0x20000bb8                right_buffer
                0x20000bf8                left_buffer
                0x20000c38                osc_i
                0x20000d38                lms1StateF32
                0x20001038                lms2StateF32
                0x20001338                lms1_instance
                0x20001348                errsig2
                0x2000144c                lms2_nr_delay
                0x2000248c                interpState
                0x2000254c                mono_buffer
                0x2000258c                errsig1
                0x20002690                FIR_Q
                0x2000269c                lms1NormCoeff_f32
                0x2000299c                lms2NormCoeff_f32
                0x20002c9c                osc_q
                0x20002d9c                sd
                0x20011a90                result
                0x20011b94                agc_delay
                0x200120d4                lms1Norm_instance
                0x200120ec                FIR_I
                0x200120f8                decimState
                0x200121b8                sm
                0x200121cc                lms1_nr_delay
                0x20012a0c                firState_A
                0x20012acc                lms2Norm_instance
                0x20012ae4                ads
                0x20013584                lms2_instance
 COMMON         0x20013594       0x10 ./src/codec/cyclesleep.o
                0x20013594                tot_cyc
                0x20013598                s_tot
                0x2001359c                DelayCyc1s
                0x200135a0                act_cyc
 COMMON         0x200135a4       0x84 ./src/codec/i2s.o
                0x200135a4                rxbuf
                0x200135a8                DMA_InitStructure2
                0x200135e4                szbuf
                0x200135e8                DMA_InitStructure
                0x20013624                txbuf
 COMMON         0x20013628        0x4 ./src/button/tm_stm32f4_delay.o
                0x20013628                mult
 COMMON         0x2001362c      0x654 ./src/main.o
                0x2001362c                rx_buffer
                0x2001372c                tx_buffer
                0x2001382c                df
                0x20013870                fc
 *(.bss_end .bss_end.*)
 .bss_end       0x20013c80        0x4 ./system/src/newlib/_startup.o
                0x20013c84                . = ALIGN (0x4)
                0x20013c84                __bss_end__ = .
                0x20013c84                _ebss = .

.noinit_CCMRAM
 *(.noinit.CCMRAM .noinit.CCMRAM.*)

.noinit         0x20013c84        0x0
                0x20013c84                _noinit = .
 *(.noinit .noinit.*)
                0x20013c84                . = ALIGN (0x4)
                0x20013c84                _end_noinit = .
                0x20013c84                PROVIDE (end, _end_noinit)
                0x20013c84                PROVIDE (_end, _end_noinit)
                0x20013c84                PROVIDE (__end, _end_noinit)
                0x20013c84                PROVIDE (__end__, _end_noinit)

._check_stack   0x20013c84      0x100
                0x20013d84                . = (. + _Minimum_Stack_Size)
 *fill*         0x20013c84      0x100 

.b1text
 *(.b1text)
 *(.b1rodata)
 *(.b1rodata.*)

.eb0text
 *(.eb0text)
 *(.eb0rodata)
 *(.eb0rodata.*)

.eb1text
 *(.eb1text)
 *(.eb1rodata)
 *(.eb1rodata.*)

.eb2text
 *(.eb2text)
 *(.eb2rodata)
 *(.eb2rodata.*)

.eb3text
 *(.eb3text)
 *(.eb3rodata)
 *(.eb3rodata.*)

.stab
 *(.stab)

.stabstr
 *(.stabstr)

.stab.excl
 *(.stab.excl)

.stab.exclstr
 *(.stab.exclstr)

.stab.index
 *(.stab.index)

.stab.indexstr
 *(.stab.indexstr)

.comment        0x00000000       0xa0
 *(.comment)
 .comment       0x00000000       0x70 ./system/src/stm32f4/stm32f4xx_dma.o
                                 0x71 (size before relaxing)
 .comment       0x00000000       0x71 ./system/src/stm32f4/stm32f4xx_gpio.o
 .comment       0x00000000       0x71 ./system/src/stm32f4/stm32f4xx_i2c.o
 .comment       0x00000000       0x71 ./system/src/stm32f4/stm32f4xx_rcc.o
 .comment       0x00000000       0x71 ./system/src/stm32f4/stm32f4xx_spi.o
 .comment       0x00000000       0x71 ./system/src/stm32f4/stm32f4xx_tim.o
 .comment       0x00000000       0x71 ./system/src/newlib/_exit.o
 .comment       0x00000000       0x71 ./system/src/newlib/_sbrk.o
 .comment       0x00000000       0x71 ./system/src/newlib/_startup.o
 .comment       0x00000000       0x71 ./system/src/newlib/_syscalls.o
 .comment       0x00000000       0x71 ./system/src/cortexm/_initialize_hardware.o
 .comment       0x00000000       0x71 ./system/src/cortexm/_reset_hardware.o
 .comment       0x00000000       0x71 ./system/src/cortexm/exception_handlers.o
 .comment       0x00000000       0x71 ./system/src/cmsis/system_stm32f4xx.o
 .comment       0x00000000       0x71 ./system/src/cmsis/vectors_stm32f407xx.o
 .comment       0x00000000       0x71 ./src/ui/ui.o
 .comment       0x00000000       0x71 ./src/stdio/printf.o
 .comment       0x00000000       0x71 ./src/si570/ui_si570.o
 .comment       0x00000000       0x71 ./src/ili9341/tm_stm32f4_dma.o
 .comment       0x00000000       0x71 ./src/ili9341/tm_stm32f4_gpio.o
 .comment       0x00000000       0x71 ./src/i2c/mchf_hw_i2c.o
 .comment       0x00000000       0x71 ./src/hy28b/ui_lcd_hy28.o
 .comment       0x00000000       0x71 ./src/hy28b/ui_lcd_hy28_fonts.o
 .comment       0x00000000       0x71 ./src/encoder/ui_rotary.o
 .comment       0x00000000       0x71 ./src/codec/audio.o
 .comment       0x00000000       0x71 ./src/codec/codec.o
 .comment       0x00000000       0x71 ./src/codec/cyclesleep.o
 .comment       0x00000000       0x71 ./src/codec/i2s.o
 .comment       0x00000000       0x71 ./src/button/tm_stm32f4_button.o
 .comment       0x00000000       0x71 ./src/button/tm_stm32f4_delay.o
 .comment       0x00000000       0x71 ./src/main.o
 .comment       0x00000070       0x30 C:\Users\itx\workspace\sdr\libs\libarm_cortexM4lf_math.a(arm_copy_q15.o)
                                 0x31 (size before relaxing)
 .comment       0x00000000       0x31 C:\Users\itx\workspace\sdr\libs\libarm_cortexM4lf_math.a(arm_copy_f32.o)
 .comment       0x00000000       0x31 C:\Users\itx\workspace\sdr\libs\libarm_cortexM4lf_math.a(arm_min_q15.o)
 .comment       0x00000000       0x31 C:\Users\itx\workspace\sdr\libs\libarm_cortexM4lf_math.a(arm_min_f32.o)
 .comment       0x00000000       0x31 C:\Users\itx\workspace\sdr\libs\libarm_cortexM4lf_math.a(arm_mean_q15.o)
 .comment       0x00000000       0x31 C:\Users\itx\workspace\sdr\libs\libarm_cortexM4lf_math.a(arm_mean_f32.o)
 .comment       0x00000000       0x31 C:\Users\itx\workspace\sdr\libs\libarm_cortexM4lf_math.a(arm_max_q15.o)
 .comment       0x00000000       0x31 C:\Users\itx\workspace\sdr\libs\libarm_cortexM4lf_math.a(arm_max_f32.o)
 .comment       0x00000000       0x31 C:\Users\itx\workspace\sdr\libs\libarm_cortexM4lf_math.a(arm_rfft_init_f32.o)
 .comment       0x00000000       0x31 C:\Users\itx\workspace\sdr\libs\libarm_cortexM4lf_math.a(arm_rfft_f32.o)
 .comment       0x00000000       0x31 C:\Users\itx\workspace\sdr\libs\libarm_cortexM4lf_math.a(arm_cfft_radix4_init_f32.o)
 .comment       0x00000000       0x31 C:\Users\itx\workspace\sdr\libs\libarm_cortexM4lf_math.a(arm_cfft_radix4_f32.o)
 .comment       0x00000000       0x31 C:\Users\itx\workspace\sdr\libs\libarm_cortexM4lf_math.a(arm_lms_norm_init_f32.o)
 .comment       0x00000000       0x31 C:\Users\itx\workspace\sdr\libs\libarm_cortexM4lf_math.a(arm_lms_norm_f32.o)
 .comment       0x00000000       0x31 C:\Users\itx\workspace\sdr\libs\libarm_cortexM4lf_math.a(arm_iir_lattice_f32.o)
 .comment       0x00000000       0x31 C:\Users\itx\workspace\sdr\libs\libarm_cortexM4lf_math.a(arm_fir_interpolate_f32.o)
 .comment       0x00000000       0x31 C:\Users\itx\workspace\sdr\libs\libarm_cortexM4lf_math.a(arm_fir_init_f32.o)
 .comment       0x00000000       0x31 C:\Users\itx\workspace\sdr\libs\libarm_cortexM4lf_math.a(arm_fir_f32.o)
 .comment       0x00000000       0x31 C:\Users\itx\workspace\sdr\libs\libarm_cortexM4lf_math.a(arm_fir_decimate_f32.o)
 .comment       0x00000000       0x31 C:\Users\itx\workspace\sdr\libs\libarm_cortexM4lf_math.a(arm_cmplx_mag_f32.o)
 .comment       0x00000000       0x31 C:\Users\itx\workspace\sdr\libs\libarm_cortexM4lf_math.a(arm_sin_f32.o)
 .comment       0x00000000       0x31 C:\Users\itx\workspace\sdr\libs\libarm_cortexM4lf_math.a(arm_cos_f32.o)
 .comment       0x00000000       0x31 C:\Users\itx\workspace\sdr\libs\libarm_cortexM4lf_math.a(arm_sub_f32.o)
 .comment       0x00000000       0x31 C:\Users\itx\workspace\sdr\libs\libarm_cortexM4lf_math.a(arm_scale_f32.o)
 .comment       0x00000000       0x31 C:\Users\itx\workspace\sdr\libs\libarm_cortexM4lf_math.a(arm_mult_f32.o)
 .comment       0x00000000       0x31 C:\Users\itx\workspace\sdr\libs\libarm_cortexM4lf_math.a(arm_add_f32.o)
 .comment       0x00000000       0x31 C:\Users\itx\workspace\sdr\libs\libarm_cortexM4lf_math.a(arm_common_tables.o)

.ARM.attributes
                0x00000000       0x3b
 .ARM.attributes
                0x00000000       0x39 ./system/src/stm32f4/stm32f4xx_dma.o
 .ARM.attributes
                0x00000039       0x39 ./system/src/stm32f4/stm32f4xx_gpio.o
 .ARM.attributes
                0x00000072       0x39 ./system/src/stm32f4/stm32f4xx_i2c.o
 .ARM.attributes
                0x000000ab       0x39 ./system/src/stm32f4/stm32f4xx_rcc.o
 .ARM.attributes
                0x000000e4       0x39 ./system/src/stm32f4/stm32f4xx_spi.o
 .ARM.attributes
                0x0000011d       0x39 ./system/src/stm32f4/stm32f4xx_tim.o
 .ARM.attributes
                0x00000156       0x39 ./system/src/newlib/_exit.o
 .ARM.attributes
                0x0000018f       0x39 ./system/src/newlib/_sbrk.o
 .ARM.attributes
                0x000001c8       0x39 ./system/src/newlib/_startup.o
 .ARM.attributes
                0x00000201       0x39 ./system/src/newlib/_syscalls.o
 .ARM.attributes
                0x0000023a       0x39 ./system/src/cortexm/_initialize_hardware.o
 .ARM.attributes
                0x00000273       0x39 ./system/src/cortexm/_reset_hardware.o
 .ARM.attributes
                0x000002ac       0x39 ./system/src/cortexm/exception_handlers.o
 .ARM.attributes
                0x000002e5       0x39 ./system/src/cmsis/system_stm32f4xx.o
 .ARM.attributes
                0x0000031e       0x39 ./system/src/cmsis/vectors_stm32f407xx.o
 .ARM.attributes
                0x00000357       0x39 ./src/ui/ui.o
 .ARM.attributes
                0x00000390       0x39 ./src/stdio/printf.o
 .ARM.attributes
                0x000003c9       0x39 ./src/si570/ui_si570.o
 .ARM.attributes
                0x00000402       0x39 ./src/ili9341/tm_stm32f4_dma.o
 .ARM.attributes
                0x0000043b       0x39 ./src/ili9341/tm_stm32f4_gpio.o
 .ARM.attributes
                0x00000474       0x39 ./src/i2c/mchf_hw_i2c.o
 .ARM.attributes
                0x000004ad       0x39 ./src/hy28b/ui_lcd_hy28.o
 .ARM.attributes
                0x000004e6       0x39 ./src/hy28b/ui_lcd_hy28_fonts.o
 .ARM.attributes
                0x0000051f       0x39 ./src/encoder/ui_rotary.o
 .ARM.attributes
                0x00000558       0x39 ./src/codec/audio.o
 .ARM.attributes
                0x00000591       0x39 ./src/codec/codec.o
 .ARM.attributes
                0x000005ca       0x39 ./src/codec/cyclesleep.o
 .ARM.attributes
                0x00000603       0x39 ./src/codec/i2s.o
 .ARM.attributes
                0x0000063c       0x39 ./src/button/tm_stm32f4_button.o
 .ARM.attributes
                0x00000675       0x39 ./src/button/tm_stm32f4_delay.o
 .ARM.attributes
                0x000006ae       0x39 ./src/main.o
 .ARM.attributes
                0x000006e7       0x3b C:\Users\itx\workspace\sdr\libs\libarm_cortexM4lf_math.a(arm_copy_q15.o)
 .ARM.attributes
                0x00000722       0x3b C:\Users\itx\workspace\sdr\libs\libarm_cortexM4lf_math.a(arm_copy_f32.o)
 .ARM.attributes
                0x0000075d       0x3b C:\Users\itx\workspace\sdr\libs\libarm_cortexM4lf_math.a(arm_min_q15.o)
 .ARM.attributes
                0x00000798       0x3b C:\Users\itx\workspace\sdr\libs\libarm_cortexM4lf_math.a(arm_min_f32.o)
 .ARM.attributes
                0x000007d3       0x3b C:\Users\itx\workspace\sdr\libs\libarm_cortexM4lf_math.a(arm_mean_q15.o)
 .ARM.attributes
                0x0000080e       0x3b C:\Users\itx\workspace\sdr\libs\libarm_cortexM4lf_math.a(arm_mean_f32.o)
 .ARM.attributes
                0x00000849       0x3b C:\Users\itx\workspace\sdr\libs\libarm_cortexM4lf_math.a(arm_max_q15.o)
 .ARM.attributes
                0x00000884       0x3b C:\Users\itx\workspace\sdr\libs\libarm_cortexM4lf_math.a(arm_max_f32.o)
 .ARM.attributes
                0x000008bf       0x3b C:\Users\itx\workspace\sdr\libs\libarm_cortexM4lf_math.a(arm_rfft_init_f32.o)
 .ARM.attributes
                0x000008fa       0x3b C:\Users\itx\workspace\sdr\libs\libarm_cortexM4lf_math.a(arm_rfft_f32.o)
 .ARM.attributes
                0x00000935       0x3b C:\Users\itx\workspace\sdr\libs\libarm_cortexM4lf_math.a(arm_cfft_radix4_init_f32.o)
 .ARM.attributes
                0x00000970       0x3b C:\Users\itx\workspace\sdr\libs\libarm_cortexM4lf_math.a(arm_cfft_radix4_f32.o)
 .ARM.attributes
                0x000009ab       0x3b C:\Users\itx\workspace\sdr\libs\libarm_cortexM4lf_math.a(arm_lms_norm_init_f32.o)
 .ARM.attributes